Archive member included to satisfy reference by file (symbol)

D:/An3 sem2/P2_STM/Program/Aplicatia_CubeCLT/STM32CubeCLT_1.18.0/GNU-tools-for-STM32/bin/../lib/gcc/arm-none-eabi/13.3.1/../../../../arm-none-eabi/lib/thumb/v7-m/nofp\libc_nano.a(libc_a-exit.o)
                              D:/An3 sem2/P2_STM/Program/Aplicatia_CubeCLT/STM32CubeCLT_1.18.0/GNU-tools-for-STM32/bin/../lib/gcc/arm-none-eabi/13.3.1/../../../../arm-none-eabi/lib/thumb/v7-m/nofp/crt0.o (exit)
D:/An3 sem2/P2_STM/Program/Aplicatia_CubeCLT/STM32CubeCLT_1.18.0/GNU-tools-for-STM32/bin/../lib/gcc/arm-none-eabi/13.3.1/../../../../arm-none-eabi/lib/thumb/v7-m/nofp\libc_nano.a(libc_a-nano-vfprintf_float.o)
                              (_printf_float)
D:/An3 sem2/P2_STM/Program/Aplicatia_CubeCLT/STM32CubeCLT_1.18.0/GNU-tools-for-STM32/bin/../lib/gcc/arm-none-eabi/13.3.1/../../../../arm-none-eabi/lib/thumb/v7-m/nofp\libc_nano.a(libc_a-nano-vfprintf_i.o)
                              D:/An3 sem2/P2_STM/Program/Aplicatia_CubeCLT/STM32CubeCLT_1.18.0/GNU-tools-for-STM32/bin/../lib/gcc/arm-none-eabi/13.3.1/../../../../arm-none-eabi/lib/thumb/v7-m/nofp\libc_nano.a(libc_a-nano-vfprintf_float.o) (_printf_common)
D:/An3 sem2/P2_STM/Program/Aplicatia_CubeCLT/STM32CubeCLT_1.18.0/GNU-tools-for-STM32/bin/../lib/gcc/arm-none-eabi/13.3.1/../../../../arm-none-eabi/lib/thumb/v7-m/nofp\libc_nano.a(libc_a-findfp.o)
                              D:/An3 sem2/P2_STM/Program/Aplicatia_CubeCLT/STM32CubeCLT_1.18.0/GNU-tools-for-STM32/bin/../lib/gcc/arm-none-eabi/13.3.1/../../../../arm-none-eabi/lib/thumb/v7-m/nofp\libc_nano.a(libc_a-exit.o) (__stdio_exit_handler)
D:/An3 sem2/P2_STM/Program/Aplicatia_CubeCLT/STM32CubeCLT_1.18.0/GNU-tools-for-STM32/bin/../lib/gcc/arm-none-eabi/13.3.1/../../../../arm-none-eabi/lib/thumb/v7-m/nofp\libc_nano.a(libc_a-fwalk.o)
                              D:/An3 sem2/P2_STM/Program/Aplicatia_CubeCLT/STM32CubeCLT_1.18.0/GNU-tools-for-STM32/bin/../lib/gcc/arm-none-eabi/13.3.1/../../../../arm-none-eabi/lib/thumb/v7-m/nofp\libc_nano.a(libc_a-findfp.o) (_fwalk_sglue)
D:/An3 sem2/P2_STM/Program/Aplicatia_CubeCLT/STM32CubeCLT_1.18.0/GNU-tools-for-STM32/bin/../lib/gcc/arm-none-eabi/13.3.1/../../../../arm-none-eabi/lib/thumb/v7-m/nofp\libc_nano.a(libc_a-printf.o)
                              build/main.o (printf)
D:/An3 sem2/P2_STM/Program/Aplicatia_CubeCLT/STM32CubeCLT_1.18.0/GNU-tools-for-STM32/bin/../lib/gcc/arm-none-eabi/13.3.1/../../../../arm-none-eabi/lib/thumb/v7-m/nofp\libc_nano.a(libc_a-puts.o)
                              build/main.o (puts)
D:/An3 sem2/P2_STM/Program/Aplicatia_CubeCLT/STM32CubeCLT_1.18.0/GNU-tools-for-STM32/bin/../lib/gcc/arm-none-eabi/13.3.1/../../../../arm-none-eabi/lib/thumb/v7-m/nofp\libc_nano.a(libc_a-stdio.o)
                              D:/An3 sem2/P2_STM/Program/Aplicatia_CubeCLT/STM32CubeCLT_1.18.0/GNU-tools-for-STM32/bin/../lib/gcc/arm-none-eabi/13.3.1/../../../../arm-none-eabi/lib/thumb/v7-m/nofp\libc_nano.a(libc_a-findfp.o) (__sread)
D:/An3 sem2/P2_STM/Program/Aplicatia_CubeCLT/STM32CubeCLT_1.18.0/GNU-tools-for-STM32/bin/../lib/gcc/arm-none-eabi/13.3.1/../../../../arm-none-eabi/lib/thumb/v7-m/nofp\libc_nano.a(libc_a-wbuf.o)
                              D:/An3 sem2/P2_STM/Program/Aplicatia_CubeCLT/STM32CubeCLT_1.18.0/GNU-tools-for-STM32/bin/../lib/gcc/arm-none-eabi/13.3.1/../../../../arm-none-eabi/lib/thumb/v7-m/nofp\libc_nano.a(libc_a-puts.o) (__swbuf_r)
D:/An3 sem2/P2_STM/Program/Aplicatia_CubeCLT/STM32CubeCLT_1.18.0/GNU-tools-for-STM32/bin/../lib/gcc/arm-none-eabi/13.3.1/../../../../arm-none-eabi/lib/thumb/v7-m/nofp\libc_nano.a(libc_a-wsetup.o)
                              D:/An3 sem2/P2_STM/Program/Aplicatia_CubeCLT/STM32CubeCLT_1.18.0/GNU-tools-for-STM32/bin/../lib/gcc/arm-none-eabi/13.3.1/../../../../arm-none-eabi/lib/thumb/v7-m/nofp\libc_nano.a(libc_a-puts.o) (__swsetup_r)
D:/An3 sem2/P2_STM/Program/Aplicatia_CubeCLT/STM32CubeCLT_1.18.0/GNU-tools-for-STM32/bin/../lib/gcc/arm-none-eabi/13.3.1/../../../../arm-none-eabi/lib/thumb/v7-m/nofp\libc_nano.a(libc_a-memset.o)
                              D:/An3 sem2/P2_STM/Program/Aplicatia_CubeCLT/STM32CubeCLT_1.18.0/GNU-tools-for-STM32/bin/../lib/gcc/arm-none-eabi/13.3.1/../../../../arm-none-eabi/lib/thumb/v7-m/nofp/crt0.o (memset)
D:/An3 sem2/P2_STM/Program/Aplicatia_CubeCLT/STM32CubeCLT_1.18.0/GNU-tools-for-STM32/bin/../lib/gcc/arm-none-eabi/13.3.1/../../../../arm-none-eabi/lib/thumb/v7-m/nofp\libc_nano.a(libc_a-localeconv.o)
                              D:/An3 sem2/P2_STM/Program/Aplicatia_CubeCLT/STM32CubeCLT_1.18.0/GNU-tools-for-STM32/bin/../lib/gcc/arm-none-eabi/13.3.1/../../../../arm-none-eabi/lib/thumb/v7-m/nofp\libc_nano.a(libc_a-nano-vfprintf_float.o) (_localeconv_r)
D:/An3 sem2/P2_STM/Program/Aplicatia_CubeCLT/STM32CubeCLT_1.18.0/GNU-tools-for-STM32/bin/../lib/gcc/arm-none-eabi/13.3.1/../../../../arm-none-eabi/lib/thumb/v7-m/nofp\libc_nano.a(libc_a-closer.o)
[...]
Memory Configuration

Name             Origin             Length             Attributes
RAM              0x20000000         0x00005000         xrw
FLASH            0x08000000         0x00020000         xr
*default*        0x00000000         0xffffffff

Linker script and memory map

LOAD D:/An3 sem2/P2_STM/Program/Aplicatia_CubeCLT/STM32CubeCLT_1.18.0/GNU-tools-for-STM32/bin/../lib/gcc/arm-none-eabi/13.3.1/thumb/v7-m/nofp/crti.o
LOAD D:/An3 sem2/P2_STM/Program/Aplicatia_CubeCLT/STM32CubeCLT_1.18.0/GNU-tools-for-STM32/bin/../lib/gcc/arm-none-eabi/13.3.1/thumb/v7-m/nofp/crtbegin.o
LOAD D:/An3 sem2/P2_STM/Program/Aplicatia_CubeCLT/STM32CubeCLT_1.18.0/GNU-tools-for-STM32/bin/../lib/gcc/arm-none-eabi/13.3.1/../../../../arm-none-eabi/lib/thumb/v7-m/nofp/crt0.o
LOAD build/main.o
LOAD build/stm32f1xx_it.o
LOAD build/stm32f1xx_hal_msp.o
LOAD build/stm32f1xx_hal_gpio_ex.o
LOAD build/stm32f1xx_hal_adc.o
LOAD build/stm32f1xx_hal_adc_ex.o
LOAD build/stm32f1xx_hal.o
LOAD build/stm32f1xx_hal_rcc.o
LOAD build/stm32f1xx_hal_rcc_ex.o
LOAD build/stm32f1xx_hal_gpio.o
LOAD build/stm32f1xx_hal_dma.o
LOAD build/stm32f1xx_hal_cortex.o
LOAD build/stm32f1xx_hal_pwr.o
LOAD build/stm32f1xx_hal_flash.o
LOAD build/stm32f1xx_hal_flash_ex.o
LOAD build/stm32f1xx_hal_exti.o
LOAD build/stm32f1xx_hal_uart.o
LOAD build/stm32f1xx_hal_pcd.o
LOAD build/stm32f1xx_hal_pcd_ex.o
LOAD build/stm32f1xx_ll_usb.o
LOAD build/system_stm32f1xx.o
LOAD build/startup_stm32f103xb.o
LOAD D:/An3 sem2/P2_STM/Program/Aplicatia_CubeCLT/STM32CubeCLT_1.18.0/GNU-tools-for-STM32/bin/../lib/gcc/arm-none-eabi/13.3.1/../../../../arm-none-eabi/lib/thumb/v7-m/nofp\libc_nano.a
LOAD D:/An3 sem2/P2_STM/Program/Aplicatia_CubeCLT/STM32CubeCLT_1.18.0/GNU-tools-for-STM32/bin/../lib/gcc/arm-none-eabi/13.3.1/../../../../arm-none-eabi/lib/thumb/v7-m/nofp\libm.a
LOAD D:/An3 sem2/P2_STM/Program/Aplicatia_CubeCLT/STM32CubeCLT_1.18.0/GNU-tools-for-STM32/bin/../lib/gcc/arm-none-eabi/13.3.1/../../../../arm-none-eabi/lib/thumb/v7-m/nofp\libnosys.a
START GROUP
LOAD D:/An3 sem2/P2_STM/Program/Aplicatia_CubeCLT/STM32CubeCLT_1.18.0/GNU-tools-for-STM32/bin/../lib/gcc/arm-none-eabi/13.3.1/thumb/v7-m/nofp\libgcc.a
LOAD D:/An3 sem2/P2_STM/Program/Aplicatia_CubeCLT/STM32CubeCLT_1.18.0/GNU-tools-for-STM32/bin/../lib/gcc/arm-none-eabi/13.3.1/../../../../arm-none-eabi/lib/thumb/v7-m/nofp\libc_nano.a
END GROUP
START GROUP
LOAD D:/An3 sem2/P2_STM/Program/Aplicatia_CubeCLT/STM32CubeCLT_1.18.0/GNU-tools-for-STM32/bin/../lib/gcc/arm-none-eabi/13.3.1/thumb/v7-m/nofp\libgcc.a
LOAD D:/An3 sem2/P2_STM/Program/Aplicatia_CubeCLT/STM32CubeCLT_1.18.0/GNU-tools-for-STM32/bin/../lib/gcc/arm-none-eabi/13.3.1/../../../../arm-none-eabi/lib/thumb/v7-m/nofp\libc_nano.a
END GROUP
LOAD D:/An3 sem2/P2_STM/Program/Aplicatia_CubeCLT/STM32CubeCLT_1.18.0/GNU-tools-for-STM32/bin/../lib/gcc/arm-none-eabi/13.3.1/thumb/v7-m/nofp/crtend.o
LOAD D:/An3 sem2/P2_STM/Program/Aplicatia_CubeCLT/STM32CubeCLT_1.18.0/GNU-tools-for-STM32/bin/../lib/gcc/arm-none-eabi/13.3.1/thumb/v7-m/nofp/crtn.o
                0x20005000                        _estack = (ORIGIN (RAM) + LENGTH (RAM))
                0x00000200                        _Min_Heap_Size = 0x200
                0x00000400                        _Min_Stack_Size = 0x400

.isr_vector     0x08000000      0x10c
                0x08000000                        . = ALIGN (0x4)
 *(.isr_vector)
 .isr_vector    0x08000000      0x10c build/startup_stm32f103xb.o
                0x08000000                g_pfnVectors
                0x0800010c                        . = ALIGN (0x4)

.text           0x08000110     0x5e98
                0x08000110                        . = ALIGN (0x4)
 *(.text)
 .text          0x08000110       0x40 D:/An3 sem2/P2_STM/Program/Aplicatia_CubeCLT/STM32CubeCLT_1.18.0/GNU-tools-for-STM32/bin/../lib/gcc/arm-none-eabi/13.3.1/thumb/v7-m/nofp/crtbegin.o
 .text          0x08000150       0x10 D:/An3 sem2/P2_STM/Program/Aplicatia_CubeCLT/STM32CubeCLT_1.18.0/GNU-tools-for-STM32/bin/../lib/gcc/arm-none-eabi/13.3.1/../../../../arm-none-eabi/lib/thumb/v7-m/nofp\libc_nano.a(libc_a-strlen.o)
                0x08000150                strlen
 .text          0x08000160      0x378 D:/An3 sem2/P2_STM/Program/Aplicatia_CubeCLT/STM32CubeCLT_1.18.0/GNU-tools-for-STM32/bin/../lib/gcc/arm-none-eabi/13.3.1/thumb/v7-m/nofp\libgcc.a(_arm_addsubdf3.o)
                0x08000160                __aeabi_drsub
                0x08000168                __aeabi_dsub
                0x08000168                __subdf3
                0x0800016c                __aeabi_dadd
                0x0800016c                __adddf3
                0x080003e4                __floatunsidf
                0x080003e4                __aeabi_ui2d
                0x08000404                __floatsidf
                0x08000404                __aeabi_i2d
                0x08000428                __aeabi_f2d
                0x08000428                __extendsfdf2
                0x0800046c                __floatundidf
                0x0800046c                __aeabi_ul2d
                0x0800047c                __floatdidf
                0x0800047c                __aeabi_l2d
 .text          0x080004d8      0x424 D:/An3 sem2/P2_STM/Program/Aplicatia_CubeCLT/STM32CubeCLT_1.18.0/GNU-tools-for-STM32/bin/../lib/gcc/arm-none-eabi/13.3.1/thumb/v7-m/nofp\libgcc.a(_arm_muldivdf3.o)
                0x080004d8                __aeabi_dmul
                0x080004d8                __muldf3
                0x0800072c                __divdf3
                0x0800072c                __aeabi_ddiv
 .text          0x080008fc      0x110 D:/An3 sem2/P2_STM/Program/Aplicatia_CubeCLT/STM32CubeCLT_1.18.0/GNU-tools-for-STM32/bin/../lib/gcc/arm-none-eabi/13.3.1/thumb/v7-m/nofp\libgcc.a(_arm_cmpdf2.o)
                0x080008fc                __gtdf2
                0x080008fc                __gedf2
                0x08000904                __ltdf2
                0x08000904                __ledf2
                0x0800090c                __nedf2
                0x0800090c                __eqdf2
                0x0800090c                __cmpdf2
                0x08000988                __aeabi_cdrcmple
                0x08000998                __aeabi_cdcmpeq
                0x08000998                __aeabi_cdcmple
                0x080009a8                __aeabi_dcmpeq
                0x080009bc                __aeabi_dcmplt
                0x080009d0                __aeabi_dcmple
                0x080009e4                __aeabi_dcmpge
                0x080009f8                __aeabi_dcmpgt
 .text          0x08000a0c       0x2c D:/An3 sem2/P2_STM/Program/Aplicatia_CubeCLT/STM32CubeCLT_1.18.0/GNU-tools-for-STM32/bin/../lib/gcc/arm-none-eabi/13.3.1/thumb/v7-m/nofp\libgcc.a(_arm_unorddf2.o)
                0x08000a0c                __unorddf2
                0x08000a0c                __aeabi_dcmpun
 .text          0x08000a38       0x50 D:/An3 sem2/P2_STM/Program/Aplicatia_CubeCLT/STM32CubeCLT_1.18.0/GNU-tools-for-STM32/bin/../lib/gcc/arm-none-eabi/13.3.1/thumb/v7-m/nofp\libgcc.a(_arm_fixdfsi.o)
                0x08000a38                __aeabi_d2iz
                0x08000a38                __fixdfsi
 .text          0x08000a88       0xa0 D:/An3 sem2/P2_STM/Program/Aplicatia_CubeCLT/STM32CubeCLT_1.18.0/GNU-tools-for-STM32/bin/../lib/gcc/arm-none-eabi/13.3.1/thumb/v7-m/nofp\libgcc.a(_arm_truncdfsf2.o)
                0x08000a88                __truncdfsf2
                0x08000a88                __aeabi_d2f
 .text          0x08000b28      0x21c D:/An3 sem2/P2_STM/Program/Aplicatia_CubeCLT/STM32CubeCLT_1.18.0/GNU-tools-for-STM32/bin/../lib/gcc/arm-none-eabi/13.3.1/thumb/v7-m/nofp\libgcc.a(_arm_addsubsf3.o)
                0x08000b28                __aeabi_frsub
                0x08000b30                __subsf3
                0x08000b30                __aeabi_fsub
                0x08000b34                __aeabi_fadd
                0x08000b34                __addsf3
                0x08000c94                __aeabi_ui2f
                0x08000c94                __floatunsisf
                0x08000c9c                __aeabi_i2f
                0x08000c9c                __floatsisf
                0x08000cb8                __aeabi_ul2f
                0x08000cb8                __floatundisf
                0x08000cc8                __aeabi_l2f
                0x08000cc8                __floatdisf
 .text          0x08000d44      0x2a0 D:/An3 sem2/P2_STM/Program/Aplicatia_CubeCLT/STM32CubeCLT_1.18.0/GNU-tools-for-STM32/bin/../lib/gcc/arm-none-eabi/13.3.1/thumb/v7-m/nofp\libgcc.a(_arm_muldivsf3.o)
                0x08000d44                __mulsf3
                0x08000d44                __aeabi_fmul
                0x08000eac                __aeabi_fdiv
                0x08000eac                __divsf3
 .text          0x08000fe4       0xec D:/An3 sem2/P2_STM/Program/Aplicatia_CubeCLT/STM32CubeCLT_1.18.0/GNU-tools-for-STM32/bin/../lib/gcc/arm-none-eabi/13.3.1/thumb/v7-m/nofp\libgcc.a(_arm_cmpsf2.o)
                0x08000fe4                __gesf2
                0x08000fe4                __gtsf2
                0x08000fec                __lesf2
                0x08000fec                __ltsf2
                0x08000ff4                __nesf2
                0x08000ff4                __eqsf2
                0x08000ff4                __cmpsf2
                0x08001054                __aeabi_cfrcmple
                0x0800105c                __aeabi_cfcmpeq
                0x0800105c                __aeabi_cfcmple
                0x0800106c                __aeabi_fcmpeq
                0x08001080                __aeabi_fcmplt
                0x08001094                __aeabi_fcmple
                0x080010a8                __aeabi_fcmpge
                0x080010bc                __aeabi_fcmpgt
 *(.text*)
 .text.MX_GPIO_Init
                0x080010d0       0x30 build/main.o
 .text._write   0x08001100       0x18 build/main.o
                0x08001100                _write
 .text.Error_Handler
                0x08001118        0x4 build/main.o
                0x08001118                Error_Handler
 .text.MX_ADC1_Init
                0x0800111c       0x88 build/main.o
 .text.MX_USART1_UART_Init
                0x080011a4       0x34 build/main.o
 .text.MX_USB_PCD_Init
                0x080011d8       0x2c build/main.o
 .text.SystemClock_Config
                0x08001204       0x88 build/main.o
                0x08001204                SystemClock_Config
 *fill*         0x0800128c        0x4 
 .text.main     0x08001290      0x32c build/main.o
                0x08001290                main
 .text.NMI_Handler
                0x080015bc        0x2 build/stm32f1xx_it.o
                0x080015bc                NMI_Handler
 .text.HardFault_Handler
                0x080015be        0x2 build/stm32f1xx_it.o
                0x080015be                HardFault_Handler
 .text.MemManage_Handler
                0x080015c0        0x2 build/stm32f1xx_it.o
                0x080015c0                MemManage_Handler
 .text.BusFault_Handler
                0x080015c2        0x2 build/stm32f1xx_it.o
                0x080015c2                BusFault_Handler
 .text.UsageFault_Handler
                0x080015c4        0x2 build/stm32f1xx_it.o
                0x080015c4                UsageFault_Handler
 .text.SVC_Handler
                0x080015c6        0x2 build/stm32f1xx_it.o
                0x080015c6                SVC_Handler
 .text.DebugMon_Handler
                0x080015c8        0x2 build/stm32f1xx_it.o
                0x080015c8                DebugMon_Handler
 .text.PendSV_Handler
                0x080015ca        0x2 build/stm32f1xx_it.o
                0x080015ca                PendSV_Handler
 .text.SysTick_Handler
                0x080015cc        0x8 build/stm32f1xx_it.o
                0x080015cc                SysTick_Handler
 .text.USART1_IRQHandler
                0x080015d4       0x10 build/stm32f1xx_it.o
                0x080015d4                USART1_IRQHandler
 .text.HAL_MspInit
                0x080015e4       0x44 build/stm32f1xx_hal_msp.o
                0x080015e4                HAL_MspInit
 .text.HAL_ADC_MspInit
                0x08001628       0x60 build/stm32f1xx_hal_msp.o
                0x08001628                HAL_ADC_MspInit
 .text.HAL_UART_MspInit
                0x08001688       0x88 build/stm32f1xx_hal_msp.o
                0x08001688                HAL_UART_MspInit
 .text.HAL_PCD_MspInit
                0x08001710       0x2c build/stm32f1xx_hal_msp.o
                0x08001710                HAL_PCD_MspInit
 .text.HAL_ADC_PollForConversion
                0x0800173c      0x184 build/stm32f1xx_hal_adc.o
                0x0800173c                HAL_ADC_PollForConversion
 .text.HAL_ADC_GetValue
                0x080018c0        0x6 build/stm32f1xx_hal_adc.o
                0x080018c0                HAL_ADC_GetValue
 *fill*         0x080018c6        0x2 
 .text.HAL_ADC_ConfigChannel
                0x080018c8      0x140 build/stm32f1xx_hal_adc.o
                0x080018c8                HAL_ADC_ConfigChannel
 .text.ADC_Enable
                0x08001a08       0x88 build/stm32f1xx_hal_adc.o
                0x08001a08                ADC_Enable
 .text.HAL_ADC_Start
                0x08001a90       0xe8 build/stm32f1xx_hal_adc.o
                0x08001a90                HAL_ADC_Start
 .text.ADC_ConversionStop_Disable
                0x08001b78       0x56 build/stm32f1xx_hal_adc.o
                0x08001b78                ADC_ConversionStop_Disable
 *fill*         0x08001bce        0x2 
 .text.HAL_ADC_Init
                0x08001bd0      0x108 build/stm32f1xx_hal_adc.o
                0x08001bd0                HAL_ADC_Init
 .text.HAL_InitTick
                0x08001cd8       0x4c build/stm32f1xx_hal.o
                0x08001cd8                HAL_InitTick
 .text.HAL_Init
                0x08001d24       0x24 build/stm32f1xx_hal.o
                0x08001d24                HAL_Init
 .text.HAL_IncTick
                0x08001d48       0x18 build/stm32f1xx_hal.o
                0x08001d48                HAL_IncTick
 .text.HAL_GetTick
                0x08001d60        0xc build/stm32f1xx_hal.o
                0x08001d60                HAL_GetTick
 .text.HAL_Delay
                0x08001d6c       0x28 build/stm32f1xx_hal.o
                0x08001d6c                HAL_Delay
 .text.RCC_Delay
                0x08001d94       0x2c build/stm32f1xx_hal_rcc.o
 .text.HAL_RCC_OscConfig
                0x08001dc0      0x410 build/stm32f1xx_hal_rcc.o
                0x08001dc0                HAL_RCC_OscConfig
 .text.HAL_RCC_GetSysClockFreq
                0x080021d0       0x54 build/stm32f1xx_hal_rcc.o
                0x080021d0                HAL_RCC_GetSysClockFreq
 .text.HAL_RCC_ClockConfig
                0x08002224      0x16c build/stm32f1xx_hal_rcc.o
                0x08002224                HAL_RCC_ClockConfig
 .text.HAL_RCC_GetHCLKFreq
                0x08002390        0xc build/stm32f1xx_hal_rcc.o
                0x08002390                HAL_RCC_GetHCLKFreq
 .text.HAL_RCC_GetPCLK1Freq
                0x0800239c       0x20 build/stm32f1xx_hal_rcc.o
                0x0800239c                HAL_RCC_GetPCLK1Freq
 .text.HAL_RCC_GetPCLK2Freq
                0x080023bc       0x20 build/stm32f1xx_hal_rcc.o
                0x080023bc                HAL_RCC_GetPCLK2Freq
 .text.HAL_RCCEx_PeriphCLKConfig
                0x080023dc      0x118 build/stm32f1xx_hal_rcc_ex.o
                0x080023dc                HAL_RCCEx_PeriphCLKConfig
 .text.HAL_RCCEx_GetPeriphCLKFreq
                0x080024f4       0xd8 build/stm32f1xx_hal_rcc_ex.o
                0x080024f4                HAL_RCCEx_GetPeriphCLKFreq
 .text.HAL_GPIO_Init
                0x080025cc      0x21c build/stm32f1xx_hal_gpio.o
                0x080025cc                HAL_GPIO_Init
 .text.HAL_DMA_Abort
                0x080027e8       0x46 build/stm32f1xx_hal_dma.o
                0x080027e8                HAL_DMA_Abort
 *fill*         0x0800282e        0x2 
 .text.HAL_DMA_Abort_IT
                0x08002830       0x98 build/stm32f1xx_hal_dma.o
                0x08002830                HAL_DMA_Abort_IT
 .text.__NVIC_SetPriority
                0x080028c8       0x28 build/stm32f1xx_hal_cortex.o
 .text.NVIC_EncodePriority
                0x080028f0       0x3e build/stm32f1xx_hal_cortex.o
 *fill*         0x0800292e        0x2 
 .text.HAL_NVIC_SetPriorityGrouping
                0x08002930       0x24 build/stm32f1xx_hal_cortex.o
                0x08002930                HAL_NVIC_SetPriorityGrouping
 .text.HAL_NVIC_SetPriority
                0x08002954       0x20 build/stm32f1xx_hal_cortex.o
                0x08002954                HAL_NVIC_SetPriority
 .text.HAL_NVIC_EnableIRQ
                0x08002974       0x1c build/stm32f1xx_hal_cortex.o
                0x08002974                HAL_NVIC_EnableIRQ
 .text.HAL_SYSTICK_Config
                0x08002990       0x28 build/stm32f1xx_hal_cortex.o
                0x08002990                HAL_SYSTICK_Config
 .text.UART_EndRxTransfer
                0x080029b8       0x5c build/stm32f1xx_hal_uart.o
 .text.UART_Transmit_IT
                0x08002a14       0x60 build/stm32f1xx_hal_uart.o
 .text.UART_SetConfig
                0x08002a74       0x94 build/stm32f1xx_hal_uart.o
 .text.UART_WaitOnFlagUntilTimeout
                0x08002b08       0x86 build/stm32f1xx_hal_uart.o
 .text.HAL_UART_Init
                0x08002b8e       0x60 build/stm32f1xx_hal_uart.o
                0x08002b8e                HAL_UART_Init
 .text.HAL_UART_Transmit
                0x08002bee       0xcc build/stm32f1xx_hal_uart.o
                0x08002bee                HAL_UART_Transmit
 .text.HAL_UART_TxCpltCallback
                0x08002cba        0x2 build/stm32f1xx_hal_uart.o
                0x08002cba                HAL_UART_TxCpltCallback
 .text.UART_EndTransmit_IT
                0x08002cbc       0x1a build/stm32f1xx_hal_uart.o
 .text.HAL_UART_RxCpltCallback
                0x08002cd6        0x2 build/stm32f1xx_hal_uart.o
                0x08002cd6                HAL_UART_RxCpltCallback
 .text.HAL_UART_ErrorCallback
                0x08002cd8        0x2 build/stm32f1xx_hal_uart.o
                0x08002cd8                HAL_UART_ErrorCallback
 .text.UART_DMAAbortOnError
                0x08002cda       0x10 build/stm32f1xx_hal_uart.o
 .text.HAL_UARTEx_RxEventCallback
                0x08002cea        0x2 build/stm32f1xx_hal_uart.o
                0x08002cea                HAL_UARTEx_RxEventCallback
 .text.UART_Receive_IT
                0x08002cec       0xe6 build/stm32f1xx_hal_uart.o
 *fill*         0x08002dd2        0x2 
 .text.HAL_UART_IRQHandler
                0x08002dd4      0x284 build/stm32f1xx_hal_uart.o
                0x08002dd4                HAL_UART_IRQHandler
 .text.HAL_PCD_Init
                0x08003058       0xe8 build/stm32f1xx_hal_pcd.o
                0x08003058                HAL_PCD_Init
 .text.USB_CoreInit
                0x08003140        0xe build/stm32f1xx_ll_usb.o
                0x08003140                USB_CoreInit
 .text.USB_DisableGlobalInt
                0x0800314e       0x14 build/stm32f1xx_ll_usb.o
                0x0800314e                USB_DisableGlobalInt
 .text.USB_SetCurrentMode
                0x08003162        0x4 build/stm32f1xx_ll_usb.o
                0x08003162                USB_SetCurrentMode
 .text.USB_DevInit
                0x08003166       0x22 build/stm32f1xx_ll_usb.o
                0x08003166                USB_DevInit
 .text.USB_DevDisconnect
                0x08003188        0x4 build/stm32f1xx_ll_usb.o
                0x08003188                USB_DevDisconnect
 .text.SystemInit
                0x0800318c        0x2 build/system_stm32f1xx.o
                0x0800318c                SystemInit
 *fill*         0x0800318e        0x2 
 .text.Reset_Handler
                0x08003190       0x48 build/startup_stm32f103xb.o
                0x08003190                Reset_Handler
 .text.Default_Handler
                0x080031d8        0x2 build/startup_stm32f103xb.o
                0x080031d8                RTC_Alarm_IRQHandler
                0x080031d8                EXTI2_IRQHandler
                0x080031d8                TIM1_CC_IRQHandler
                0x080031d8                PVD_IRQHandler
                0x080031d8                EXTI3_IRQHandler
                0x080031d8                EXTI0_IRQHandler
                0x080031d8                I2C2_EV_IRQHandler
                0x080031d8                ADC1_2_IRQHandler
                0x080031d8                SPI1_IRQHandler
                0x080031d8                TAMPER_IRQHandler
                0x080031d8                DMA1_Channel4_IRQHandler
                0x080031d8                USART3_IRQHandler
                0x080031d8                RTC_IRQHandler
                0x080031d8                DMA1_Channel7_IRQHandler
                0x080031d8                CAN1_RX1_IRQHandler
                0x080031d8                TIM4_IRQHandler
                0x080031d8                I2C1_EV_IRQHandler
                0x080031d8                DMA1_Channel6_IRQHandler
                0x080031d8                TIM3_IRQHandler
                0x080031d8                RCC_IRQHandler
                0x080031d8                TIM1_TRG_COM_IRQHandler
                0x080031d8                DMA1_Channel1_IRQHandler
                0x080031d8                Default_Handler
                0x080031d8                EXTI15_10_IRQHandler
                0x080031d8                EXTI9_5_IRQHandler
                0x080031d8                SPI2_IRQHandler
                0x080031d8                DMA1_Channel5_IRQHandler
                0x080031d8                EXTI4_IRQHandler
                0x080031d8                USB_LP_CAN1_RX0_IRQHandler
                0x080031d8                USB_HP_CAN1_TX_IRQHandler
                0x080031d8                DMA1_Channel3_IRQHandler
                0x080031d8                TIM1_UP_IRQHandler
                0x080031d8                WWDG_IRQHandler
                0x080031d8                TIM2_IRQHandler
                0x080031d8                TIM1_BRK_IRQHandler
                0x080031d8                EXTI1_IRQHandler
                0x080031d8                USART2_IRQHandler
                0x080031d8                I2C2_ER_IRQHandler
                0x080031d8                DMA1_Channel2_IRQHandler
                0x080031d8                CAN1_SCE_IRQHandler
                0x080031d8                FLASH_IRQHandler
                0x080031d8                I2C1_ER_IRQHandler
                0x080031d8                USBWakeUp_IRQHandler
 .text.__cvt    0x080031da       0xc8 D:/An3 sem2/P2_STM/Program/Aplicatia_CubeCLT/STM32CubeCLT_1.18.0/GNU-tools-for-STM32/bin/../lib/gcc/arm-none-eabi/13.3.1/../../../../arm-none-eabi/lib/thumb/v7-m/nofp\libc_nano.a(libc_a-nano-vfprintf_float.o)
                0x080031da                __cvt
 .text.__exponent
                0x080032a2       0x74 D:/An3 sem2/P2_STM/Program/Aplicatia_CubeCLT/STM32CubeCLT_1.18.0/GNU-tools-for-STM32/bin/../lib/gcc/arm-none-eabi/13.3.1/../../../../arm-none-eabi/lib/thumb/v7-m/nofp\libc_nano.a(libc_a-nano-vfprintf_float.o)
                0x080032a2                __exponent
 *fill*         0x08003316        0x2 
 .text._printf_float
                0x08003318      0x458 D:/An3 sem2/P2_STM/Program/Aplicatia_CubeCLT/STM32CubeCLT_1.18.0/GNU-tools-for-STM32/bin/../lib/gcc/arm-none-eabi/13.3.1/../../../../arm-none-eabi/lib/thumb/v7-m/nofp\libc_nano.a(libc_a-nano-vfprintf_float.o)
                0x08003318                _printf_float
 .text._printf_common
                0x08003770       0xe4 D:/An3 sem2/P2_STM/Program/Aplicatia_CubeCLT/STM32CubeCLT_1.18.0/GNU-tools-for-STM32/bin/../lib/gcc/arm-none-eabi/13.3.1/../../../../arm-none-eabi/lib/thumb/v7-m/nofp\libc_nano.a(libc_a-nano-vfprintf_i.o)
                0x08003770                _printf_common
 .text._printf_i
                0x08003854      0x23c D:/An3 sem2/P2_STM/Program/Aplicatia_CubeCLT/STM32CubeCLT_1.18.0/GNU-tools-for-STM32/bin/../lib/gcc/arm-none-eabi/13.3.1/../../../../arm-none-eabi/lib/thumb/v7-m/nofp\libc_nano.a(libc_a-nano-vfprintf_i.o)
                0x08003854                _printf_i
 .text.std      0x08003a90       0x6c D:/An3 sem2/P2_STM/Program/Aplicatia_CubeCLT/STM32CubeCLT_1.18.0/GNU-tools-for-STM32/bin/../lib/gcc/arm-none-eabi/13.3.1/../../../../arm-none-eabi/lib/thumb/v7-m/nofp\libc_nano.a(libc_a-findfp.o)
 .text.stdio_exit_handler
                0x08003afc       0x18 D:/An3 sem2/P2_STM/Program/Aplicatia_CubeCLT/STM32CubeCLT_1.18.0/GNU-tools-for-STM32/bin/../lib/gcc/arm-none-eabi/13.3.1/../../../../arm-none-eabi/lib/thumb/v7-m/nofp\libc_nano.a(libc_a-findfp.o)
 .text.cleanup_stdio
                0x08003b14       0x40 D:/An3 sem2/P2_STM/Program/Aplicatia_CubeCLT/STM32CubeCLT_1.18.0/GNU-tools-for-STM32/bin/../lib/gcc/arm-none-eabi/13.3.1/../../../../arm-none-eabi/lib/thumb/v7-m/nofp\libc_nano.a(libc_a-findfp.o)
 .text.global_stdio_init.part.0
                0x08003b54       0x3c D:/An3 sem2/P2_STM/Program/Aplicatia_CubeCLT/STM32CubeCLT_1.18.0/GNU-tools-for-STM32/bin/../lib/gcc/arm-none-eabi/13.3.1/../../../../arm-none-eabi/lib/thumb/v7-m/nofp\libc_nano.a(libc_a-findfp.o)
 .text.__sfp_lock_acquire
                0x08003b90        0xc D:/An3 sem2/P2_STM/Program/Aplicatia_CubeCLT/STM32CubeCLT_1.18.0/GNU-tools-for-STM32/bin/../lib/gcc/arm-none-eabi/13.3.1/../../../../arm-none-eabi/lib/thumb/v7-m/nofp\libc_nano.a(libc_a-findfp.o)
                0x08003b90                __sfp_lock_acquire
 .text.__sfp_lock_release
                0x08003b9c        0xc D:/An3 sem2/P2_STM/Program/Aplicatia_CubeCLT/STM32CubeCLT_1.18.0/GNU-tools-for-STM32/bin/../lib/gcc/arm-none-eabi/13.3.1/../../../../arm-none-eabi/lib/thumb/v7-m/nofp\libc_nano.a(libc_a-findfp.o)
                0x08003b9c                __sfp_lock_release
 .text.__sinit  0x08003ba8       0x30 D:/An3 sem2/P2_STM/Program/Aplicatia_CubeCLT/STM32CubeCLT_1.18.0/GNU-tools-for-STM32/bin/../lib/gcc/arm-none-eabi/13.3.1/../../../../arm-none-eabi/lib/thumb/v7-m/nofp\libc_nano.a(libc_a-findfp.o)
                0x08003ba8                __sinit
 .text._fwalk_sglue
                0x08003bd8       0x3c D:/An3 sem2/P2_STM/Program/Aplicatia_CubeCLT/STM32CubeCLT_1.18.0/GNU-tools-for-STM32/bin/../lib/gcc/arm-none-eabi/13.3.1/../../../../arm-none-eabi/lib/thumb/v7-m/nofp\libc_nano.a(libc_a-fwalk.o)
                0x08003bd8                _fwalk_sglue
 .text.printf   0x08003c14       0x24 D:/An3 sem2/P2_STM/Program/Aplicatia_CubeCLT/STM32CubeCLT_1.18.0/GNU-tools-for-STM32/bin/../lib/gcc/arm-none-eabi/13.3.1/../../../../arm-none-eabi/lib/thumb/v7-m/nofp\libc_nano.a(libc_a-printf.o)
                0x08003c14                iprintf
                0x08003c14                printf
 .text._puts_r  0x08003c38       0xaa D:/An3 sem2/P2_STM/Program/Aplicatia_CubeCLT/STM32CubeCLT_1.18.0/GNU-tools-for-STM32/bin/../lib/gcc/arm-none-eabi/13.3.1/../../../../arm-none-eabi/lib/thumb/v7-m/nofp\libc_nano.a(libc_a-puts.o)
                0x08003c38                _puts_r
 *fill*         0x08003ce2        0x2 
 .text.puts     0x08003ce4       0x10 D:/An3 sem2/P2_STM/Program/Aplicatia_CubeCLT/STM32CubeCLT_1.18.0/GNU-tools-for-STM32/bin/../lib/gcc/arm-none-eabi/13.3.1/../../../../arm-none-eabi/lib/thumb/v7-m/nofp\libc_nano.a(libc_a-puts.o)
                0x08003ce4                puts
 .text.__sread  0x08003cf4       0x22 D:/An3 sem2/P2_STM/Program/Aplicatia_CubeCLT/STM32CubeCLT_1.18.0/GNU-tools-for-STM32/bin/../lib/gcc/arm-none-eabi/13.3.1/../../../../arm-none-eabi/lib/thumb/v7-m/nofp\libc_nano.a(libc_a-stdio.o)
                0x08003cf4                __sread
 .text.__swrite
                0x08003d16       0x38 D:/An3 sem2/P2_STM/Program/Aplicatia_CubeCLT/STM32CubeCLT_1.18.0/GNU-tools-for-STM32/bin/../lib/gcc/arm-none-eabi/13.3.1/../../../../arm-none-eabi/lib/thumb/v7-m/nofp\libc_nano.a(libc_a-stdio.o)
                0x08003d16                __swrite
 .text.__sseek  0x08003d4e       0x24 D:/An3 sem2/P2_STM/Program/Aplicatia_CubeCLT/STM32CubeCLT_1.18.0/GNU-tools-for-STM32/bin/../lib/gcc/arm-none-eabi/13.3.1/../../../../arm-none-eabi/lib/thumb/v7-m/nofp\libc_nano.a(libc_a-stdio.o)
                0x08003d4e                __sseek
 .text.__sclose
                0x08003d72        0x8 D:/An3 sem2/P2_STM/Program/Aplicatia_CubeCLT/STM32CubeCLT_1.18.0/GNU-tools-for-STM32/bin/../lib/gcc/arm-none-eabi/13.3.1/../../../../arm-none-eabi/lib/thumb/v7-m/nofp\libc_nano.a(libc_a-stdio.o)
                0x08003d72                __sclose
 .text.__swbuf_r
                0x08003d7a       0x7c D:/An3 sem2/P2_STM/Program/Aplicatia_CubeCLT/STM32CubeCLT_1.18.0/GNU-tools-for-STM32/bin/../lib/gcc/arm-none-eabi/13.3.1/../../../../arm-none-eabi/lib/thumb/v7-m/nofp\libc_nano.a(libc_a-wbuf.o)
                0x08003d7a                __swbuf_r
 *fill*         0x08003df6        0x2 
 .text.__swsetup_r
                0x08003df8       0xac D:/An3 sem2/P2_STM/Program/Aplicatia_CubeCLT/STM32CubeCLT_1.18.0/GNU-tools-for-STM32/bin/../lib/gcc/arm-none-eabi/13.3.1/../../../../arm-none-eabi/lib/thumb/v7-m/nofp\libc_nano.a(libc_a-wsetup.o)
                0x08003df8                __swsetup_r
 .text.memset   0x08003ea4       0x10 D:/An3 sem2/P2_STM/Program/Aplicatia_CubeCLT/STM32CubeCLT_1.18.0/GNU-tools-for-STM32/bin/../lib/gcc/arm-none-eabi/13.3.1/../../../../arm-none-eabi/lib/thumb/v7-m/nofp\libc_nano.a(libc_a-memset.o)
                0x08003ea4                memset
 .text._localeconv_r
                0x08003eb4        0x8 D:/An3 sem2/P2_STM/Program/Aplicatia_CubeCLT/STM32CubeCLT_1.18.0/GNU-tools-for-STM32/bin/../lib/gcc/arm-none-eabi/13.3.1/../../../../arm-none-eabi/lib/thumb/v7-m/nofp\libc_nano.a(libc_a-localeconv.o)
                0x08003eb4                _localeconv_r
 .text._close_r
                0x08003ebc       0x20 D:/An3 sem2/P2_STM/Program/Aplicatia_CubeCLT/STM32CubeCLT_1.18.0/GNU-tools-for-STM32/bin/../lib/gcc/arm-none-eabi/13.3.1/../../../../arm-none-eabi/lib/thumb/v7-m/nofp\libc_nano.a(libc_a-closer.o)
                0x08003ebc                _close_r
 .text._lseek_r
                0x08003edc       0x24 D:/An3 sem2/P2_STM/Program/Aplicatia_CubeCLT/STM32CubeCLT_1.18.0/GNU-tools-for-STM32/bin/../lib/gcc/arm-none-eabi/13.3.1/../../../../arm-none-eabi/lib/thumb/v7-m/nofp\libc_nano.a(libc_a-lseekr.o)
                0x08003edc                _lseek_r
 .text._read_r  0x08003f00       0x24 D:/An3 sem2/P2_STM/Program/Aplicatia_CubeCLT/STM32CubeCLT_1.18.0/GNU-tools-for-STM32/bin/../lib/gcc/arm-none-eabi/13.3.1/../../../../arm-none-eabi/lib/thumb/v7-m/nofp\libc_nano.a(libc_a-readr.o)
                0x08003f00                _read_r
 .text._write_r
                0x08003f24       0x24 D:/An3 sem2/P2_STM/Program/Aplicatia_CubeCLT/STM32CubeCLT_1.18.0/GNU-tools-for-STM32/bin/../lib/gcc/arm-none-eabi/13.3.1/../../../../arm-none-eabi/lib/thumb/v7-m/nofp\libc_nano.a(libc_a-writer.o)
                0x08003f24                _write_r
 .text.__libc_init_array
                0x08003f48       0x48 D:/An3 sem2/P2_STM/Program/Aplicatia_CubeCLT/STM32CubeCLT_1.18.0/GNU-tools-for-STM32/bin/../lib/gcc/arm-none-eabi/13.3.1/../../../../arm-none-eabi/lib/thumb/v7-m/nofp\libc_nano.a(libc_a-init.o)
                0x08003f48                __libc_init_array
 .text.__retarget_lock_init_recursive
                0x08003f90        0x2 D:/An3 sem2/P2_STM/Program/Aplicatia_CubeCLT/STM32CubeCLT_1.18.0/GNU-tools-for-STM32/bin/../lib/gcc/arm-none-eabi/13.3.1/../../../../arm-none-eabi/lib/thumb/v7-m/nofp\libc_nano.a(libc_a-lock.o)
                0x08003f90                __retarget_lock_init_recursive
 .text.__retarget_lock_acquire_recursive
                0x08003f92        0x2 D:/An3 sem2/P2_STM/Program/Aplicatia_CubeCLT/STM32CubeCLT_1.18.0/GNU-tools-for-STM32/bin/../lib/gcc/arm-none-eabi/13.3.1/../../../../arm-none-eabi/lib/thumb/v7-m/nofp\libc_nano.a(libc_a-lock.o)
                0x08003f92                __retarget_lock_acquire_recursive
 .text.__retarget_lock_release_recursive
                0x08003f94        0x2 D:/An3 sem2/P2_STM/Program/Aplicatia_CubeCLT/STM32CubeCLT_1.18.0/GNU-tools-for-STM32/bin/../lib/gcc/arm-none-eabi/13.3.1/../../../../arm-none-eabi/lib/thumb/v7-m/nofp\libc_nano.a(libc_a-lock.o)
                0x08003f94                __retarget_lock_release_recursive
 .text.memchr   0x08003f96       0x1c D:/An3 sem2/P2_STM/Program/Aplicatia_CubeCLT/STM32CubeCLT_1.18.0/GNU-tools-for-STM32/bin/../lib/gcc/arm-none-eabi/13.3.1/../../../../arm-none-eabi/lib/thumb/v7-m/nofp\libc_nano.a(libc_a-memchr-stub.o)
                0x08003f96                memchr
 .text.quorem   0x08003fb2      0x110 D:/An3 sem2/P2_STM/Program/Aplicatia_CubeCLT/STM32CubeCLT_1.18.0/GNU-tools-for-STM32/bin/../lib/gcc/arm-none-eabi/13.3.1/../../../../arm-none-eabi/lib/thumb/v7-m/nofp\libc_nano.a(libc_a-dtoa.o)
 *fill*         0x080040c2        0x6 
 .text._dtoa_r  0x080040c8      0xba8 D:/An3 sem2/P2_STM/Program/Aplicatia_CubeCLT/STM32CubeCLT_1.18.0/GNU-tools-for-STM32/bin/../lib/gcc/arm-none-eabi/13.3.1/../../../../arm-none-eabi/lib/thumb/v7-m/nofp\libc_nano.a(libc_a-dtoa.o)
                0x080040c8                _dtoa_r
 .text._free_r  0x08004c70       0x90 D:/An3 sem2/P2_STM/Program/Aplicatia_CubeCLT/STM32CubeCLT_1.18.0/GNU-tools-for-STM32/bin/../lib/gcc/arm-none-eabi/13.3.1/../../../../arm-none-eabi/lib/thumb/v7-m/nofp\libc_nano.a(libc_a-freer.o)
                0x08004c70                _free_r
 .text.malloc   0x08004d00       0x10 D:/An3 sem2/P2_STM/Program/Aplicatia_CubeCLT/STM32CubeCLT_1.18.0/GNU-tools-for-STM32/bin/../lib/gcc/arm-none-eabi/13.3.1/../../../../arm-none-eabi/lib/thumb/v7-m/nofp\libc_nano.a(libc_a-malloc.o)
                0x08004d00                malloc
 .text.sbrk_aligned
                0x08004d10       0x44 D:/An3 sem2/P2_STM/Program/Aplicatia_CubeCLT/STM32CubeCLT_1.18.0/GNU-tools-for-STM32/bin/../lib/gcc/arm-none-eabi/13.3.1/../../../../arm-none-eabi/lib/thumb/v7-m/nofp\libc_nano.a(libc_a-mallocr.o)
 .text._malloc_r
                0x08004d54      0x100 D:/An3 sem2/P2_STM/Program/Aplicatia_CubeCLT/STM32CubeCLT_1.18.0/GNU-tools-for-STM32/bin/../lib/gcc/arm-none-eabi/13.3.1/../../../../arm-none-eabi/lib/thumb/v7-m/nofp\libc_nano.a(libc_a-mallocr.o)
                0x08004d54                _malloc_r
 .text.__malloc_lock
                0x08004e54        0xc D:/An3 sem2/P2_STM/Program/Aplicatia_CubeCLT/STM32CubeCLT_1.18.0/GNU-tools-for-STM32/bin/../lib/gcc/arm-none-eabi/13.3.1/../../../../arm-none-eabi/lib/thumb/v7-m/nofp\libc_nano.a(libc_a-mlock.o)
                0x08004e54                __malloc_lock
 .text.__malloc_unlock
                0x08004e60        0xc D:/An3 sem2/P2_STM/Program/Aplicatia_CubeCLT/STM32CubeCLT_1.18.0/GNU-tools-for-STM32/bin/../lib/gcc/arm-none-eabi/13.3.1/../../../../arm-none-eabi/lib/thumb/v7-m/nofp\libc_nano.a(libc_a-mlock.o)
                0x08004e60                __malloc_unlock
 .text._Balloc  0x08004e6c       0x80 D:/An3 sem2/P2_STM/Program/Aplicatia_CubeCLT/STM32CubeCLT_1.18.0/GNU-tools-for-STM32/bin/../lib/gcc/arm-none-eabi/13.3.1/../../../../arm-none-eabi/lib/thumb/v7-m/nofp\libc_nano.a(libc_a-mprec.o)
                0x08004e6c                _Balloc
 .text._Bfree   0x08004eec       0x44 D:/An3 sem2/P2_STM/Program/Aplicatia_CubeCLT/STM32CubeCLT_1.18.0/GNU-tools-for-STM32/bin/../lib/gcc/arm-none-eabi/13.3.1/../../../../arm-none-eabi/lib/thumb/v7-m/nofp\libc_nano.a(libc_a-mprec.o)
                0x08004eec                _Bfree
 .text.__multadd
                0x08004f30       0x8c D:/An3 sem2/P2_STM/Program/Aplicatia_CubeCLT/STM32CubeCLT_1.18.0/GNU-tools-for-STM32/bin/../lib/gcc/arm-none-eabi/13.3.1/../../../../arm-none-eabi/lib/thumb/v7-m/nofp\libc_nano.a(libc_a-mprec.o)
                0x08004f30                __multadd
 .text.__hi0bits
                0x08004fbc       0x3e D:/An3 sem2/P2_STM/Program/Aplicatia_CubeCLT/STM32CubeCLT_1.18.0/GNU-tools-for-STM32/bin/../lib/gcc/arm-none-eabi/13.3.1/../../../../arm-none-eabi/lib/thumb/v7-m/nofp\libc_nano.a(libc_a-mprec.o)
                0x08004fbc                __hi0bits
 .text.__lo0bits
                0x08004ffa       0x5a D:/An3 sem2/P2_STM/Program/Aplicatia_CubeCLT/STM32CubeCLT_1.18.0/GNU-tools-for-STM32/bin/../lib/gcc/arm-none-eabi/13.3.1/../../../../arm-none-eabi/lib/thumb/v7-m/nofp\libc_nano.a(libc_a-mprec.o)
                0x08004ffa                __lo0bits
 .text.__i2b    0x08005054       0x2c D:/An3 sem2/P2_STM/Program/Aplicatia_CubeCLT/STM32CubeCLT_1.18.0/GNU-tools-for-STM32/bin/../lib/gcc/arm-none-eabi/13.3.1/../../../../arm-none-eabi/lib/thumb/v7-m/nofp\libc_nano.a(libc_a-mprec.o)
                0x08005054                __i2b
 .text.__multiply
                0x08005080      0x144 D:/An3 sem2/P2_STM/Program/Aplicatia_CubeCLT/STM32CubeCLT_1.18.0/GNU-tools-for-STM32/bin/../lib/gcc/arm-none-eabi/13.3.1/../../../../arm-none-eabi/lib/thumb/v7-m/nofp\libc_nano.a(libc_a-mprec.o)
                0x08005080                __multiply
 .text.__pow5mult
                0x080051c4       0xb4 D:/An3 sem2/P2_STM/Program/Aplicatia_CubeCLT/STM32CubeCLT_1.18.0/GNU-tools-for-STM32/bin/../lib/gcc/arm-none-eabi/13.3.1/../../../../arm-none-eabi/lib/thumb/v7-m/nofp\libc_nano.a(libc_a-mprec.o)
                0x080051c4                __pow5mult
 .text.__lshift
                0x08005278       0xd8 D:/An3 sem2/P2_STM/Program/Aplicatia_CubeCLT/STM32CubeCLT_1.18.0/GNU-tools-for-STM32/bin/../lib/gcc/arm-none-eabi/13.3.1/../../../../arm-none-eabi/lib/thumb/v7-m/nofp\libc_nano.a(libc_a-mprec.o)
                0x08005278                __lshift
 .text.__mcmp   0x08005350       0x36 D:/An3 sem2/P2_STM/Program/Aplicatia_CubeCLT/STM32CubeCLT_1.18.0/GNU-tools-for-STM32/bin/../lib/gcc/arm-none-eabi/13.3.1/../../../../arm-none-eabi/lib/thumb/v7-m/nofp\libc_nano.a(libc_a-mprec.o)
                0x08005350                __mcmp
 *fill*         0x08005386        0x2 
 .text.__mdiff  0x08005388      0x128 D:/An3 sem2/P2_STM/Program/Aplicatia_CubeCLT/STM32CubeCLT_1.18.0/GNU-tools-for-STM32/bin/../lib/gcc/arm-none-eabi/13.3.1/../../../../arm-none-eabi/lib/thumb/v7-m/nofp\libc_nano.a(libc_a-mprec.o)
                0x08005388                __mdiff
 .text.__d2b    0x080054b0       0xb0 D:/An3 sem2/P2_STM/Program/Aplicatia_CubeCLT/STM32CubeCLT_1.18.0/GNU-tools-for-STM32/bin/../lib/gcc/arm-none-eabi/13.3.1/../../../../arm-none-eabi/lib/thumb/v7-m/nofp\libc_nano.a(libc_a-mprec.o)
                0x080054b0                __d2b
 .text.__sfputc_r
                0x08005560       0x2a D:/An3 sem2/P2_STM/Program/Aplicatia_CubeCLT/STM32CubeCLT_1.18.0/GNU-tools-for-STM32/bin/../lib/gcc/arm-none-eabi/13.3.1/../../../../arm-none-eabi/lib/thumb/v7-m/nofp\libc_nano.a(libc_a-nano-vfprintf.o)
 .text.__sfputs_r
                0x0800558a       0x24 D:/An3 sem2/P2_STM/Program/Aplicatia_CubeCLT/STM32CubeCLT_1.18.0/GNU-tools-for-STM32/bin/../lib/gcc/arm-none-eabi/13.3.1/../../../../arm-none-eabi/lib/thumb/v7-m/nofp\libc_nano.a(libc_a-nano-vfprintf.o)
                0x0800558a                __sfputs_r
 *fill*         0x080055ae        0x2 
 .text._vfprintf_r
                0x080055b0      0x230 D:/An3 sem2/P2_STM/Program/Aplicatia_CubeCLT/STM32CubeCLT_1.18.0/GNU-tools-for-STM32/bin/../lib/gcc/arm-none-eabi/13.3.1/../../../../arm-none-eabi/lib/thumb/v7-m/nofp\libc_nano.a(libc_a-nano-vfprintf.o)
                0x080055b0                _vfprintf_r
                0x080055b0                _vfiprintf_r
 .text.__sflush_r
                0x080057e0      0x100 D:/An3 sem2/P2_STM/Program/Aplicatia_CubeCLT/STM32CubeCLT_1.18.0/GNU-tools-for-STM32/bin/../lib/gcc/arm-none-eabi/13.3.1/../../../../arm-none-eabi/lib/thumb/v7-m/nofp\libc_nano.a(libc_a-fflush.o)
                0x080057e0                __sflush_r
 .text._fflush_r
                0x080058e0       0x50 D:/An3 sem2/P2_STM/Program/Aplicatia_CubeCLT/STM32CubeCLT_1.18.0/GNU-tools-for-STM32/bin/../lib/gcc/arm-none-eabi/13.3.1/../../../../arm-none-eabi/lib/thumb/v7-m/nofp\libc_nano.a(libc_a-fflush.o)
                0x080058e0                _fflush_r
 .text.__swhatbuf_r
                0x08005930       0x4a D:/An3 sem2/P2_STM/Program/Aplicatia_CubeCLT/STM32CubeCLT_1.18.0/GNU-tools-for-STM32/bin/../lib/gcc/arm-none-eabi/13.3.1/../../../../arm-none-eabi/lib/thumb/v7-m/nofp\libc_nano.a(libc_a-makebuf.o)
                0x08005930                __swhatbuf_r
 .text.__smakebuf_r
                0x0800597a       0x78 D:/An3 sem2/P2_STM/Program/Aplicatia_CubeCLT/STM32CubeCLT_1.18.0/GNU-tools-for-STM32/bin/../lib/gcc/arm-none-eabi/13.3.1/../../../../arm-none-eabi/lib/thumb/v7-m/nofp\libc_nano.a(libc_a-makebuf.o)
                0x0800597a                __smakebuf_r
 *fill*         0x080059f2        0x2 
 .text._fstat_r
                0x080059f4       0x24 D:/An3 sem2/P2_STM/Program/Aplicatia_CubeCLT/STM32CubeCLT_1.18.0/GNU-tools-for-STM32/bin/../lib/gcc/arm-none-eabi/13.3.1/../../../../arm-none-eabi/lib/thumb/v7-m/nofp\libc_nano.a(libc_a-fstatr.o)
                0x080059f4                _fstat_r
 .text._isatty_r
                0x08005a18       0x20 D:/An3 sem2/P2_STM/Program/Aplicatia_CubeCLT/STM32CubeCLT_1.18.0/GNU-tools-for-STM32/bin/../lib/gcc/arm-none-eabi/13.3.1/../../../../arm-none-eabi/lib/thumb/v7-m/nofp\libc_nano.a(libc_a-isattyr.o)
                0x08005a18                _isatty_r
 .text._sbrk_r  0x08005a38       0x20 D:/An3 sem2/P2_STM/Program/Aplicatia_CubeCLT/STM32CubeCLT_1.18.0/GNU-tools-for-STM32/bin/../lib/gcc/arm-none-eabi/13.3.1/../../../../arm-none-eabi/lib/thumb/v7-m/nofp\libc_nano.a(libc_a-sbrkr.o)
                0x08005a38                _sbrk_r
 .text.memcpy   0x08005a58       0x1c D:/An3 sem2/P2_STM/Program/Aplicatia_CubeCLT/STM32CubeCLT_1.18.0/GNU-tools-for-STM32/bin/../lib/gcc/arm-none-eabi/13.3.1/../../../../arm-none-eabi/lib/thumb/v7-m/nofp\libc_nano.a(libc_a-memcpy-stub.o)
                0x08005a58                memcpy
 .text.__assert_func
                0x08005a74       0x3c D:/An3 sem2/P2_STM/Program/Aplicatia_CubeCLT/STM32CubeCLT_1.18.0/GNU-tools-for-STM32/bin/../lib/gcc/arm-none-eabi/13.3.1/../../../../arm-none-eabi/lib/thumb/v7-m/nofp\libc_nano.a(libc_a-assert.o)
                0x08005a74                __assert_func
 .text._calloc_r
                0x08005ab0       0x28 D:/An3 sem2/P2_STM/Program/Aplicatia_CubeCLT/STM32CubeCLT_1.18.0/GNU-tools-for-STM32/bin/../lib/gcc/arm-none-eabi/13.3.1/../../../../arm-none-eabi/lib/thumb/v7-m/nofp\libc_nano.a(libc_a-callocr.o)
                0x08005ab0                _calloc_r
 .text.__ascii_mbtowc
                0x08005ad8       0x24 D:/An3 sem2/P2_STM/Program/Aplicatia_CubeCLT/STM32CubeCLT_1.18.0/GNU-tools-for-STM32/bin/../lib/gcc/arm-none-eabi/13.3.1/../../../../arm-none-eabi/lib/thumb/v7-m/nofp\libc_nano.a(libc_a-mbtowc_r.o)
                0x08005ad8                __ascii_mbtowc
 .text.__ascii_wctomb
                0x08005afc       0x1a D:/An3 sem2/P2_STM/Program/Aplicatia_CubeCLT/STM32CubeCLT_1.18.0/GNU-tools-for-STM32/bin/../lib/gcc/arm-none-eabi/13.3.1/../../../../arm-none-eabi/lib/thumb/v7-m/nofp\libc_nano.a(libc_a-wctomb_r.o)
                0x08005afc                __ascii_wctomb
 *fill*         0x08005b16        0x2 
 .text.fprintf  0x08005b18       0x24 D:/An3 sem2/P2_STM/Program/Aplicatia_CubeCLT/STM32CubeCLT_1.18.0/GNU-tools-for-STM32/bin/../lib/gcc/arm-none-eabi/13.3.1/../../../../arm-none-eabi/lib/thumb/v7-m/nofp\libc_nano.a(libc_a-fprintf.o)
                0x08005b18                fiprintf
                0x08005b18                fprintf
 .text.abort    0x08005b3c        0xe D:/An3 sem2/P2_STM/Program/Aplicatia_CubeCLT/STM32CubeCLT_1.18.0/GNU-tools-for-STM32/bin/../lib/gcc/arm-none-eabi/13.3.1/../../../../arm-none-eabi/lib/thumb/v7-m/nofp\libc_nano.a(libc_a-abort.o)
                0x08005b3c                abort
 .text._raise_r
                0x08005b4a       0x50 D:/An3 sem2/P2_STM/Program/Aplicatia_CubeCLT/STM32CubeCLT_1.18.0/GNU-tools-for-STM32/bin/../lib/gcc/arm-none-eabi/13.3.1/../../../../arm-none-eabi/lib/thumb/v7-m/nofp\libc_nano.a(libc_a-signal.o)
                0x08005b4a                _raise_r
 *fill*         0x08005b9a        0x2 
 .text.raise    0x08005b9c       0x10 D:/An3 sem2/P2_STM/Program/Aplicatia_CubeCLT/STM32CubeCLT_1.18.0/GNU-tools-for-STM32/bin/../lib/gcc/arm-none-eabi/13.3.1/../../../../arm-none-eabi/lib/thumb/v7-m/nofp\libc_nano.a(libc_a-signal.o)
                0x08005b9c                raise
 .text._kill_r  0x08005bac       0x24 D:/An3 sem2/P2_STM/Program/Aplicatia_CubeCLT/STM32CubeCLT_1.18.0/GNU-tools-for-STM32/bin/../lib/gcc/arm-none-eabi/13.3.1/../../../../arm-none-eabi/lib/thumb/v7-m/nofp\libc_nano.a(libc_a-signalr.o)
                0x08005bac                _kill_r
 .text._getpid_r
                0x08005bd0        0x4 D:/An3 sem2/P2_STM/Program/Aplicatia_CubeCLT/STM32CubeCLT_1.18.0/GNU-tools-for-STM32/bin/../lib/gcc/arm-none-eabi/13.3.1/../../../../arm-none-eabi/lib/thumb/v7-m/nofp\libc_nano.a(libc_a-signalr.o)
                0x08005bd0                _getpid_r
 *fill*         0x08005bd4        0x4 
 .text.atan     0x08005bd8      0x320 D:/An3 sem2/P2_STM/Program/Aplicatia_CubeCLT/STM32CubeCLT_1.18.0/GNU-tools-for-STM32/bin/../lib/gcc/arm-none-eabi/13.3.1/../../../../arm-none-eabi/lib/thumb/v7-m/nofp\libm.a(libm_a-s_atan.o)
                0x08005bd8                atan
 .text.fabs     0x08005ef8        0x8 D:/An3 sem2/P2_STM/Program/Aplicatia_CubeCLT/STM32CubeCLT_1.18.0/GNU-tools-for-STM32/bin/../lib/gcc/arm-none-eabi/13.3.1/../../../../arm-none-eabi/lib/thumb/v7-m/nofp\libm.a(libm_a-s_fabs.o)
                0x08005ef8                fabs
 .text._close   0x08005f00       0x10 D:/An3 sem2/P2_STM/Program/Aplicatia_CubeCLT/STM32CubeCLT_1.18.0/GNU-tools-for-STM32/bin/../lib/gcc/arm-none-eabi/13.3.1/../../../../arm-none-eabi/lib/thumb/v7-m/nofp\libnosys.a(close.o)
                0x08005f00                _close
 .text._fstat   0x08005f10       0x10 D:/An3 sem2/P2_STM/Program/Aplicatia_CubeCLT/STM32CubeCLT_1.18.0/GNU-tools-for-STM32/bin/../lib/gcc/arm-none-eabi/13.3.1/../../../../arm-none-eabi/lib/thumb/v7-m/nofp\libnosys.a(fstat.o)
                0x08005f10                _fstat
 .text._getpid  0x08005f20       0x10 D:/An3 sem2/P2_STM/Program/Aplicatia_CubeCLT/STM32CubeCLT_1.18.0/GNU-tools-for-STM32/bin/../lib/gcc/arm-none-eabi/13.3.1/../../../../arm-none-eabi/lib/thumb/v7-m/nofp\libnosys.a(getpid.o)
                0x08005f20                _getpid
 .text._isatty  0x08005f30       0x10 D:/An3 sem2/P2_STM/Program/Aplicatia_CubeCLT/STM32CubeCLT_1.18.0/GNU-tools-for-STM32/bin/../lib/gcc/arm-none-eabi/13.3.1/../../../../arm-none-eabi/lib/thumb/v7-m/nofp\libnosys.a(isatty.o)
                0x08005f30                _isatty
 .text._kill    0x08005f40       0x10 D:/An3 sem2/P2_STM/Program/Aplicatia_CubeCLT/STM32CubeCLT_1.18.0/GNU-tools-for-STM32/bin/../lib/gcc/arm-none-eabi/13.3.1/../../../../arm-none-eabi/lib/thumb/v7-m/nofp\libnosys.a(kill.o)
                0x08005f40                _kill
 .text._lseek   0x08005f50       0x10 D:/An3 sem2/P2_STM/Program/Aplicatia_CubeCLT/STM32CubeCLT_1.18.0/GNU-tools-for-STM32/bin/../lib/gcc/arm-none-eabi/13.3.1/../../../../arm-none-eabi/lib/thumb/v7-m/nofp\libnosys.a(lseek.o)
                0x08005f50                _lseek
 .text._read    0x08005f60       0x10 D:/An3 sem2/P2_STM/Program/Aplicatia_CubeCLT/STM32CubeCLT_1.18.0/GNU-tools-for-STM32/bin/../lib/gcc/arm-none-eabi/13.3.1/../../../../arm-none-eabi/lib/thumb/v7-m/nofp\libnosys.a(read.o)
                0x08005f60                _read
 .text._sbrk    0x08005f70       0x1c D:/An3 sem2/P2_STM/Program/Aplicatia_CubeCLT/STM32CubeCLT_1.18.0/GNU-tools-for-STM32/bin/../lib/gcc/arm-none-eabi/13.3.1/../../../../arm-none-eabi/lib/thumb/v7-m/nofp\libnosys.a(sbrk.o)
                0x08005f70                _sbrk
 .text._exit    0x08005f8c        0x2 D:/An3 sem2/P2_STM/Program/Aplicatia_CubeCLT/STM32CubeCLT_1.18.0/GNU-tools-for-STM32/bin/../lib/gcc/arm-none-eabi/13.3.1/../../../../arm-none-eabi/lib/thumb/v7-m/nofp\libnosys.a(_exit.o)
                0x08005f8c                _exit
 *(.glue_7)
 .glue_7        0x08005f8e        0x0 linker stubs
 *(.glue_7t)
 .glue_7t       0x08005f8e        0x0 linker stubs
 *(.eh_frame)
 *fill*         0x08005f8e        0x2 
 .eh_frame      0x08005f90        0x0 D:/An3 sem2/P2_STM/Program/Aplicatia_CubeCLT/STM32CubeCLT_1.18.0/GNU-tools-for-STM32/bin/../lib/gcc/arm-none-eabi/13.3.1/thumb/v7-m/nofp/crtbegin.o
 *(.init)
 .init          0x08005f90        0x4 D:/An3 sem2/P2_STM/Program/Aplicatia_CubeCLT/STM32CubeCLT_1.18.0/GNU-tools-for-STM32/bin/../lib/gcc/arm-none-eabi/13.3.1/thumb/v7-m/nofp/crti.o
                0x08005f90                _init
 .init          0x08005f94        0x8 D:/An3 sem2/P2_STM/Program/Aplicatia_CubeCLT/STM32CubeCLT_1.18.0/GNU-tools-for-STM32/bin/../lib/gcc/arm-none-eabi/13.3.1/thumb/v7-m/nofp/crtn.o
 *(.fini)
 .fini          0x08005f9c        0x4 D:/An3 sem2/P2_STM/Program/Aplicatia_CubeCLT/STM32CubeCLT_1.18.0/GNU-tools-for-STM32/bin/../lib/gcc/arm-none-eabi/13.3.1/thumb/v7-m/nofp/crti.o
                0x08005f9c                _fini
 .fini          0x08005fa0        0x8 D:/An3 sem2/P2_STM/Program/Aplicatia_CubeCLT/STM32CubeCLT_1.18.0/GNU-tools-for-STM32/bin/../lib/gcc/arm-none-eabi/13.3.1/thumb/v7-m/nofp/crtn.o
                0x08005fa8                        . = ALIGN (0x4)
                0x08005fa8                        _etext = .

.vfp11_veneer   0x08005fa8        0x0
 .vfp11_veneer  0x08005fa8        0x0 linker stubs

.v4_bx          0x08005fa8        0x0
 .v4_bx         0x08005fa8        0x0 linker stubs

.iplt           0x08005fa8        0x0
 .iplt          0x08005fa8        0x0 D:/An3 sem2/P2_STM/Program/Aplicatia_CubeCLT/STM32CubeCLT_1.18.0/GNU-tools-for-STM32/bin/../lib/gcc/arm-none-eabi/13.3.1/thumb/v7-m/nofp/crtbegin.o

.rodata         0x08005fa8      0x520
                0x08005fa8                        . = ALIGN (0x4)
 *(.rodata)
 *(.rodata*)
 .rodata.main.str1.4
                0x08005fa8      0x124 build/main.o
 .rodata.aPredivFactorTable.0
                0x080060cc        0x2 build/stm32f1xx_hal_rcc.o
 *fill*         0x080060ce        0x2 
 .rodata.aPLLMULFactorTable.1
                0x080060d0       0x10 build/stm32f1xx_hal_rcc.o
 .rodata.aPredivFactorTable.0
                0x080060e0        0x2 build/stm32f1xx_hal_rcc_ex.o
 *fill*         0x080060e2        0x2 
 .rodata.aPLLMULFactorTable.1
                0x080060e4       0x10 build/stm32f1xx_hal_rcc_ex.o
 .rodata.APBPrescTable
                0x080060f4        0x8 build/system_stm32f1xx.o
                0x080060f4                APBPrescTable
 .rodata.AHBPrescTable
                0x080060fc       0x10 build/system_stm32f1xx.o
                0x080060fc                AHBPrescTable
 .rodata._printf_float.str1.1
                0x0800610c      0x171 D:/An3 sem2/P2_STM/Program/Aplicatia_CubeCLT/STM32CubeCLT_1.18.0/GNU-tools-for-STM32/bin/../lib/gcc/arm-none-eabi/13.3.1/../../../../arm-none-eabi/lib/thumb/v7-m/nofp\libc_nano.a(libc_a-nano-vfprintf_float.o)
                                 0x12 (size before relaxing)
 .rodata._printf_i.str1.1
                0x0800627d       0x22 D:/An3 sem2/P2_STM/Program/Aplicatia_CubeCLT/STM32CubeCLT_1.18.0/GNU-tools-for-STM32/bin/../lib/gcc/arm-none-eabi/13.3.1/../../../../arm-none-eabi/lib/thumb/v7-m/nofp\libc_nano.a(libc_a-nano-vfprintf_i.o)
 .rodata._dtoa_r.str1.1
                0x0800627d       0x8f D:/An3 sem2/P2_STM/Program/Aplicatia_CubeCLT/STM32CubeCLT_1.18.0/GNU-tools-for-STM32/bin/../lib/gcc/arm-none-eabi/13.3.1/../../../../arm-none-eabi/lib/thumb/v7-m/nofp\libc_nano.a(libc_a-dtoa.o)
 .rodata._Balloc.str1.1
                0x0800627d       0x70 D:/An3 sem2/P2_STM/Program/Aplicatia_CubeCLT/STM32CubeCLT_1.18.0/GNU-tools-for-STM32/bin/../lib/gcc/arm-none-eabi/13.3.1/../../../../arm-none-eabi/lib/thumb/v7-m/nofp\libc_nano.a(libc_a-mprec.o)
 .rodata.__multadd.str1.1
                0x0800627d       0x11 D:/An3 sem2/P2_STM/Program/Aplicatia_CubeCLT/STM32CubeCLT_1.18.0/GNU-tools-for-STM32/bin/../lib/gcc/arm-none-eabi/13.3.1/../../../../arm-none-eabi/lib/thumb/v7-m/nofp\libc_nano.a(libc_a-mprec.o)
 *fill*         0x0800627d        0x3 
 .rodata.p05.0  0x08006280        0xc D:/An3 sem2/P2_STM/Program/Aplicatia_CubeCLT/STM32CubeCLT_1.18.0/GNU-tools-for-STM32/bin/../lib/gcc/arm-none-eabi/13.3.1/../../../../arm-none-eabi/lib/thumb/v7-m/nofp\libc_nano.a(libc_a-mprec.o)
 *fill*         0x0800628c        0x4 
 .rodata.__mprec_bigtens
                0x08006290       0x28 D:/An3 sem2/P2_STM/Program/Aplicatia_CubeCLT/STM32CubeCLT_1.18.0/GNU-tools-for-STM32/bin/../lib/gcc/arm-none-eabi/13.3.1/../../../../arm-none-eabi/lib/thumb/v7-m/nofp\libc_nano.a(libc_a-mprec.o)
                0x08006290                __mprec_bigtens
 .rodata.__mprec_tens
                0x080062b8       0xc8 D:/An3 sem2/P2_STM/Program/Aplicatia_CubeCLT/STM32CubeCLT_1.18.0/GNU-tools-for-STM32/bin/../lib/gcc/arm-none-eabi/13.3.1/../../../../arm-none-eabi/lib/thumb/v7-m/nofp\libc_nano.a(libc_a-mprec.o)
                0x080062b8                __mprec_tens
 .rodata._vfprintf_r.str1.1
                0x08006380       0x11 D:/An3 sem2/P2_STM/Program/Aplicatia_CubeCLT/STM32CubeCLT_1.18.0/GNU-tools-for-STM32/bin/../lib/gcc/arm-none-eabi/13.3.1/../../../../arm-none-eabi/lib/thumb/v7-m/nofp\libc_nano.a(libc_a-nano-vfprintf.o)
 .rodata._setlocale_r.str1.1
                0x08006380        0x9 D:/An3 sem2/P2_STM/Program/Aplicatia_CubeCLT/STM32CubeCLT_1.18.0/GNU-tools-for-STM32/bin/../lib/gcc/arm-none-eabi/13.3.1/../../../../arm-none-eabi/lib/thumb/v7-m/nofp\libc_nano.a(libc_a-locale.o)
 .rodata.str1.1
                0x08006380        0x2 D:/An3 sem2/P2_STM/Program/Aplicatia_CubeCLT/STM32CubeCLT_1.18.0/GNU-tools-for-STM32/bin/../lib/gcc/arm-none-eabi/13.3.1/../../../../arm-none-eabi/lib/thumb/v7-m/nofp\libc_nano.a(libc_a-locale.o)
 .rodata.__assert_func.str1.1
                0x08006380       0x3d D:/An3 sem2/P2_STM/Program/Aplicatia_CubeCLT/STM32CubeCLT_1.18.0/GNU-tools-for-STM32/bin/../lib/gcc/arm-none-eabi/13.3.1/../../../../arm-none-eabi/lib/thumb/v7-m/nofp\libc_nano.a(libc_a-assert.o)
 .rodata._ctype_
                0x08006380      0x101 D:/An3 sem2/P2_STM/Program/Aplicatia_CubeCLT/STM32CubeCLT_1.18.0/GNU-tools-for-STM32/bin/../lib/gcc/arm-none-eabi/13.3.1/../../../../arm-none-eabi/lib/thumb/v7-m/nofp\libc_nano.a(libc_a-ctype_.o)
                0x08006380                _ctype_
 *fill*         0x08006481        0x7 
 .rodata.atanlo
                0x08006488       0x20 D:/An3 sem2/P2_STM/Program/Aplicatia_CubeCLT/STM32CubeCLT_1.18.0/GNU-tools-for-STM32/bin/../lib/gcc/arm-none-eabi/13.3.1/../../../../arm-none-eabi/lib/thumb/v7-m/nofp\libm.a(libm_a-s_atan.o)
 .rodata.atanhi
                0x080064a8       0x20 D:/An3 sem2/P2_STM/Program/Aplicatia_CubeCLT/STM32CubeCLT_1.18.0/GNU-tools-for-STM32/bin/../lib/gcc/arm-none-eabi/13.3.1/../../../../arm-none-eabi/lib/thumb/v7-m/nofp\libm.a(libm_a-s_atan.o)
                0x080064c8                        . = ALIGN (0x4)

.ARM.extab      0x080064c8        0x0
                0x080064c8                        . = ALIGN (0x4)
 *(.ARM.extab* .gnu.linkonce.armextab.*)
                0x080064c8                        . = ALIGN (0x4)

.ARM            0x080064c8        0x8
                0x080064c8                        . = ALIGN (0x4)
                0x080064c8                        __exidx_start = .
 *(.ARM.exidx*)
 .ARM.exidx     0x080064c8        0x8 D:/An3 sem2/P2_STM/Program/Aplicatia_CubeCLT/STM32CubeCLT_1.18.0/GNU-tools-for-STM32/bin/../lib/gcc/arm-none-eabi/13.3.1/../../../../arm-none-eabi/lib/thumb/v7-m/nofp\libc_nano.a(libc_a-strlen.o)
                0x080064d0                        __exidx_end = .
                0x080064d0                        . = ALIGN (0x4)

.preinit_array  0x080064d0        0x0
                0x080064d0                        . = ALIGN (0x4)
                0x080064d0                        PROVIDE (__preinit_array_start = .)
 *(.preinit_array*)
                0x080064d0                        PROVIDE (__preinit_array_end = .)
                0x080064d0                        . = ALIGN (0x4)

.init_array     0x080064d0        0x4
                0x080064d0                        . = ALIGN (0x4)
                0x080064d0                        PROVIDE (__init_array_start = .)
 *(SORT_BY_NAME(.init_array.*))
 *(.init_array*)
 .init_array    0x080064d0        0x4 D:/An3 sem2/P2_STM/Program/Aplicatia_CubeCLT/STM32CubeCLT_1.18.0/GNU-tools-for-STM32/bin/../lib/gcc/arm-none-eabi/13.3.1/thumb/v7-m/nofp/crtbegin.o
                0x080064d4                        PROVIDE (__init_array_end = .)
                0x080064d4                        . = ALIGN (0x4)

.fini_array     0x080064d4        0x4
                0x080064d4                        . = ALIGN (0x4)
                [!provide]                        PROVIDE (__fini_array_start = .)
 *(SORT_BY_NAME(.fini_array.*))
 *(.fini_array*)
 .fini_array    0x080064d4        0x4 D:/An3 sem2/P2_STM/Program/Aplicatia_CubeCLT/STM32CubeCLT_1.18.0/GNU-tools-for-STM32/bin/../lib/gcc/arm-none-eabi/13.3.1/thumb/v7-m/nofp/crtbegin.o
                [!provide]                        PROVIDE (__fini_array_end = .)
                0x080064d8                        . = ALIGN (0x4)
                0x080064d8                        _sidata = LOADADDR (.data)

.rel.dyn        0x080064d8        0x0
 .rel.iplt      0x080064d8        0x0 D:/An3 sem2/P2_STM/Program/Aplicatia_CubeCLT/STM32CubeCLT_1.18.0/GNU-tools-for-STM32/bin/../lib/gcc/arm-none-eabi/13.3.1/thumb/v7-m/nofp/crtbegin.o

.data           0x20000000      0x1d4 load address 0x080064d8
                0x20000000                        . = ALIGN (0x4)
                0x20000000                        _sdata = .
 *(.data)
 *(.data*)
 .data.uwTickFreq
                0x20000000        0x1 build/stm32f1xx_hal.o
                0x20000000                uwTickFreq
 *fill*         0x20000001        0x3 
 .data.uwTickPrio
                0x20000004        0x4 build/stm32f1xx_hal.o
                0x20000004                uwTickPrio
 .data.SystemCoreClock
                0x20000008        0x4 build/system_stm32f1xx.o
                0x20000008                SystemCoreClock
 .data.__sglue  0x2000000c        0xc D:/An3 sem2/P2_STM/Program/Aplicatia_CubeCLT/STM32CubeCLT_1.18.0/GNU-tools-for-STM32/bin/../lib/gcc/arm-none-eabi/13.3.1/../../../../arm-none-eabi/lib/thumb/v7-m/nofp\libc_nano.a(libc_a-findfp.o)
                0x2000000c                __sglue
 .data._impure_ptr
                0x20000018        0x4 D:/An3 sem2/P2_STM/Program/Aplicatia_CubeCLT/STM32CubeCLT_1.18.0/GNU-tools-for-STM32/bin/../lib/gcc/arm-none-eabi/13.3.1/../../../../arm-none-eabi/lib/thumb/v7-m/nofp\libc_nano.a(libc_a-impure.o)
                0x20000018                _impure_ptr
 .data._impure_data
                0x2000001c       0x4c D:/An3 sem2/P2_STM/Program/Aplicatia_CubeCLT/STM32CubeCLT_1.18.0/GNU-tools-for-STM32/bin/../lib/gcc/arm-none-eabi/13.3.1/../../../../arm-none-eabi/lib/thumb/v7-m/nofp\libc_nano.a(libc_a-impure.o)
                0x2000001c                _impure_data
 .data.__global_locale
                0x20000068      0x16c D:/An3 sem2/P2_STM/Program/Aplicatia_CubeCLT/STM32CubeCLT_1.18.0/GNU-tools-for-STM32/bin/../lib/gcc/arm-none-eabi/13.3.1/../../../../arm-none-eabi/lib/thumb/v7-m/nofp\libc_nano.a(libc_a-locale.o)
                0x20000068                __global_locale
 *(.RamFunc)
 *(.RamFunc*)
                0x200001d4                        . = ALIGN (0x4)
                0x200001d4                        _edata = .

.igot.plt       0x200001d4        0x0 load address 0x080066ac
 .igot.plt      0x200001d4        0x0 D:/An3 sem2/P2_STM/Program/Aplicatia_CubeCLT/STM32CubeCLT_1.18.0/GNU-tools-for-STM32/bin/../lib/gcc/arm-none-eabi/13.3.1/thumb/v7-m/nofp/crtbegin.o
                0x200001d4                        . = ALIGN (0x4)

.bss            0x200001d4      0x52c load address 0x080066ac
                0x200001d4                        _sbss = .
                0x200001d4                        __bss_start__ = _sbss
 *(.bss)
 .bss           0x200001d4       0x1c D:/An3 sem2/P2_STM/Program/Aplicatia_CubeCLT/STM32CubeCLT_1.18.0/GNU-tools-for-STM32/bin/../lib/gcc/arm-none-eabi/13.3.1/thumb/v7-m/nofp/crtbegin.o
 *(.bss*)
 .bss.time_prev
                0x200001f0        0xc build/main.o
                0x200001f0                time_prev
 .bss.unghi_anterior
                0x200001fc        0xc build/main.o
                0x200001fc                unghi_anterior
 .bss.gyro      0x20000208        0xc build/main.o
                0x20000208                gyro
 .bss.delta_t   0x20000214        0xc build/main.o
                0x20000214                delta_t
 .bss.offset    0x20000220        0xc build/main.o
                0x20000220                offset
 .bss.unghi     0x2000022c        0xc build/main.o
                0x2000022c                unghi
 .bss.adc_acc   0x20000238        0xc build/main.o
                0x20000238                adc_acc
 .bss.adc_volt  0x20000244        0xc build/main.o
                0x20000244                adc_volt
 .bss.adc_raw   0x20000250        0xc build/main.o
                0x20000250                adc_raw
 .bss.hpcd_USB_FS
                0x2000025c      0x2d8 build/main.o
                0x2000025c                hpcd_USB_FS
 .bss.huart1    0x20000534       0x48 build/main.o
                0x20000534                huart1
 .bss.hadc1     0x2000057c       0x30 build/main.o
                0x2000057c                hadc1
 .bss.uwTick    0x200005ac        0x4 build/stm32f1xx_hal.o
                0x200005ac                uwTick
 .bss.__sf      0x200005b0      0x138 D:/An3 sem2/P2_STM/Program/Aplicatia_CubeCLT/STM32CubeCLT_1.18.0/GNU-tools-for-STM32/bin/../lib/gcc/arm-none-eabi/13.3.1/../../../../arm-none-eabi/lib/thumb/v7-m/nofp\libc_nano.a(libc_a-findfp.o)
                0x200005b0                __sf
 .bss.__stdio_exit_handler
                0x200006e8        0x4 D:/An3 sem2/P2_STM/Program/Aplicatia_CubeCLT/STM32CubeCLT_1.18.0/GNU-tools-for-STM32/bin/../lib/gcc/arm-none-eabi/13.3.1/../../../../arm-none-eabi/lib/thumb/v7-m/nofp\libc_nano.a(libc_a-findfp.o)
                0x200006e8                __stdio_exit_handler
 .bss.errno     0x200006ec        0x4 D:/An3 sem2/P2_STM/Program/Aplicatia_CubeCLT/STM32CubeCLT_1.18.0/GNU-tools-for-STM32/bin/../lib/gcc/arm-none-eabi/13.3.1/../../../../arm-none-eabi/lib/thumb/v7-m/nofp\libc_nano.a(libc_a-reent.o)
                0x200006ec                errno
 .bss.__lock___malloc_recursive_mutex
                0x200006f0        0x1 D:/An3 sem2/P2_STM/Program/Aplicatia_CubeCLT/STM32CubeCLT_1.18.0/GNU-tools-for-STM32/bin/../lib/gcc/arm-none-eabi/13.3.1/../../../../arm-none-eabi/lib/thumb/v7-m/nofp\libc_nano.a(libc_a-lock.o)
                0x200006f0                __lock___malloc_recursive_mutex
 .bss.__lock___sfp_recursive_mutex
                0x200006f1        0x1 D:/An3 sem2/P2_STM/Program/Aplicatia_CubeCLT/STM32CubeCLT_1.18.0/GNU-tools-for-STM32/bin/../lib/gcc/arm-none-eabi/13.3.1/../../../../arm-none-eabi/lib/thumb/v7-m/nofp\libc_nano.a(libc_a-lock.o)
                0x200006f1                __lock___sfp_recursive_mutex
 *fill*         0x200006f2        0x2 
 .bss.__malloc_sbrk_start
                0x200006f4        0x4 D:/An3 sem2/P2_STM/Program/Aplicatia_CubeCLT/STM32CubeCLT_1.18.0/GNU-tools-for-STM32/bin/../lib/gcc/arm-none-eabi/13.3.1/../../../../arm-none-eabi/lib/thumb/v7-m/nofp\libc_nano.a(libc_a-mallocr.o)
                0x200006f4                __malloc_sbrk_start
 .bss.__malloc_free_list
                0x200006f8        0x4 D:/An3 sem2/P2_STM/Program/Aplicatia_CubeCLT/STM32CubeCLT_1.18.0/GNU-tools-for-STM32/bin/../lib/gcc/arm-none-eabi/13.3.1/../../../../arm-none-eabi/lib/thumb/v7-m/nofp\libc_nano.a(libc_a-mallocr.o)
                0x200006f8                __malloc_free_list
 .bss.heap_end.0
                0x200006fc        0x4 D:/An3 sem2/P2_STM/Program/Aplicatia_CubeCLT/STM32CubeCLT_1.18.0/GNU-tools-for-STM32/bin/../lib/gcc/arm-none-eabi/13.3.1/../../../../arm-none-eabi/lib/thumb/v7-m/nofp\libnosys.a(sbrk.o)
 *(COMMON)
                0x20000700                        . = ALIGN (0x4)
                0x20000700                        _ebss = .
                0x20000700                        __bss_end__ = _ebss

._user_heap_stack
                0x20000700      0x600 load address 0x080066ac
                0x20000700                        . = ALIGN (0x8)
                0x20000700                        PROVIDE (end = .)
                [!provide]                        PROVIDE (_end = .)
                0x20000900                        . = (. + _Min_Heap_Size)
 *fill*         0x20000700      0x200 
                0x20000d00                        . = (. + _Min_Stack_Size)
 *fill*         0x20000900      0x400 
                0x20000d00                        . = ALIGN (0x8)

/DISCARD/
 libc.a(*)
 libm.a(*)
 libgcc.a(*)
OUTPUT(build/Gyroscope_digital1.elf elf32-littlearm)
LOAD linker stubs
LOAD D:/An3 sem2/P2_STM/Program/Aplicatia_CubeCLT/STM32CubeCLT_1.18.0/GNU-tools-for-STM32/bin/../lib/gcc/arm-none-eabi/13.3.1/../../../../arm-none-eabi/lib/thumb/v7-m/nofp\libc.a
LOAD D:/An3 sem2/P2_STM/Program/Aplicatia_CubeCLT/STM32CubeCLT_1.18.0/GNU-tools-for-STM32/bin/../lib/gcc/arm-none-eabi/13.3.1/../../../../arm-none-eabi/lib/thumb/v7-m/nofp\libm.a
LOAD D:/An3 sem2/P2_STM/Program/Aplicatia_CubeCLT/STM32CubeCLT_1.18.0/GNU-tools-for-STM32/bin/../lib/gcc/arm-none-eabi/13.3.1/thumb/v7-m/nofp\libgcc.a

.ARM.attributes
                0x00000000       0x29
 .ARM.attributes
                0x00000000       0x1d D:/An3 sem2/P2_STM/Program/Aplicatia_CubeCLT/STM32CubeCLT_1.18.0/GNU-tools-for-STM32/bin/../lib/gcc/arm-none-eabi/13.3.1/thumb/v7-m/nofp/crti.o
 .ARM.attributes
                0x0000001d       0x2d D:/An3 sem2/P2_STM/Program/Aplicatia_CubeCLT/STM32CubeCLT_1.18.0/GNU-tools-for-STM32/bin/../lib/gcc/arm-none-eabi/13.3.1/thumb/v7-m/nofp/crtbegin.o
 .ARM.attributes
                0x0000004a       0x2d build/main.o
 .ARM.attributes
                0x00000077       0x2d build/stm32f1xx_it.o
 .ARM.attributes
                0x000000a4       0x2d build/stm32f1xx_hal_msp.o
 .ARM.attributes
                0x000000d1       0x2d build/stm32f1xx_hal_adc.o
 .ARM.attributes
                0x000000fe       0x2d build/stm32f1xx_hal.o
 .ARM.attributes
                0x0000012b       0x2d build/stm32f1xx_hal_rcc.o
 .ARM.attributes
                0x00000158       0x2d build/stm32f1xx_hal_rcc_ex.o
 .ARM.attributes
                0x00000185       0x2d build/stm32f1xx_hal_gpio.o
 .ARM.attributes
                0x000001b2       0x2d build/stm32f1xx_hal_dma.o
 .ARM.attributes
                0x000001df       0x2d build/stm32f1xx_hal_cortex.o
 .ARM.attributes
                0x0000020c       0x2d build/stm32f1xx_hal_uart.o
 .ARM.attributes
                0x00000239       0x2d build/stm32f1xx_hal_pcd.o
 .ARM.attributes
                0x00000266       0x2d build/stm32f1xx_ll_usb.o
 .ARM.attributes
                0x00000293       0x2d build/system_stm32f1xx.o
 .ARM.attributes
                0x000002c0       0x21 build/startup_stm32f103xb.o
 .ARM.attributes
                0x000002e1       0x2d D:/An3 sem2/P2_STM/Program/Aplicatia_CubeCLT/STM32CubeCLT_1.18.0/GNU-tools-for-STM32/bin/../lib/gcc/arm-none-eabi/13.3.1/../../../../arm-none-eabi/lib/thumb/v7-m/nofp\libc_nano.a(libc_a-nano-vfprintf_float.o)
 .ARM.attributes
                0x0000030e       0x2d D:/An3 sem2/P2_STM/Program/Aplicatia_CubeCLT/STM32CubeCLT_1.18.0/GNU-tools-for-STM32/bin/../lib/gcc/arm-none-eabi/13.3.1/../../../../arm-none-eabi/lib/thumb/v7-m/nofp\libc_nano.a(libc_a-nano-vfprintf_i.o)
 .ARM.attributes
                0x0000033b       0x2d D:/An3 sem2/P2_STM/Program/Aplicatia_CubeCLT/STM32CubeCLT_1.18.0/GNU-tools-for-STM32/bin/../lib/gcc/arm-none-eabi/13.3.1/../../../../arm-none-eabi/lib/thumb/v7-m/nofp\libc_nano.a(libc_a-findfp.o)
 .ARM.attributes
                0x00000368       0x2d D:/An3 sem2/P2_STM/Program/Aplicatia_CubeCLT/STM32CubeCLT_1.18.0/GNU-tools-for-STM32/bin/../lib/gcc/arm-none-eabi/13.3.1/../../../../arm-none-eabi/lib/thumb/v7-m/nofp\libc_nano.a(libc_a-fwalk.o)
 .ARM.attributes
                0x00000395       0x2d D:/An3 sem2/P2_STM/Program/Aplicatia_CubeCLT/STM32CubeCLT_1.18.0/GNU-tools-for-STM32/bin/../lib/gcc/arm-none-eabi/13.3.1/../../../../arm-none-eabi/lib/thumb/v7-m/nofp\libc_nano.a(libc_a-printf.o)
 .ARM.attributes
                0x000003c2       0x2d D:/An3 sem2/P2_STM/Program/Aplicatia_CubeCLT/STM32CubeCLT_1.18.0/GNU-tools-for-STM32/bin/../lib/gcc/arm-none-eabi/13.3.1/../../../../arm-none-eabi/lib/thumb/v7-m/nofp\libc_nano.a(libc_a-puts.o)
 .ARM.attributes
                0x000003ef       0x2d D:/An3 sem2/P2_STM/Program/Aplicatia_CubeCLT/STM32CubeCLT_1.18.0/GNU-tools-for-STM32/bin/../lib/gcc/arm-none-eabi/13.3.1/../../../../arm-none-eabi/lib/thumb/v7-m/nofp\libc_nano.a(libc_a-stdio.o)
 .ARM.attributes
                0x0000041c       0x2d D:/An3 sem2/P2_STM/Program/Aplicatia_CubeCLT/STM32CubeCLT_1.18.0/GNU-tools-for-STM32/bin/../lib/gcc/arm-none-eabi/13.3.1/../../../../arm-none-eabi/lib/thumb/v7-m/nofp\libc_nano.a(libc_a-wbuf.o)
 .ARM.attributes
                0x00000449       0x2d D:/An3 sem2/P2_STM/Program/Aplicatia_CubeCLT/STM32CubeCLT_1.18.0/GNU-tools-for-STM32/bin/../lib/gcc/arm-none-eabi/13.3.1/../../../../arm-none-eabi/lib/thumb/v7-m/nofp\libc_nano.a(libc_a-wsetup.o)
 .ARM.attributes
                0x00000476       0x2d D:/An3 sem2/P2_STM/Program/Aplicatia_CubeCLT/STM32CubeCLT_1.18.0/GNU-tools-for-STM32/bin/../lib/gcc/arm-none-eabi/13.3.1/../../../../arm-none-eabi/lib/thumb/v7-m/nofp\libc_nano.a(libc_a-memset.o)
 .ARM.attributes
                0x000004a3       0x2d D:/An3 sem2/P2_STM/Program/Aplicatia_CubeCLT/STM32CubeCLT_1.18.0/GNU-tools-for-STM32/bin/../lib/gcc/arm-none-eabi/13.3.1/../../../../arm-none-eabi/lib/thumb/v7-m/nofp\libc_nano.a(libc_a-localeconv.o)
 .ARM.attributes
                0x000004d0       0x2d D:/An3 sem2/P2_STM/Program/Aplicatia_CubeCLT/STM32CubeCLT_1.18.0/GNU-tools-for-STM32/bin/../lib/gcc/arm-none-eabi/13.3.1/../../../../arm-none-eabi/lib/thumb/v7-m/nofp\libc_nano.a(libc_a-closer.o)
 .ARM.attributes
                0x000004fd       0x2d D:/An3 sem2/P2_STM/Program/Aplicatia_CubeCLT/STM32CubeCLT_1.18.0/GNU-tools-for-STM32/bin/../lib/gcc/arm-none-eabi/13.3.1/../../../../arm-none-eabi/lib/thumb/v7-m/nofp\libc_nano.a(libc_a-reent.o)
 .ARM.attributes
                0x0000052a       0x2d D:/An3 sem2/P2_STM/Program/Aplicatia_CubeCLT/STM32CubeCLT_1.18.0/GNU-tools-for-STM32/bin/../lib/gcc/arm-none-eabi/13.3.1/../../../../arm-none-eabi/lib/thumb/v7-m/nofp\libc_nano.a(libc_a-impure.o)
 .ARM.attributes
                0x00000557       0x2d D:/An3 sem2/P2_STM/Program/Aplicatia_CubeCLT/STM32CubeCLT_1.18.0/GNU-tools-for-STM32/bin/../lib/gcc/arm-none-eabi/13.3.1/../../../../arm-none-eabi/lib/thumb/v7-m/nofp\libc_nano.a(libc_a-lseekr.o)
 .ARM.attributes
                0x00000584       0x2d D:/An3 sem2/P2_STM/Program/Aplicatia_CubeCLT/STM32CubeCLT_1.18.0/GNU-tools-for-STM32/bin/../lib/gcc/arm-none-eabi/13.3.1/../../../../arm-none-eabi/lib/thumb/v7-m/nofp\libc_nano.a(libc_a-readr.o)
 .ARM.attributes
                0x000005b1       0x2d D:/An3 sem2/P2_STM/Program/Aplicatia_CubeCLT/STM32CubeCLT_1.18.0/GNU-tools-for-STM32/bin/../lib/gcc/arm-none-eabi/13.3.1/../../../../arm-none-eabi/lib/thumb/v7-m/nofp\libc_nano.a(libc_a-writer.o)
 .ARM.attributes
                0x000005de       0x2d D:/An3 sem2/P2_STM/Program/Aplicatia_CubeCLT/STM32CubeCLT_1.18.0/GNU-tools-for-STM32/bin/../lib/gcc/arm-none-eabi/13.3.1/../../../../arm-none-eabi/lib/thumb/v7-m/nofp\libc_nano.a(libc_a-init.o)
 .ARM.attributes
                0x0000060b       0x2d D:/An3 sem2/P2_STM/Program/Aplicatia_CubeCLT/STM32CubeCLT_1.18.0/GNU-tools-for-STM32/bin/../lib/gcc/arm-none-eabi/13.3.1/../../../../arm-none-eabi/lib/thumb/v7-m/nofp\libc_nano.a(libc_a-lock.o)
 .ARM.attributes
                0x00000638       0x2d D:/An3 sem2/P2_STM/Program/Aplicatia_CubeCLT/STM32CubeCLT_1.18.0/GNU-tools-for-STM32/bin/../lib/gcc/arm-none-eabi/13.3.1/../../../../arm-none-eabi/lib/thumb/v7-m/nofp\libc_nano.a(libc_a-memchr-stub.o)
 .ARM.attributes
                0x00000665       0x17 D:/An3 sem2/P2_STM/Program/Aplicatia_CubeCLT/STM32CubeCLT_1.18.0/GNU-tools-for-STM32/bin/../lib/gcc/arm-none-eabi/13.3.1/../../../../arm-none-eabi/lib/thumb/v7-m/nofp\libc_nano.a(libc_a-strlen.o)
 .ARM.attributes
                0x0000067c       0x2d D:/An3 sem2/P2_STM/Program/Aplicatia_CubeCLT/STM32CubeCLT_1.18.0/GNU-tools-for-STM32/bin/../lib/gcc/arm-none-eabi/13.3.1/../../../../arm-none-eabi/lib/thumb/v7-m/nofp\libc_nano.a(libc_a-dtoa.o)
 .ARM.attributes
                0x000006a9       0x2d D:/An3 sem2/P2_STM/Program/Aplicatia_CubeCLT/STM32CubeCLT_1.18.0/GNU-tools-for-STM32/bin/../lib/gcc/arm-none-eabi/13.3.1/../../../../arm-none-eabi/lib/thumb/v7-m/nofp\libc_nano.a(libc_a-freer.o)
 .ARM.attributes
                0x000006d6       0x2d D:/An3 sem2/P2_STM/Program/Aplicatia_CubeCLT/STM32CubeCLT_1.18.0/GNU-tools-for-STM32/bin/../lib/gcc/arm-none-eabi/13.3.1/../../../../arm-none-eabi/lib/thumb/v7-m/nofp\libc_nano.a(libc_a-malloc.o)
 .ARM.attributes
                0x00000703       0x2d D:/An3 sem2/P2_STM/Program/Aplicatia_CubeCLT/STM32CubeCLT_1.18.0/GNU-tools-for-STM32/bin/../lib/gcc/arm-none-eabi/13.3.1/../../../../arm-none-eabi/lib/thumb/v7-m/nofp\libc_nano.a(libc_a-mallocr.o)
 .ARM.attributes
                0x00000730       0x2d D:/An3 sem2/P2_STM/Program/Aplicatia_CubeCLT/STM32CubeCLT_1.18.0/GNU-tools-for-STM32/bin/../lib/gcc/arm-none-eabi/13.3.1/../../../../arm-none-eabi/lib/thumb/v7-m/nofp\libc_nano.a(libc_a-mlock.o)
 .ARM.attributes
                0x0000075d       0x2d D:/An3 sem2/P2_STM/Program/Aplicatia_CubeCLT/STM32CubeCLT_1.18.0/GNU-tools-for-STM32/bin/../lib/gcc/arm-none-eabi/13.3.1/../../../../arm-none-eabi/lib/thumb/v7-m/nofp\libc_nano.a(libc_a-mprec.o)
 .ARM.attributes
                0x0000078a       0x2d D:/An3 sem2/P2_STM/Program/Aplicatia_CubeCLT/STM32CubeCLT_1.18.0/GNU-tools-for-STM32/bin/../lib/gcc/arm-none-eabi/13.3.1/../../../../arm-none-eabi/lib/thumb/v7-m/nofp\libc_nano.a(libc_a-nano-vfprintf.o)
 .ARM.attributes
                0x000007b7       0x2d D:/An3 sem2/P2_STM/Program/Aplicatia_CubeCLT/STM32CubeCLT_1.18.0/GNU-tools-for-STM32/bin/../lib/gcc/arm-none-eabi/13.3.1/../../../../arm-none-eabi/lib/thumb/v7-m/nofp\libc_nano.a(libc_a-fflush.o)
 .ARM.attributes
                0x000007e4       0x2d D:/An3 sem2/P2_STM/Program/Aplicatia_CubeCLT/STM32CubeCLT_1.18.0/GNU-tools-for-STM32/bin/../lib/gcc/arm-none-eabi/13.3.1/../../../../arm-none-eabi/lib/thumb/v7-m/nofp\libc_nano.a(libc_a-makebuf.o)
 .ARM.attributes
                0x00000811       0x2d D:/An3 sem2/P2_STM/Program/Aplicatia_CubeCLT/STM32CubeCLT_1.18.0/GNU-tools-for-STM32/bin/../lib/gcc/arm-none-eabi/13.3.1/../../../../arm-none-eabi/lib/thumb/v7-m/nofp\libc_nano.a(libc_a-locale.o)
 .ARM.attributes
                0x0000083e       0x2d D:/An3 sem2/P2_STM/Program/Aplicatia_CubeCLT/STM32CubeCLT_1.18.0/GNU-tools-for-STM32/bin/../lib/gcc/arm-none-eabi/13.3.1/../../../../arm-none-eabi/lib/thumb/v7-m/nofp\libc_nano.a(libc_a-fstatr.o)
 .ARM.attributes
                0x0000086b       0x2d D:/An3 sem2/P2_STM/Program/Aplicatia_CubeCLT/STM32CubeCLT_1.18.0/GNU-tools-for-STM32/bin/../lib/gcc/arm-none-eabi/13.3.1/../../../../arm-none-eabi/lib/thumb/v7-m/nofp\libc_nano.a(libc_a-isattyr.o)
 .ARM.attributes
                0x00000898       0x2d D:/An3 sem2/P2_STM/Program/Aplicatia_CubeCLT/STM32CubeCLT_1.18.0/GNU-tools-for-STM32/bin/../lib/gcc/arm-none-eabi/13.3.1/../../../../arm-none-eabi/lib/thumb/v7-m/nofp\libc_nano.a(libc_a-sbrkr.o)
 .ARM.attributes
                0x000008c5       0x2d D:/An3 sem2/P2_STM/Program/Aplicatia_CubeCLT/STM32CubeCLT_1.18.0/GNU-tools-for-STM32/bin/../lib/gcc/arm-none-eabi/13.3.1/../../../../arm-none-eabi/lib/thumb/v7-m/nofp\libc_nano.a(libc_a-memcpy-stub.o)
 .ARM.attributes
                0x000008f2       0x2d D:/An3 sem2/P2_STM/Program/Aplicatia_CubeCLT/STM32CubeCLT_1.18.0/GNU-tools-for-STM32/bin/../lib/gcc/arm-none-eabi/13.3.1/../../../../arm-none-eabi/lib/thumb/v7-m/nofp\libc_nano.a(libc_a-assert.o)
 .ARM.attributes
                0x0000091f       0x2d D:/An3 sem2/P2_STM/Program/Aplicatia_CubeCLT/STM32CubeCLT_1.18.0/GNU-tools-for-STM32/bin/../lib/gcc/arm-none-eabi/13.3.1/../../../../arm-none-eabi/lib/thumb/v7-m/nofp\libc_nano.a(libc_a-callocr.o)
 .ARM.attributes
                0x0000094c       0x2d D:/An3 sem2/P2_STM/Program/Aplicatia_CubeCLT/STM32CubeCLT_1.18.0/GNU-tools-for-STM32/bin/../lib/gcc/arm-none-eabi/13.3.1/../../../../arm-none-eabi/lib/thumb/v7-m/nofp\libc_nano.a(libc_a-mbtowc_r.o)
 .ARM.attributes
                0x00000979       0x2d D:/An3 sem2/P2_STM/Program/Aplicatia_CubeCLT/STM32CubeCLT_1.18.0/GNU-tools-for-STM32/bin/../lib/gcc/arm-none-eabi/13.3.1/../../../../arm-none-eabi/lib/thumb/v7-m/nofp\libc_nano.a(libc_a-wctomb_r.o)
 .ARM.attributes
                0x000009a6       0x2d D:/An3 sem2/P2_STM/Program/Aplicatia_CubeCLT/STM32CubeCLT_1.18.0/GNU-tools-for-STM32/bin/../lib/gcc/arm-none-eabi/13.3.1/../../../../arm-none-eabi/lib/thumb/v7-m/nofp\libc_nano.a(libc_a-ctype_.o)
 .ARM.attributes
                0x000009d3       0x2d D:/An3 sem2/P2_STM/Program/Aplicatia_CubeCLT/STM32CubeCLT_1.18.0/GNU-tools-for-STM32/bin/../lib/gcc/arm-none-eabi/13.3.1/../../../../arm-none-eabi/lib/thumb/v7-m/nofp\libc_nano.a(libc_a-fprintf.o)
 .ARM.attributes
                0x00000a00       0x2d D:/An3 sem2/P2_STM/Program/Aplicatia_CubeCLT/STM32CubeCLT_1.18.0/GNU-tools-for-STM32/bin/../lib/gcc/arm-none-eabi/13.3.1/../../../../arm-none-eabi/lib/thumb/v7-m/nofp\libc_nano.a(libc_a-abort.o)
 .ARM.attributes
                0x00000a2d       0x2d D:/An3 sem2/P2_STM/Program/Aplicatia_CubeCLT/STM32CubeCLT_1.18.0/GNU-tools-for-STM32/bin/../lib/gcc/arm-none-eabi/13.3.1/../../../../arm-none-eabi/lib/thumb/v7-m/nofp\libc_nano.a(libc_a-signal.o)
 .ARM.attributes
                0x00000a5a       0x2d D:/An3 sem2/P2_STM/Program/Aplicatia_CubeCLT/STM32CubeCLT_1.18.0/GNU-tools-for-STM32/bin/../lib/gcc/arm-none-eabi/13.3.1/../../../../arm-none-eabi/lib/thumb/v7-m/nofp\libc_nano.a(libc_a-signalr.o)
 .ARM.attributes
                0x00000a87       0x2d D:/An3 sem2/P2_STM/Program/Aplicatia_CubeCLT/STM32CubeCLT_1.18.0/GNU-tools-for-STM32/bin/../lib/gcc/arm-none-eabi/13.3.1/../../../../arm-none-eabi/lib/thumb/v7-m/nofp\libm.a(libm_a-s_atan.o)
 .ARM.attributes
                0x00000ab4       0x2d D:/An3 sem2/P2_STM/Program/Aplicatia_CubeCLT/STM32CubeCLT_1.18.0/GNU-tools-for-STM32/bin/../lib/gcc/arm-none-eabi/13.3.1/../../../../arm-none-eabi/lib/thumb/v7-m/nofp\libm.a(libm_a-s_fabs.o)
 .ARM.attributes
                0x00000ae1       0x2d D:/An3 sem2/P2_STM/Program/Aplicatia_CubeCLT/STM32CubeCLT_1.18.0/GNU-tools-for-STM32/bin/../lib/gcc/arm-none-eabi/13.3.1/../../../../arm-none-eabi/lib/thumb/v7-m/nofp\libnosys.a(close.o)
 .ARM.attributes
                0x00000b0e       0x2d D:/An3 sem2/P2_STM/Program/Aplicatia_CubeCLT/STM32CubeCLT_1.18.0/GNU-tools-for-STM32/bin/../lib/gcc/arm-none-eabi/13.3.1/../../../../arm-none-eabi/lib/thumb/v7-m/nofp\libnosys.a(fstat.o)
 .ARM.attributes
                0x00000b3b       0x2d D:/An3 sem2/P2_STM/Program/Aplicatia_CubeCLT/STM32CubeCLT_1.18.0/GNU-tools-for-STM32/bin/../lib/gcc/arm-none-eabi/13.3.1/../../../../arm-none-eabi/lib/thumb/v7-m/nofp\libnosys.a(getpid.o)
 .ARM.attributes
                0x00000b68       0x2d D:/An3 sem2/P2_STM/Program/Aplicatia_CubeCLT/STM32CubeCLT_1.18.0/GNU-tools-for-STM32/bin/../lib/gcc/arm-none-eabi/13.3.1/../../../../arm-none-eabi/lib/thumb/v7-m/nofp\libnosys.a(isatty.o)
 .ARM.attributes
                0x00000b95       0x2d D:/An3 sem2/P2_STM/Program/Aplicatia_CubeCLT/STM32CubeCLT_1.18.0/GNU-tools-for-STM32/bin/../lib/gcc/arm-none-eabi/13.3.1/../../../../arm-none-eabi/lib/thumb/v7-m/nofp\libnosys.a(kill.o)
 .ARM.attributes
                0x00000bc2       0x2d D:/An3 sem2/P2_STM/Program/Aplicatia_CubeCLT/STM32CubeCLT_1.18.0/GNU-tools-for-STM32/bin/../lib/gcc/arm-none-eabi/13.3.1/../../../../arm-none-eabi/lib/thumb/v7-m/nofp\libnosys.a(lseek.o)
 .ARM.attributes
                0x00000bef       0x2d D:/An3 sem2/P2_STM/Program/Aplicatia_CubeCLT/STM32CubeCLT_1.18.0/GNU-tools-for-STM32/bin/../lib/gcc/arm-none-eabi/13.3.1/../../../../arm-none-eabi/lib/thumb/v7-m/nofp\libnosys.a(read.o)
 .ARM.attributes
                0x00000c1c       0x2d D:/An3 sem2/P2_STM/Program/Aplicatia_CubeCLT/STM32CubeCLT_1.18.0/GNU-tools-for-STM32/bin/../lib/gcc/arm-none-eabi/13.3.1/../../../../arm-none-eabi/lib/thumb/v7-m/nofp\libnosys.a(sbrk.o)
 .ARM.attributes
                0x00000c49       0x2d D:/An3 sem2/P2_STM/Program/Aplicatia_CubeCLT/STM32CubeCLT_1.18.0/GNU-tools-for-STM32/bin/../lib/gcc/arm-none-eabi/13.3.1/../../../../arm-none-eabi/lib/thumb/v7-m/nofp\libnosys.a(_exit.o)
 .ARM.attributes
                0x00000c76       0x1d D:/An3 sem2/P2_STM/Program/Aplicatia_CubeCLT/STM32CubeCLT_1.18.0/GNU-tools-for-STM32/bin/../lib/gcc/arm-none-eabi/13.3.1/thumb/v7-m/nofp\libgcc.a(_arm_addsubdf3.o)
 .ARM.attributes
                0x00000c93       0x1d D:/An3 sem2/P2_STM/Program/Aplicatia_CubeCLT/STM32CubeCLT_1.18.0/GNU-tools-for-STM32/bin/../lib/gcc/arm-none-eabi/13.3.1/thumb/v7-m/nofp\libgcc.a(_arm_muldivdf3.o)
 .ARM.attributes
                0x00000cb0       0x1d D:/An3 sem2/P2_STM/Program/Aplicatia_CubeCLT/STM32CubeCLT_1.18.0/GNU-tools-for-STM32/bin/../lib/gcc/arm-none-eabi/13.3.1/thumb/v7-m/nofp\libgcc.a(_arm_cmpdf2.o)
 .ARM.attributes
                0x00000ccd       0x1d D:/An3 sem2/P2_STM/Program/Aplicatia_CubeCLT/STM32CubeCLT_1.18.0/GNU-tools-for-STM32/bin/../lib/gcc/arm-none-eabi/13.3.1/thumb/v7-m/nofp\libgcc.a(_arm_unorddf2.o)
 .ARM.attributes
                0x00000cea       0x1d D:/An3 sem2/P2_STM/Program/Aplicatia_CubeCLT/STM32CubeCLT_1.18.0/GNU-tools-for-STM32/bin/../lib/gcc/arm-none-eabi/13.3.1/thumb/v7-m/nofp\libgcc.a(_arm_fixdfsi.o)
 .ARM.attributes
                0x00000d07       0x1d D:/An3 sem2/P2_STM/Program/Aplicatia_CubeCLT/STM32CubeCLT_1.18.0/GNU-tools-for-STM32/bin/../lib/gcc/arm-none-eabi/13.3.1/thumb/v7-m/nofp\libgcc.a(_arm_truncdfsf2.o)
 .ARM.attributes
                0x00000d24       0x1d D:/An3 sem2/P2_STM/Program/Aplicatia_CubeCLT/STM32CubeCLT_1.18.0/GNU-tools-for-STM32/bin/../lib/gcc/arm-none-eabi/13.3.1/thumb/v7-m/nofp\libgcc.a(_arm_addsubsf3.o)
 .ARM.attributes
                0x00000d41       0x1d D:/An3 sem2/P2_STM/Program/Aplicatia_CubeCLT/STM32CubeCLT_1.18.0/GNU-tools-for-STM32/bin/../lib/gcc/arm-none-eabi/13.3.1/thumb/v7-m/nofp\libgcc.a(_arm_muldivsf3.o)
 .ARM.attributes
                0x00000d5e       0x1d D:/An3 sem2/P2_STM/Program/Aplicatia_CubeCLT/STM32CubeCLT_1.18.0/GNU-tools-for-STM32/bin/../lib/gcc/arm-none-eabi/13.3.1/thumb/v7-m/nofp\libgcc.a(_arm_cmpsf2.o)
 .ARM.attributes
                0x00000d7b       0x1d D:/An3 sem2/P2_STM/Program/Aplicatia_CubeCLT/STM32CubeCLT_1.18.0/GNU-tools-for-STM32/bin/../lib/gcc/arm-none-eabi/13.3.1/thumb/v7-m/nofp/crtn.o

.comment        0x00000000       0x43
 .comment       0x00000000       0x43 build/main.o
                                 0x44 (size before relaxing)
 .comment       0x00000043       0x44 build/stm32f1xx_it.o
 .comment       0x00000043       0x44 build/stm32f1xx_hal_msp.o
 .comment       0x00000043       0x44 build/stm32f1xx_hal_adc.o
 .comment       0x00000043       0x44 build/stm32f1xx_hal.o
 .comment       0x00000043       0x44 build/stm32f1xx_hal_rcc.o
 .comment       0x00000043       0x44 build/stm32f1xx_hal_rcc_ex.o
 .comment       0x00000043       0x44 build/stm32f1xx_hal_gpio.o
 .comment       0x00000043       0x44 build/stm32f1xx_hal_dma.o
 .comment       0x00000043       0x44 build/stm32f1xx_hal_cortex.o
 .comment       0x00000043       0x44 build/stm32f1xx_hal_uart.o
 .comment       0x00000043       0x44 build/stm32f1xx_hal_pcd.o
 .comment       0x00000043       0x44 build/stm32f1xx_ll_usb.o
 .comment       0x00000043       0x44 build/system_stm32f1xx.o

.debug_info     0x00000000     0xfed7
 .debug_info    0x00000000     0x1ad0 build/main.o
 .debug_info    0x00001ad0      0x6f9 build/stm32f1xx_it.o
 .debug_info    0x000021c9     0x141e build/stm32f1xx_hal_msp.o
 .debug_info    0x000035e7     0x108e build/stm32f1xx_hal_adc.o
 .debug_info    0x00004675      0x880 build/stm32f1xx_hal.o
 .debug_info    0x00004ef5      0xb10 build/stm32f1xx_hal_rcc.o
 .debug_info    0x00005a05      0x47d build/stm32f1xx_hal_rcc_ex.o
 .debug_info    0x00005e82      0x6d7 build/stm32f1xx_hal_gpio.o
 .debug_info    0x00006559      0x8d5 build/stm32f1xx_hal_dma.o
 .debug_info    0x00006e2e      0xe3f build/stm32f1xx_hal_cortex.o
 .debug_info    0x00007c6d     0x430f build/stm32f1xx_hal_uart.o
 .debug_info    0x0000bf7c     0x1f87 build/stm32f1xx_hal_pcd.o
 .debug_info    0x0000df03     0x1d36 build/stm32f1xx_ll_usb.o
 .debug_info    0x0000fc39      0x26e build/system_stm32f1xx.o
 .debug_info    0x0000fea7       0x30 build/startup_stm32f103xb.o

.debug_abbrev   0x00000000     0x2266
 .debug_abbrev  0x00000000      0x2ef build/main.o
 .debug_abbrev  0x000002ef      0x172 build/stm32f1xx_it.o
 .debug_abbrev  0x00000461      0x22f build/stm32f1xx_hal_msp.o
 .debug_abbrev  0x00000690      0x282 build/stm32f1xx_hal_adc.o
 .debug_abbrev  0x00000912      0x232 build/stm32f1xx_hal.o
 .debug_abbrev  0x00000b44      0x2d6 build/stm32f1xx_hal_rcc.o
 .debug_abbrev  0x00000e1a      0x1d4 build/stm32f1xx_hal_rcc_ex.o
 .debug_abbrev  0x00000fee      0x222 build/stm32f1xx_hal_gpio.o
 .debug_abbrev  0x00001210      0x261 build/stm32f1xx_hal_dma.o
 .debug_abbrev  0x00001471      0x3aa build/stm32f1xx_hal_cortex.o
 .debug_abbrev  0x0000181b      0x35f build/stm32f1xx_hal_uart.o
 .debug_abbrev  0x00001b7a      0x32d build/stm32f1xx_hal_pcd.o
 .debug_abbrev  0x00001ea7      0x262 build/stm32f1xx_ll_usb.o
 .debug_abbrev  0x00002109      0x140 build/system_stm32f1xx.o
 .debug_abbrev  0x00002249       0x1d build/startup_stm32f103xb.o

.debug_loc      0x00000000     0xc1ab
 .debug_loc     0x00000000      0x2c9 build/main.o
 .debug_loc     0x000002c9       0x40 build/stm32f1xx_it.o
 .debug_loc     0x00000309      0x26d build/stm32f1xx_hal_msp.o
 .debug_loc     0x00000576      0xf1c build/stm32f1xx_hal_adc.o
 .debug_loc     0x00001492      0x1f9 build/stm32f1xx_hal.o
 .debug_loc     0x0000168b      0x7c6 build/stm32f1xx_hal_rcc.o
 .debug_loc     0x00001e51      0x4a9 build/stm32f1xx_hal_rcc_ex.o
 .debug_loc     0x000022fa      0x56c build/stm32f1xx_hal_gpio.o
 .debug_loc     0x00002866      0x990 build/stm32f1xx_hal_dma.o
 .debug_loc     0x000031f6      0x8b4 build/stm32f1xx_hal_cortex.o
 .debug_loc     0x00003aaa     0x4ff4 build/stm32f1xx_hal_uart.o
 .debug_loc     0x00008a9e     0x1aa9 build/stm32f1xx_hal_pcd.o
 .debug_loc     0x0000a547     0x1b49 build/stm32f1xx_ll_usb.o
 .debug_loc     0x0000c090      0x11b build/system_stm32f1xx.o

.debug_aranges  0x00000000      0x9d0
 .debug_aranges
                0x00000000       0x60 build/main.o
 .debug_aranges
                0x00000060       0x68 build/stm32f1xx_it.o
 .debug_aranges
                0x000000c8       0x50 build/stm32f1xx_hal_msp.o
 .debug_aranges
                0x00000118       0xf0 build/stm32f1xx_hal_adc.o
 .debug_aranges
                0x00000208       0xe0 build/stm32f1xx_hal.o
 .debug_aranges
                0x000002e8       0x90 build/stm32f1xx_hal_rcc.o
 .debug_aranges
                0x00000378       0x30 build/stm32f1xx_hal_rcc_ex.o
 .debug_aranges
                0x000003a8       0x58 build/stm32f1xx_hal_gpio.o
 .debug_aranges
                0x00000400       0x80 build/stm32f1xx_hal_dma.o
 .debug_aranges
                0x00000480       0xc0 build/stm32f1xx_hal_cortex.o
 .debug_aranges
                0x00000540      0x208 build/stm32f1xx_hal_uart.o
 .debug_aranges
                0x00000748      0x140 build/stm32f1xx_hal_pcd.o
 .debug_aranges
                0x00000888       0xf8 build/stm32f1xx_ll_usb.o
 .debug_aranges
                0x00000980       0x28 build/system_stm32f1xx.o
 .debug_aranges
                0x000009a8       0x28 build/startup_stm32f103xb.o

.debug_ranges   0x00000000      0xcc8
 .debug_ranges  0x00000000       0x98 build/main.o
 .debug_ranges  0x00000098       0x58 build/stm32f1xx_it.o
 .debug_ranges  0x000000f0       0x40 build/stm32f1xx_hal_msp.o
 .debug_ranges  0x00000130       0xe0 build/stm32f1xx_hal_adc.o
 .debug_ranges  0x00000210       0xd0 build/stm32f1xx_hal.o
 .debug_ranges  0x000002e0       0xa0 build/stm32f1xx_hal_rcc.o
 .debug_ranges  0x00000380       0x38 build/stm32f1xx_hal_rcc_ex.o
 .debug_ranges  0x000003b8       0x48 build/stm32f1xx_hal_gpio.o
 .debug_ranges  0x00000400       0x70 build/stm32f1xx_hal_dma.o
 .debug_ranges  0x00000470       0xb0 build/stm32f1xx_hal_cortex.o
 .debug_ranges  0x00000520      0x210 build/stm32f1xx_hal_uart.o
 .debug_ranges  0x00000730      0x240 build/stm32f1xx_hal_pcd.o
 .debug_ranges  0x00000970      0x320 build/stm32f1xx_ll_usb.o
 .debug_ranges  0x00000c90       0x18 build/system_stm32f1xx.o
 .debug_ranges  0x00000ca8       0x20 build/startup_stm32f103xb.o

.debug_line     0x00000000     0xb9b4
 .debug_line    0x00000000      0x8be build/main.o
 .debug_line    0x000008be      0x33a build/stm32f1xx_it.o
 .debug_line    0x00000bf8      0x479 build/stm32f1xx_hal_msp.o
 .debug_line    0x00001071      0xf0c build/stm32f1xx_hal_adc.o
 .debug_line    0x00001f7d      0x5b6 build/stm32f1xx_hal.o
 .debug_line    0x00002533      0xd32 build/stm32f1xx_hal_rcc.o
 .debug_line    0x00003265      0x532 build/stm32f1xx_hal_rcc_ex.o
 .debug_line    0x00003797      0x658 build/stm32f1xx_hal_gpio.o
 .debug_line    0x00003def      0xb77 build/stm32f1xx_hal_dma.o
 .debug_line    0x00004966      0x72f build/stm32f1xx_hal_cortex.o
 .debug_line    0x00005095     0x3527 build/stm32f1xx_hal_uart.o
 .debug_line    0x000085bc     0x18bc build/stm32f1xx_hal_pcd.o
 .debug_line    0x00009e78     0x17fe build/stm32f1xx_ll_usb.o
 .debug_line    0x0000b676      0x2cd build/system_stm32f1xx.o
 .debug_line    0x0000b943       0x71 build/startup_stm32f103xb.o

.debug_str      0x00000000     0x2f19
 .debug_str     0x00000000     0x2f19 build/main.o
                                0xe7f (size before relaxing)
 .debug_str     0x00002f19      0x637 build/stm32f1xx_it.o
 .debug_str     0x00002f19      0xe15 build/stm32f1xx_hal_msp.o
 .debug_str     0x00002f19      0x8b4 build/stm32f1xx_hal_adc.o
 .debug_str     0x00002f19      0x808 build/stm32f1xx_hal.o
 .debug_str     0x00002f19      0x605 build/stm32f1xx_hal_rcc.o
 .debug_str     0x00002f19      0x3ad build/stm32f1xx_hal_rcc_ex.o
 .debug_str     0x00002f19      0x3da build/stm32f1xx_hal_gpio.o
 .debug_str     0x00002f19      0x5d7 build/stm32f1xx_hal_dma.o
 .debug_str     0x00002f19      0x8ad build/stm32f1xx_hal_cortex.o
 .debug_str     0x00002f19      0xcce build/stm32f1xx_hal_uart.o
 .debug_str     0x00002f19      0xafd build/stm32f1xx_hal_pcd.o
 .debug_str     0x00002f19      0x6ff build/stm32f1xx_ll_usb.o
 .debug_str     0x00002f19      0x22e build/system_stm32f1xx.o
 .debug_str     0x00002f19       0x65 build/startup_stm32f103xb.o

.debug_frame    0x00000000     0x2bdc
 .debug_frame   0x00000000       0xfc build/main.o
 .debug_frame   0x000000fc       0xc0 build/stm32f1xx_it.o
 .debug_frame   0x000001bc       0xc4 build/stm32f1xx_hal_msp.o
 .debug_frame   0x00000280      0x2c8 build/stm32f1xx_hal_adc.o
 .debug_frame   0x00000548      0x1cc build/stm32f1xx_hal.o
 .debug_frame   0x00000714      0x184 build/stm32f1xx_hal_rcc.o
 .debug_frame   0x00000898       0x5c build/stm32f1xx_hal_rcc_ex.o
 .debug_frame   0x000008f4       0xe4 build/stm32f1xx_hal_gpio.o
 .debug_frame   0x000009d8      0x144 build/stm32f1xx_hal_dma.o
 .debug_frame   0x00000b1c      0x19c build/stm32f1xx_hal_cortex.o
 .debug_frame   0x00000cb8      0x5dc build/stm32f1xx_hal_uart.o
 .debug_frame   0x00001294      0x358 build/stm32f1xx_hal_pcd.o
 .debug_frame   0x000015ec      0x200 build/stm32f1xx_ll_usb.o
 .debug_frame   0x000017ec       0x30 build/system_stm32f1xx.o
 .debug_frame   0x0000181c       0x90 D:/An3 sem2/P2_STM/Program/Aplicatia_CubeCLT/STM32CubeCLT_1.18.0/GNU-tools-for-STM32/bin/../lib/gcc/arm-none-eabi/13.3.1/../../../../arm-none-eabi/lib/thumb/v7-m/nofp\libc_nano.a(libc_a-nano-vfprintf_float.o)
 .debug_frame   0x000018ac       0x60 D:/An3 sem2/P2_STM/Program/Aplicatia_CubeCLT/STM32CubeCLT_1.18.0/GNU-tools-for-STM32/bin/../lib/gcc/arm-none-eabi/13.3.1/../../../../arm-none-eabi/lib/thumb/v7-m/nofp\libc_nano.a(libc_a-nano-vfprintf_i.o)
 .debug_frame   0x0000190c      0x144 D:/An3 sem2/P2_STM/Program/Aplicatia_CubeCLT/STM32CubeCLT_1.18.0/GNU-tools-for-STM32/bin/../lib/gcc/arm-none-eabi/13.3.1/../../../../arm-none-eabi/lib/thumb/v7-m/nofp\libc_nano.a(libc_a-findfp.o)
 .debug_frame   0x00001a50       0x34 D:/An3 sem2/P2_STM/Program/Aplicatia_CubeCLT/STM32CubeCLT_1.18.0/GNU-tools-for-STM32/bin/../lib/gcc/arm-none-eabi/13.3.1/../../../../arm-none-eabi/lib/thumb/v7-m/nofp\libc_nano.a(libc_a-fwalk.o)
 .debug_frame   0x00001a84       0x6c D:/An3 sem2/P2_STM/Program/Aplicatia_CubeCLT/STM32CubeCLT_1.18.0/GNU-tools-for-STM32/bin/../lib/gcc/arm-none-eabi/13.3.1/../../../../arm-none-eabi/lib/thumb/v7-m/nofp\libc_nano.a(libc_a-printf.o)
 .debug_frame   0x00001af0       0x3c D:/An3 sem2/P2_STM/Program/Aplicatia_CubeCLT/STM32CubeCLT_1.18.0/GNU-tools-for-STM32/bin/../lib/gcc/arm-none-eabi/13.3.1/../../../../arm-none-eabi/lib/thumb/v7-m/nofp\libc_nano.a(libc_a-puts.o)
 .debug_frame   0x00001b2c       0x88 D:/An3 sem2/P2_STM/Program/Aplicatia_CubeCLT/STM32CubeCLT_1.18.0/GNU-tools-for-STM32/bin/../lib/gcc/arm-none-eabi/13.3.1/../../../../arm-none-eabi/lib/thumb/v7-m/nofp\libc_nano.a(libc_a-stdio.o)
 .debug_frame   0x00001bb4       0x40 D:/An3 sem2/P2_STM/Program/Aplicatia_CubeCLT/STM32CubeCLT_1.18.0/GNU-tools-for-STM32/bin/../lib/gcc/arm-none-eabi/13.3.1/../../../../arm-none-eabi/lib/thumb/v7-m/nofp\libc_nano.a(libc_a-wbuf.o)
 .debug_frame   0x00001bf4       0x2c D:/An3 sem2/P2_STM/Program/Aplicatia_CubeCLT/STM32CubeCLT_1.18.0/GNU-tools-for-STM32/bin/../lib/gcc/arm-none-eabi/13.3.1/../../../../arm-none-eabi/lib/thumb/v7-m/nofp\libc_nano.a(libc_a-wsetup.o)
 .debug_frame   0x00001c20       0x20 D:/An3 sem2/P2_STM/Program/Aplicatia_CubeCLT/STM32CubeCLT_1.18.0/GNU-tools-for-STM32/bin/../lib/gcc/arm-none-eabi/13.3.1/../../../../arm-none-eabi/lib/thumb/v7-m/nofp\libc_nano.a(libc_a-memset.o)
 .debug_frame   0x00001c40       0x40 D:/An3 sem2/P2_STM/Program/Aplicatia_CubeCLT/STM32CubeCLT_1.18.0/GNU-tools-for-STM32/bin/../lib/gcc/arm-none-eabi/13.3.1/../../../../arm-none-eabi/lib/thumb/v7-m/nofp\libc_nano.a(libc_a-localeconv.o)