Archive member included to satisfy reference by file (symbol)

D:/An3 sem2/P2_STM/Program/Aplicatia_CubeCLT/STM32CubeCLT_1.18.0/GNU-tools-for-STM32/bin/../lib/gcc/arm-none-eabi/13.3.1/../../../../arm-none-eabi/lib/thumb/v7-m/nofp\libc_nano.a(libc_a-exit.o)
                              D:/An3 sem2/P2_STM/Program/Aplicatia_CubeCLT/STM32CubeCLT_1.18.0/GNU-tools-for-STM32/bin/../lib/gcc/arm-none-eabi/13.3.1/../../../../arm-none-eabi/lib/thumb/v7-m/nofp/crt0.o (exit)
D:/An3 sem2/P2_STM/Program/Aplicatia_CubeCLT/STM32CubeCLT_1.18.0/GNU-tools-for-STM32/bin/../lib/gcc/arm-none-eabi/13.3.1/../../../../arm-none-eabi/lib/thumb/v7-m/nofp\libc_nano.a(libc_a-nano-vfprintf_float.o)
                              (_printf_float)
D:/An3 sem2/P2_STM/Program/Aplicatia_CubeCLT/STM32CubeCLT_1.18.0/GNU-tools-for-STM32/bin/../lib/gcc/arm-none-eabi/13.3.1/../../../../arm-none-eabi/lib/thumb/v7-m/nofp\libc_nano.a(libc_a-nano-vfprintf_i.o)
                              D:/An3 sem2/P2_STM/Program/Aplicatia_CubeCLT/STM32CubeCLT_1.18.0/GNU-tools-for-STM32/bin/../lib/gcc/arm-none-eabi/13.3.1/../../../../arm-none-eabi/lib/thumb/v7-m/nofp\libc_nano.a(libc_a-nano-vfprintf_float.o) (_printf_common)
D:/An3 sem2/P2_STM/Program/Aplicatia_CubeCLT/STM32CubeCLT_1.18.0/GNU-tools-for-STM32/bin/../lib/gcc/arm-none-eabi/13.3.1/../../../../arm-none-eabi/lib/thumb/v7-m/nofp\libc_nano.a(libc_a-findfp.o)
                              D:/An3 sem2/P2_STM/Program/Aplicatia_CubeCLT/STM32CubeCLT_1.18.0/GNU-tools-for-STM32/bin/../lib/gcc/arm-none-eabi/13.3.1/../../../../arm-none-eabi/lib/thumb/v7-m/nofp\libc_nano.a(libc_a-exit.o) (__stdio_exit_handler)
D:/An3 sem2/P2_STM/Program/Aplicatia_CubeCLT/STM32CubeCLT_1.18.0/GNU-tools-for-STM32/bin/../lib/gcc/arm-none-eabi/13.3.1/../../../../arm-none-eabi/lib/thumb/v7-m/nofp\libc_nano.a(libc_a-fwalk.o)
                              D:/An3 sem2/P2_STM/Program/Aplicatia_CubeCLT/STM32CubeCLT_1.18.0/GNU-tools-for-STM32/bin/../lib/gcc/arm-none-eabi/13.3.1/../../../../arm-none-eabi/lib/thumb/v7-m/nofp\libc_nano.a(libc_a-findfp.o) (_fwalk_sglue)
D:/An3 sem2/P2_STM/Program/Aplicatia_CubeCLT/STM32CubeCLT_1.18.0/GNU-tools-for-STM32/bin/../lib/gcc/arm-none-eabi/13.3.1/../../../../arm-none-eabi/lib/thumb/v7-m/nofp\libc_nano.a(libc_a-printf.o)
                              build/main.o (printf)
D:/An3 sem2/P2_STM/Program/Aplicatia_CubeCLT/STM32CubeCLT_1.18.0/GNU-tools-for-STM32/bin/../lib/gcc/arm-none-eabi/13.3.1/../../../../arm-none-eabi/lib/thumb/v7-m/nofp\libc_nano.a(libc_a-puts.o)
                              build/main.o (puts)
D:/An3 sem2/P2_STM/Program/Aplicatia_CubeCLT/STM32CubeCLT_1.18.0/GNU-tools-for-STM32/bin/../lib/gcc/arm-none-eabi/13.3.1/../../../../arm-none-eabi/lib/thumb/v7-m/nofp\libc_nano.a(libc_a-stdio.o)
                              D:/An3 sem2/P2_STM/Program/Aplicatia_CubeCLT/STM32CubeCLT_1.18.0/GNU-tools-for-STM32/bin/../lib/gcc/arm-none-eabi/13.3.1/../../../../arm-none-eabi/lib/thumb/v7-m/nofp\libc_nano.a(libc_a-findfp.o) (__sread)
D:/An3 sem2/P2_STM/Program/Aplicatia_CubeCLT/STM32CubeCLT_1.18.0/GNU-tools-for-STM32/bin/../lib/gcc/arm-none-eabi/13.3.1/../../../../arm-none-eabi/lib/thumb/v7-m/nofp\libc_nano.a(libc_a-wbuf.o)
                              D:/An3 sem2/P2_STM/Program/Aplicatia_CubeCLT/STM32CubeCLT_1.18.0/GNU-tools-for-STM32/bin/../lib/gcc/arm-none-eabi/13.3.1/../../../../arm-none-eabi/lib/thumb/v7-m/nofp\libc_nano.a(libc_a-puts.o) (__swbuf_r)
D:/An3 sem2/P2_STM/Program/Aplicatia_CubeCLT/STM32CubeCLT_1.18.0/GNU-tools-for-STM32/bin/../lib/gcc/arm-none-eabi/13.3.1/../../../../arm-none-eabi/lib/thumb/v7-m/nofp\libc_nano.a(libc_a-wsetup.o)
                              D:/An3 sem2/P2_STM/Program/Aplicatia_CubeCLT/STM32CubeCLT_1.18.0/GNU-tools-for-STM32/bin/../lib/gcc/arm-none-eabi/13.3.1/../../../../arm-none-eabi/lib/thumb/v7-m/nofp\libc_nano.a(libc_a-puts.o) (__swsetup_r)
D:/An3 sem2/P2_STM/Program/Aplicatia_CubeCLT/STM32CubeCLT_1.18.0/GNU-tools-for-STM32/bin/../lib/gcc/arm-none-eabi/13.3.1/../../../../arm-none-eabi/lib/thumb/v7-m/nofp\libc_nano.a(libc_a-memset.o)
                              D:/An3 sem2/P2_STM/Program/Aplicatia_CubeCLT/STM32CubeCLT_1.18.0/GNU-tools-for-STM32/bin/../lib/gcc/arm-none-eabi/13.3.1/../../../../arm-none-eabi/lib/thumb/v7-m/nofp/crt0.o (memset)
D:/An3 sem2/P2_STM/Program/Aplicatia_CubeCLT/STM32CubeCLT_1.18.0/GNU-tools-for-STM32/bin/../lib/gcc/arm-none-eabi/13.3.1/../../../../arm-none-eabi/lib/thumb/v7-m/nofp\libc_nano.a(libc_a-localeconv.o)
                              D:/An3 sem2/P2_STM/Program/Aplicatia_CubeCLT/STM32CubeCLT_1.18.0/GNU-tools-for-STM32/bin/../lib/gcc/arm-none-eabi/13.3.1/../../../../arm-none-eabi/lib/thumb/v7-m/nofp\libc_nano.a(libc_a-nano-vfprintf_float.o) (_localeconv_r)
D:/An3 sem2/P2_STM/Program/Aplicatia_CubeCLT/STM32CubeCLT_1.18.0/GNU-tools-for-STM32/bin/../lib/gcc/arm-none-eabi/13.3.1/../../../../arm-none-eabi/lib/thumb/v7-m/nofp\libc_nano.a(libc_a-closer.o)
[...]
Memory Configuration

Name             Origin             Length             Attributes
RAM              0x20000000         0x00005000         xrw
FLASH            0x08000000         0x00020000         xr
*default*        0x00000000         0xffffffff

Linker script and memory map

LOAD D:/An3 sem2/P2_STM/Program/Aplicatia_CubeCLT/STM32CubeCLT_1.18.0/GNU-tools-for-STM32/bin/../lib/gcc/arm-none-eabi/13.3.1/thumb/v7-m/nofp/crti.o
LOAD D:/An3 sem2/P2_STM/Program/Aplicatia_CubeCLT/STM32CubeCLT_1.18.0/GNU-tools-for-STM32/bin/../lib/gcc/arm-none-eabi/13.3.1/thumb/v7-m/nofp/crtbegin.o
LOAD D:/An3 sem2/P2_STM/Program/Aplicatia_CubeCLT/STM32CubeCLT_1.18.0/GNU-tools-for-STM32/bin/../lib/gcc/arm-none-eabi/13.3.1/../../../../arm-none-eabi/lib/thumb/v7-m/nofp/crt0.o
LOAD build/main.o
LOAD build/stm32f1xx_it.o
LOAD build/stm32f1xx_hal_msp.o
LOAD build/stm32f1xx_hal_gpio_ex.o
LOAD build/stm32f1xx_hal_adc.o
LOAD build/stm32f1xx_hal_adc_ex.o
LOAD build/stm32f1xx_hal.o
LOAD build/stm32f1xx_hal_rcc.o
LOAD build/stm32f1xx_hal_rcc_ex.o
LOAD build/stm32f1xx_hal_gpio.o
LOAD build/stm32f1xx_hal_dma.o
LOAD build/stm32f1xx_hal_cortex.o
LOAD build/stm32f1xx_hal_pwr.o
LOAD build/stm32f1xx_hal_flash.o
LOAD build/stm32f1xx_hal_flash_ex.o
LOAD build/stm32f1xx_hal_exti.o
LOAD build/stm32f1xx_hal_tim.o
LOAD build/stm32f1xx_hal_tim_ex.o
LOAD build/stm32f1xx_hal_uart.o
LOAD build/stm32f1xx_hal_pcd.o
LOAD build/stm32f1xx_hal_pcd_ex.o
LOAD build/stm32f1xx_ll_usb.o
LOAD build/system_stm32f1xx.o
LOAD build/startup_stm32f103xb.o
LOAD D:/An3 sem2/P2_STM/Program/Aplicatia_CubeCLT/STM32CubeCLT_1.18.0/GNU-tools-for-STM32/bin/../lib/gcc/arm-none-eabi/13.3.1/../../../../arm-none-eabi/lib/thumb/v7-m/nofp\libc_nano.a
LOAD D:/An3 sem2/P2_STM/Program/Aplicatia_CubeCLT/STM32CubeCLT_1.18.0/GNU-tools-for-STM32/bin/../lib/gcc/arm-none-eabi/13.3.1/../../../../arm-none-eabi/lib/thumb/v7-m/nofp\libm.a
LOAD D:/An3 sem2/P2_STM/Program/Aplicatia_CubeCLT/STM32CubeCLT_1.18.0/GNU-tools-for-STM32/bin/../lib/gcc/arm-none-eabi/13.3.1/../../../../arm-none-eabi/lib/thumb/v7-m/nofp\libnosys.a
START GROUP
LOAD D:/An3 sem2/P2_STM/Program/Aplicatia_CubeCLT/STM32CubeCLT_1.18.0/GNU-tools-for-STM32/bin/../lib/gcc/arm-none-eabi/13.3.1/thumb/v7-m/nofp\libgcc.a
LOAD D:/An3 sem2/P2_STM/Program/Aplicatia_CubeCLT/STM32CubeCLT_1.18.0/GNU-tools-for-STM32/bin/../lib/gcc/arm-none-eabi/13.3.1/../../../../arm-none-eabi/lib/thumb/v7-m/nofp\libc_nano.a
END GROUP
START GROUP
LOAD D:/An3 sem2/P2_STM/Program/Aplicatia_CubeCLT/STM32CubeCLT_1.18.0/GNU-tools-for-STM32/bin/../lib/gcc/arm-none-eabi/13.3.1/thumb/v7-m/nofp\libgcc.a
LOAD D:/An3 sem2/P2_STM/Program/Aplicatia_CubeCLT/STM32CubeCLT_1.18.0/GNU-tools-for-STM32/bin/../lib/gcc/arm-none-eabi/13.3.1/../../../../arm-none-eabi/lib/thumb/v7-m/nofp\libc_nano.a
END GROUP
LOAD D:/An3 sem2/P2_STM/Program/Aplicatia_CubeCLT/STM32CubeCLT_1.18.0/GNU-tools-for-STM32/bin/../lib/gcc/arm-none-eabi/13.3.1/thumb/v7-m/nofp/crtend.o
LOAD D:/An3 sem2/P2_STM/Program/Aplicatia_CubeCLT/STM32CubeCLT_1.18.0/GNU-tools-for-STM32/bin/../lib/gcc/arm-none-eabi/13.3.1/thumb/v7-m/nofp/crtn.o
                0x20005000                        _estack = (ORIGIN (RAM) + LENGTH (RAM))
                0x00000200                        _Min_Heap_Size = 0x200
                0x00000400                        _Min_Stack_Size = 0x400

.isr_vector     0x08000000      0x10c
                0x08000000                        . = ALIGN (0x4)
 *(.isr_vector)
 .isr_vector    0x08000000      0x10c build/startup_stm32f103xb.o
                0x08000000                g_pfnVectors
                0x0800010c                        . = ALIGN (0x4)

.text           0x08000110     0x6598
                0x08000110                        . = ALIGN (0x4)
 *(.text)
 .text          0x08000110       0x40 D:/An3 sem2/P2_STM/Program/Aplicatia_CubeCLT/STM32CubeCLT_1.18.0/GNU-tools-for-STM32/bin/../lib/gcc/arm-none-eabi/13.3.1/thumb/v7-m/nofp/crtbegin.o
 .text          0x08000150       0x10 D:/An3 sem2/P2_STM/Program/Aplicatia_CubeCLT/STM32CubeCLT_1.18.0/GNU-tools-for-STM32/bin/../lib/gcc/arm-none-eabi/13.3.1/../../../../arm-none-eabi/lib/thumb/v7-m/nofp\libc_nano.a(libc_a-strlen.o)
                0x08000150                strlen
 .text          0x08000160      0x378 D:/An3 sem2/P2_STM/Program/Aplicatia_CubeCLT/STM32CubeCLT_1.18.0/GNU-tools-for-STM32/bin/../lib/gcc/arm-none-eabi/13.3.1/thumb/v7-m/nofp\libgcc.a(_arm_addsubdf3.o)
                0x08000160                __aeabi_drsub
                0x08000168                __aeabi_dsub
                0x08000168                __subdf3
                0x0800016c                __aeabi_dadd
                0x0800016c                __adddf3
                0x080003e4                __floatunsidf
                0x080003e4                __aeabi_ui2d
                0x08000404                __floatsidf
                0x08000404                __aeabi_i2d
                0x08000428                __aeabi_f2d
                0x08000428                __extendsfdf2
                0x0800046c                __floatundidf
                0x0800046c                __aeabi_ul2d
                0x0800047c                __floatdidf
                0x0800047c                __aeabi_l2d
 .text          0x080004d8      0x424 D:/An3 sem2/P2_STM/Program/Aplicatia_CubeCLT/STM32CubeCLT_1.18.0/GNU-tools-for-STM32/bin/../lib/gcc/arm-none-eabi/13.3.1/thumb/v7-m/nofp\libgcc.a(_arm_muldivdf3.o)
                0x080004d8                __aeabi_dmul
                0x080004d8                __muldf3
                0x0800072c                __divdf3
                0x0800072c                __aeabi_ddiv
 .text          0x080008fc      0x110 D:/An3 sem2/P2_STM/Program/Aplicatia_CubeCLT/STM32CubeCLT_1.18.0/GNU-tools-for-STM32/bin/../lib/gcc/arm-none-eabi/13.3.1/thumb/v7-m/nofp\libgcc.a(_arm_cmpdf2.o)
                0x080008fc                __gtdf2
                0x080008fc                __gedf2
                0x08000904                __ltdf2
                0x08000904                __ledf2
                0x0800090c                __nedf2
                0x0800090c                __eqdf2
                0x0800090c                __cmpdf2
                0x08000988                __aeabi_cdrcmple
                0x08000998                __aeabi_cdcmpeq
                0x08000998                __aeabi_cdcmple
                0x080009a8                __aeabi_dcmpeq
                0x080009bc                __aeabi_dcmplt
                0x080009d0                __aeabi_dcmple
                0x080009e4                __aeabi_dcmpge
                0x080009f8                __aeabi_dcmpgt
 .text          0x08000a0c       0x2c D:/An3 sem2/P2_STM/Program/Aplicatia_CubeCLT/STM32CubeCLT_1.18.0/GNU-tools-for-STM32/bin/../lib/gcc/arm-none-eabi/13.3.1/thumb/v7-m/nofp\libgcc.a(_arm_unorddf2.o)
                0x08000a0c                __unorddf2
                0x08000a0c                __aeabi_dcmpun
 .text          0x08000a38       0x50 D:/An3 sem2/P2_STM/Program/Aplicatia_CubeCLT/STM32CubeCLT_1.18.0/GNU-tools-for-STM32/bin/../lib/gcc/arm-none-eabi/13.3.1/thumb/v7-m/nofp\libgcc.a(_arm_fixdfsi.o)
                0x08000a38                __aeabi_d2iz
                0x08000a38                __fixdfsi
 .text          0x08000a88       0xa0 D:/An3 sem2/P2_STM/Program/Aplicatia_CubeCLT/STM32CubeCLT_1.18.0/GNU-tools-for-STM32/bin/../lib/gcc/arm-none-eabi/13.3.1/thumb/v7-m/nofp\libgcc.a(_arm_truncdfsf2.o)
                0x08000a88                __truncdfsf2
                0x08000a88                __aeabi_d2f
 .text          0x08000b28      0x21c D:/An3 sem2/P2_STM/Program/Aplicatia_CubeCLT/STM32CubeCLT_1.18.0/GNU-tools-for-STM32/bin/../lib/gcc/arm-none-eabi/13.3.1/thumb/v7-m/nofp\libgcc.a(_arm_addsubsf3.o)
                0x08000b28                __aeabi_frsub
                0x08000b30                __subsf3
                0x08000b30                __aeabi_fsub
                0x08000b34                __aeabi_fadd
                0x08000b34                __addsf3
                0x08000c94                __aeabi_ui2f
                0x08000c94                __floatunsisf
                0x08000c9c                __aeabi_i2f
                0x08000c9c                __floatsisf
                0x08000cb8                __aeabi_ul2f
                0x08000cb8                __floatundisf
                0x08000cc8                __aeabi_l2f
                0x08000cc8                __floatdisf
 .text          0x08000d44      0x2a0 D:/An3 sem2/P2_STM/Program/Aplicatia_CubeCLT/STM32CubeCLT_1.18.0/GNU-tools-for-STM32/bin/../lib/gcc/arm-none-eabi/13.3.1/thumb/v7-m/nofp\libgcc.a(_arm_muldivsf3.o)
                0x08000d44                __mulsf3
                0x08000d44                __aeabi_fmul
                0x08000eac                __aeabi_fdiv
                0x08000eac                __divsf3
 .text          0x08000fe4       0xec D:/An3 sem2/P2_STM/Program/Aplicatia_CubeCLT/STM32CubeCLT_1.18.0/GNU-tools-for-STM32/bin/../lib/gcc/arm-none-eabi/13.3.1/thumb/v7-m/nofp\libgcc.a(_arm_cmpsf2.o)
                0x08000fe4                __gesf2
                0x08000fe4                __gtsf2
                0x08000fec                __lesf2
                0x08000fec                __ltsf2
                0x08000ff4                __nesf2
                0x08000ff4                __eqsf2
                0x08000ff4                __cmpsf2
                0x08001054                __aeabi_cfrcmple
                0x0800105c                __aeabi_cfcmpeq
                0x0800105c                __aeabi_cfcmple
                0x0800106c                __aeabi_fcmpeq
                0x08001080                __aeabi_fcmplt
                0x08001094                __aeabi_fcmple
                0x080010a8                __aeabi_fcmpge
                0x080010bc                __aeabi_fcmpgt
 *(.text*)
 .text.MX_GPIO_Init
                0x080010d0       0x30 build/main.o
 .text._write   0x08001100       0x18 build/main.o
                0x08001100                _write
 .text.Error_Handler
                0x08001118        0x4 build/main.o
                0x08001118                Error_Handler
 .text.MX_TIM2_Init
                0x0800111c       0xa0 build/main.o
 .text.MX_ADC1_Init
                0x080011bc       0x88 build/main.o
 .text.MX_USART1_UART_Init
                0x08001244       0x34 build/main.o
 .text.MX_USB_PCD_Init
                0x08001278       0x2c build/main.o
 .text.SystemClock_Config
                0x080012a4       0x88 build/main.o
                0x080012a4                SystemClock_Config
 *fill*         0x0800132c        0x4 
 .text.main     0x08001330      0x2c4 build/main.o
                0x08001330                main
 .text.NMI_Handler
                0x080015f4        0x2 build/stm32f1xx_it.o
                0x080015f4                NMI_Handler
 .text.HardFault_Handler
                0x080015f6        0x2 build/stm32f1xx_it.o
                0x080015f6                HardFault_Handler
 .text.MemManage_Handler
                0x080015f8        0x2 build/stm32f1xx_it.o
                0x080015f8                MemManage_Handler
 .text.BusFault_Handler
                0x080015fa        0x2 build/stm32f1xx_it.o
                0x080015fa                BusFault_Handler
 .text.UsageFault_Handler
                0x080015fc        0x2 build/stm32f1xx_it.o
                0x080015fc                UsageFault_Handler
 .text.SVC_Handler
                0x080015fe        0x2 build/stm32f1xx_it.o
                0x080015fe                SVC_Handler
 .text.DebugMon_Handler
                0x08001600        0x2 build/stm32f1xx_it.o
                0x08001600                DebugMon_Handler
 .text.PendSV_Handler
                0x08001602        0x2 build/stm32f1xx_it.o
                0x08001602                PendSV_Handler
 .text.SysTick_Handler
                0x08001604        0x8 build/stm32f1xx_it.o
                0x08001604                SysTick_Handler
 .text.TIM2_IRQHandler
                0x0800160c       0x10 build/stm32f1xx_it.o
                0x0800160c                TIM2_IRQHandler
 .text.USART1_IRQHandler
                0x0800161c       0x10 build/stm32f1xx_it.o
                0x0800161c                USART1_IRQHandler
 .text.HAL_MspInit
                0x0800162c       0x44 build/stm32f1xx_hal_msp.o
                0x0800162c                HAL_MspInit
 .text.HAL_ADC_MspInit
                0x08001670       0x60 build/stm32f1xx_hal_msp.o
                0x08001670                HAL_ADC_MspInit
 .text.HAL_TIM_Base_MspInit
                0x080016d0       0x3a build/stm32f1xx_hal_msp.o
                0x080016d0                HAL_TIM_Base_MspInit
 *fill*         0x0800170a        0x2 
 .text.HAL_TIM_MspPostInit
                0x0800170c       0x4c build/stm32f1xx_hal_msp.o
                0x0800170c                HAL_TIM_MspPostInit
 .text.HAL_UART_MspInit
                0x08001758       0x88 build/stm32f1xx_hal_msp.o
                0x08001758                HAL_UART_MspInit
 .text.HAL_PCD_MspInit
                0x080017e0       0x2c build/stm32f1xx_hal_msp.o
                0x080017e0                HAL_PCD_MspInit
 .text.HAL_ADC_PollForConversion
                0x0800180c      0x184 build/stm32f1xx_hal_adc.o
                0x0800180c                HAL_ADC_PollForConversion
 .text.HAL_ADC_GetValue
                0x08001990        0x6 build/stm32f1xx_hal_adc.o
                0x08001990                HAL_ADC_GetValue
 *fill*         0x08001996        0x2 
 .text.HAL_ADC_ConfigChannel
                0x08001998      0x140 build/stm32f1xx_hal_adc.o
                0x08001998                HAL_ADC_ConfigChannel
 .text.ADC_Enable
                0x08001ad8       0x88 build/stm32f1xx_hal_adc.o
                0x08001ad8                ADC_Enable
 .text.HAL_ADC_Start
                0x08001b60       0xe8 build/stm32f1xx_hal_adc.o
                0x08001b60                HAL_ADC_Start
 .text.ADC_ConversionStop_Disable
                0x08001c48       0x56 build/stm32f1xx_hal_adc.o
                0x08001c48                ADC_ConversionStop_Disable
 *fill*         0x08001c9e        0x2 
 .text.HAL_ADC_Init
                0x08001ca0      0x108 build/stm32f1xx_hal_adc.o
                0x08001ca0                HAL_ADC_Init
 .text.HAL_InitTick
                0x08001da8       0x4c build/stm32f1xx_hal.o
                0x08001da8                HAL_InitTick
 .text.HAL_Init
                0x08001df4       0x24 build/stm32f1xx_hal.o
                0x08001df4                HAL_Init
 .text.HAL_IncTick
                0x08001e18       0x18 build/stm32f1xx_hal.o
                0x08001e18                HAL_IncTick
 .text.HAL_GetTick
                0x08001e30        0xc build/stm32f1xx_hal.o
                0x08001e30                HAL_GetTick
 .text.HAL_Delay
                0x08001e3c       0x28 build/stm32f1xx_hal.o
                0x08001e3c                HAL_Delay
 .text.RCC_Delay
                0x08001e64       0x2c build/stm32f1xx_hal_rcc.o
 .text.HAL_RCC_OscConfig
                0x08001e90      0x410 build/stm32f1xx_hal_rcc.o
                0x08001e90                HAL_RCC_OscConfig
 .text.HAL_RCC_GetSysClockFreq
                0x080022a0       0x54 build/stm32f1xx_hal_rcc.o
                0x080022a0                HAL_RCC_GetSysClockFreq
 .text.HAL_RCC_ClockConfig
                0x080022f4      0x16c build/stm32f1xx_hal_rcc.o
                0x080022f4                HAL_RCC_ClockConfig
 .text.HAL_RCC_GetHCLKFreq
                0x08002460        0xc build/stm32f1xx_hal_rcc.o
                0x08002460                HAL_RCC_GetHCLKFreq
 .text.HAL_RCC_GetPCLK1Freq
                0x0800246c       0x20 build/stm32f1xx_hal_rcc.o
                0x0800246c                HAL_RCC_GetPCLK1Freq
 .text.HAL_RCC_GetPCLK2Freq
                0x0800248c       0x20 build/stm32f1xx_hal_rcc.o
                0x0800248c                HAL_RCC_GetPCLK2Freq
 .text.HAL_RCCEx_PeriphCLKConfig
                0x080024ac      0x118 build/stm32f1xx_hal_rcc_ex.o
                0x080024ac                HAL_RCCEx_PeriphCLKConfig
 .text.HAL_RCCEx_GetPeriphCLKFreq
                0x080025c4       0xd8 build/stm32f1xx_hal_rcc_ex.o
                0x080025c4                HAL_RCCEx_GetPeriphCLKFreq
 .text.HAL_GPIO_Init
                0x0800269c      0x21c build/stm32f1xx_hal_gpio.o
                0x0800269c                HAL_GPIO_Init
 .text.HAL_DMA_Abort
                0x080028b8       0x46 build/stm32f1xx_hal_dma.o
                0x080028b8                HAL_DMA_Abort
 *fill*         0x080028fe        0x2 
 .text.HAL_DMA_Abort_IT
                0x08002900       0x98 build/stm32f1xx_hal_dma.o
                0x08002900                HAL_DMA_Abort_IT
 .text.__NVIC_SetPriority
                0x08002998       0x28 build/stm32f1xx_hal_cortex.o
 .text.NVIC_EncodePriority
                0x080029c0       0x3e build/stm32f1xx_hal_cortex.o
 *fill*         0x080029fe        0x2 
 .text.HAL_NVIC_SetPriorityGrouping
                0x08002a00       0x24 build/stm32f1xx_hal_cortex.o
                0x08002a00                HAL_NVIC_SetPriorityGrouping
 .text.HAL_NVIC_SetPriority
                0x08002a24       0x20 build/stm32f1xx_hal_cortex.o
                0x08002a24                HAL_NVIC_SetPriority
 .text.HAL_NVIC_EnableIRQ
                0x08002a44       0x1c build/stm32f1xx_hal_cortex.o
                0x08002a44                HAL_NVIC_EnableIRQ
 .text.HAL_SYSTICK_Config
                0x08002a60       0x28 build/stm32f1xx_hal_cortex.o
                0x08002a60                HAL_SYSTICK_Config
 .text.TIM_OC1_SetConfig
                0x08002a88       0x54 build/stm32f1xx_hal_tim.o
 .text.TIM_OC3_SetConfig
                0x08002adc       0x5c build/stm32f1xx_hal_tim.o
 .text.TIM_OC4_SetConfig
                0x08002b38       0x48 build/stm32f1xx_hal_tim.o
 .text.TIM_TI1_ConfigInputStage
                0x08002b80       0x24 build/stm32f1xx_hal_tim.o
 .text.TIM_TI2_ConfigInputStage
                0x08002ba4       0x26 build/stm32f1xx_hal_tim.o
 .text.TIM_ITRx_SetConfig
                0x08002bca       0x10 build/stm32f1xx_hal_tim.o
 .text.HAL_TIM_OC_MspInit
                0x08002bda        0x2 build/stm32f1xx_hal_tim.o
                0x08002bda                HAL_TIM_OC_MspInit
 .text.HAL_TIM_PeriodElapsedCallback
                0x08002bdc        0x2 build/stm32f1xx_hal_tim.o
                0x08002bdc                HAL_TIM_PeriodElapsedCallback
 .text.HAL_TIM_OC_DelayElapsedCallback
                0x08002bde        0x2 build/stm32f1xx_hal_tim.o
                0x08002bde                HAL_TIM_OC_DelayElapsedCallback
 .text.HAL_TIM_IC_CaptureCallback
                0x08002be0        0x2 build/stm32f1xx_hal_tim.o
                0x08002be0                HAL_TIM_IC_CaptureCallback
 .text.HAL_TIM_PWM_PulseFinishedCallback
                0x08002be2        0x2 build/stm32f1xx_hal_tim.o
                0x08002be2                HAL_TIM_PWM_PulseFinishedCallback
 .text.HAL_TIM_TriggerCallback
                0x08002be4        0x2 build/stm32f1xx_hal_tim.o
                0x08002be4                HAL_TIM_TriggerCallback
 .text.HAL_TIM_IRQHandler
                0x08002be6      0x15e build/stm32f1xx_hal_tim.o
                0x08002be6                HAL_TIM_IRQHandler
 .text.TIM_Base_SetConfig
                0x08002d44       0x84 build/stm32f1xx_hal_tim.o
                0x08002d44                TIM_Base_SetConfig
 .text.HAL_TIM_Base_Init
                0x08002dc8       0x58 build/stm32f1xx_hal_tim.o
                0x08002dc8                HAL_TIM_Base_Init
 .text.HAL_TIM_OC_Init
                0x08002e20       0x58 build/stm32f1xx_hal_tim.o
                0x08002e20                HAL_TIM_OC_Init
 .text.TIM_OC2_SetConfig
                0x08002e78       0x5c build/stm32f1xx_hal_tim.o
                0x08002e78                TIM_OC2_SetConfig
 .text.HAL_TIM_OC_ConfigChannel
                0x08002ed4       0x5e build/stm32f1xx_hal_tim.o
                0x08002ed4                HAL_TIM_OC_ConfigChannel
 .text.TIM_ETR_SetConfig
                0x08002f32       0x18 build/stm32f1xx_hal_tim.o
                0x08002f32                TIM_ETR_SetConfig
 .text.HAL_TIM_ConfigClockSource
                0x08002f4a       0xfe build/stm32f1xx_hal_tim.o
                0x08002f4a                HAL_TIM_ConfigClockSource
 .text.HAL_TIMEx_MasterConfigSynchronization
                0x08003048       0x6c build/stm32f1xx_hal_tim_ex.o
                0x08003048                HAL_TIMEx_MasterConfigSynchronization
 .text.HAL_TIMEx_CommutCallback
                0x080030b4        0x2 build/stm32f1xx_hal_tim_ex.o
                0x080030b4                HAL_TIMEx_CommutCallback
 .text.HAL_TIMEx_BreakCallback
                0x080030b6        0x2 build/stm32f1xx_hal_tim_ex.o
                0x080030b6                HAL_TIMEx_BreakCallback
 .text.UART_EndRxTransfer
                0x080030b8       0x5c build/stm32f1xx_hal_uart.o
 .text.UART_Transmit_IT
                0x08003114       0x60 build/stm32f1xx_hal_uart.o
 .text.UART_SetConfig
                0x08003174       0x94 build/stm32f1xx_hal_uart.o
 .text.UART_WaitOnFlagUntilTimeout
                0x08003208       0x86 build/stm32f1xx_hal_uart.o
 .text.HAL_UART_Init
                0x0800328e       0x60 build/stm32f1xx_hal_uart.o
                0x0800328e                HAL_UART_Init
 .text.HAL_UART_Transmit
                0x080032ee       0xcc build/stm32f1xx_hal_uart.o
                0x080032ee                HAL_UART_Transmit
 .text.HAL_UART_TxCpltCallback
                0x080033ba        0x2 build/stm32f1xx_hal_uart.o
                0x080033ba                HAL_UART_TxCpltCallback
 .text.UART_EndTransmit_IT
                0x080033bc       0x1a build/stm32f1xx_hal_uart.o
 .text.HAL_UART_RxCpltCallback
                0x080033d6        0x2 build/stm32f1xx_hal_uart.o
                0x080033d6                HAL_UART_RxCpltCallback
 .text.HAL_UART_ErrorCallback
                0x080033d8        0x2 build/stm32f1xx_hal_uart.o
                0x080033d8                HAL_UART_ErrorCallback
 .text.UART_DMAAbortOnError
                0x080033da       0x10 build/stm32f1xx_hal_uart.o
 .text.HAL_UARTEx_RxEventCallback
                0x080033ea        0x2 build/stm32f1xx_hal_uart.o
                0x080033ea                HAL_UARTEx_RxEventCallback
 .text.UART_Receive_IT
                0x080033ec       0xe6 build/stm32f1xx_hal_uart.o
 *fill*         0x080034d2        0x2 
 .text.HAL_UART_IRQHandler
                0x080034d4      0x284 build/stm32f1xx_hal_uart.o
                0x080034d4                HAL_UART_IRQHandler
 .text.HAL_PCD_Init
                0x08003758       0xe8 build/stm32f1xx_hal_pcd.o
                0x08003758                HAL_PCD_Init
 .text.USB_CoreInit
                0x08003840        0xe build/stm32f1xx_ll_usb.o
                0x08003840                USB_CoreInit
 .text.USB_DisableGlobalInt
                0x0800384e       0x14 build/stm32f1xx_ll_usb.o
                0x0800384e                USB_DisableGlobalInt
 .text.USB_SetCurrentMode
                0x08003862        0x4 build/stm32f1xx_ll_usb.o
                0x08003862                USB_SetCurrentMode
 .text.USB_DevInit
                0x08003866       0x22 build/stm32f1xx_ll_usb.o
                0x08003866                USB_DevInit
 .text.USB_DevDisconnect
                0x08003888        0x4 build/stm32f1xx_ll_usb.o
                0x08003888                USB_DevDisconnect
 .text.SystemInit
                0x0800388c        0x2 build/system_stm32f1xx.o
                0x0800388c                SystemInit
 *fill*         0x0800388e        0x2 
 .text.Reset_Handler
                0x08003890       0x48 build/startup_stm32f103xb.o
                0x08003890                Reset_Handler
 .text.Default_Handler
                0x080038d8        0x2 build/startup_stm32f103xb.o
                0x080038d8                RTC_Alarm_IRQHandler
                0x080038d8                EXTI2_IRQHandler
                0x080038d8                TIM1_CC_IRQHandler
                0x080038d8                PVD_IRQHandler
                0x080038d8                EXTI3_IRQHandler
                0x080038d8                EXTI0_IRQHandler
                0x080038d8                I2C2_EV_IRQHandler
                0x080038d8                ADC1_2_IRQHandler
                0x080038d8                SPI1_IRQHandler
                0x080038d8                TAMPER_IRQHandler
                0x080038d8                DMA1_Channel4_IRQHandler
                0x080038d8                USART3_IRQHandler
                0x080038d8                RTC_IRQHandler
                0x080038d8                DMA1_Channel7_IRQHandler
                0x080038d8                CAN1_RX1_IRQHandler
                0x080038d8                TIM4_IRQHandler
                0x080038d8                I2C1_EV_IRQHandler
                0x080038d8                DMA1_Channel6_IRQHandler
                0x080038d8                TIM3_IRQHandler
                0x080038d8                RCC_IRQHandler
                0x080038d8                TIM1_TRG_COM_IRQHandler
                0x080038d8                DMA1_Channel1_IRQHandler
                0x080038d8                Default_Handler
                0x080038d8                EXTI15_10_IRQHandler
                0x080038d8                EXTI9_5_IRQHandler
                0x080038d8                SPI2_IRQHandler
                0x080038d8                DMA1_Channel5_IRQHandler
                0x080038d8                EXTI4_IRQHandler
                0x080038d8                USB_LP_CAN1_RX0_IRQHandler
                0x080038d8                USB_HP_CAN1_TX_IRQHandler
                0x080038d8                DMA1_Channel3_IRQHandler
                0x080038d8                TIM1_UP_IRQHandler
                0x080038d8                WWDG_IRQHandler
                0x080038d8                TIM1_BRK_IRQHandler
                0x080038d8                EXTI1_IRQHandler
                0x080038d8                USART2_IRQHandler
                0x080038d8                I2C2_ER_IRQHandler
                0x080038d8                DMA1_Channel2_IRQHandler
                0x080038d8                CAN1_SCE_IRQHandler
                0x080038d8                FLASH_IRQHandler
                0x080038d8                I2C1_ER_IRQHandler
                0x080038d8                USBWakeUp_IRQHandler
 .text.__cvt    0x080038da       0xc8 D:/An3 sem2/P2_STM/Program/Aplicatia_CubeCLT/STM32CubeCLT_1.18.0/GNU-tools-for-STM32/bin/../lib/gcc/arm-none-eabi/13.3.1/../../../../arm-none-eabi/lib/thumb/v7-m/nofp\libc_nano.a(libc_a-nano-vfprintf_float.o)
                0x080038da                __cvt
 .text.__exponent
                0x080039a2       0x74 D:/An3 sem2/P2_STM/Program/Aplicatia_CubeCLT/STM32CubeCLT_1.18.0/GNU-tools-for-STM32/bin/../lib/gcc/arm-none-eabi/13.3.1/../../../../arm-none-eabi/lib/thumb/v7-m/nofp\libc_nano.a(libc_a-nano-vfprintf_float.o)
                0x080039a2                __exponent
 *fill*         0x08003a16        0x2 
 .text._printf_float
                0x08003a18      0x458 D:/An3 sem2/P2_STM/Program/Aplicatia_CubeCLT/STM32CubeCLT_1.18.0/GNU-tools-for-STM32/bin/../lib/gcc/arm-none-eabi/13.3.1/../../../../arm-none-eabi/lib/thumb/v7-m/nofp\libc_nano.a(libc_a-nano-vfprintf_float.o)
                0x08003a18                _printf_float
 .text._printf_common
                0x08003e70       0xe4 D:/An3 sem2/P2_STM/Program/Aplicatia_CubeCLT/STM32CubeCLT_1.18.0/GNU-tools-for-STM32/bin/../lib/gcc/arm-none-eabi/13.3.1/../../../../arm-none-eabi/lib/thumb/v7-m/nofp\libc_nano.a(libc_a-nano-vfprintf_i.o)
                0x08003e70                _printf_common
 .text._printf_i
                0x08003f54      0x23c D:/An3 sem2/P2_STM/Program/Aplicatia_CubeCLT/STM32CubeCLT_1.18.0/GNU-tools-for-STM32/bin/../lib/gcc/arm-none-eabi/13.3.1/../../../../arm-none-eabi/lib/thumb/v7-m/nofp\libc_nano.a(libc_a-nano-vfprintf_i.o)
                0x08003f54                _printf_i
 .text.std      0x08004190       0x6c D:/An3 sem2/P2_STM/Program/Aplicatia_CubeCLT/STM32CubeCLT_1.18.0/GNU-tools-for-STM32/bin/../lib/gcc/arm-none-eabi/13.3.1/../../../../arm-none-eabi/lib/thumb/v7-m/nofp\libc_nano.a(libc_a-findfp.o)
 .text.stdio_exit_handler
                0x080041fc       0x18 D:/An3 sem2/P2_STM/Program/Aplicatia_CubeCLT/STM32CubeCLT_1.18.0/GNU-tools-for-STM32/bin/../lib/gcc/arm-none-eabi/13.3.1/../../../../arm-none-eabi/lib/thumb/v7-m/nofp\libc_nano.a(libc_a-findfp.o)
 .text.cleanup_stdio
                0x08004214       0x40 D:/An3 sem2/P2_STM/Program/Aplicatia_CubeCLT/STM32CubeCLT_1.18.0/GNU-tools-for-STM32/bin/../lib/gcc/arm-none-eabi/13.3.1/../../../../arm-none-eabi/lib/thumb/v7-m/nofp\libc_nano.a(libc_a-findfp.o)
 .text.global_stdio_init.part.0
                0x08004254       0x3c D:/An3 sem2/P2_STM/Program/Aplicatia_CubeCLT/STM32CubeCLT_1.18.0/GNU-tools-for-STM32/bin/../lib/gcc/arm-none-eabi/13.3.1/../../../../arm-none-eabi/lib/thumb/v7-m/nofp\libc_nano.a(libc_a-findfp.o)
 .text.__sfp_lock_acquire
                0x08004290        0xc D:/An3 sem2/P2_STM/Program/Aplicatia_CubeCLT/STM32CubeCLT_1.18.0/GNU-tools-for-STM32/bin/../lib/gcc/arm-none-eabi/13.3.1/../../../../arm-none-eabi/lib/thumb/v7-m/nofp\libc_nano.a(libc_a-findfp.o)
                0x08004290                __sfp_lock_acquire
 .text.__sfp_lock_release
                0x0800429c        0xc D:/An3 sem2/P2_STM/Program/Aplicatia_CubeCLT/STM32CubeCLT_1.18.0/GNU-tools-for-STM32/bin/../lib/gcc/arm-none-eabi/13.3.1/../../../../arm-none-eabi/lib/thumb/v7-m/nofp\libc_nano.a(libc_a-findfp.o)
                0x0800429c                __sfp_lock_release
 .text.__sinit  0x080042a8       0x30 D:/An3 sem2/P2_STM/Program/Aplicatia_CubeCLT/STM32CubeCLT_1.18.0/GNU-tools-for-STM32/bin/../lib/gcc/arm-none-eabi/13.3.1/../../../../arm-none-eabi/lib/thumb/v7-m/nofp\libc_nano.a(libc_a-findfp.o)
                0x080042a8                __sinit
 .text._fwalk_sglue
                0x080042d8       0x3c D:/An3 sem2/P2_STM/Program/Aplicatia_CubeCLT/STM32CubeCLT_1.18.0/GNU-tools-for-STM32/bin/../lib/gcc/arm-none-eabi/13.3.1/../../../../arm-none-eabi/lib/thumb/v7-m/nofp\libc_nano.a(libc_a-fwalk.o)
                0x080042d8                _fwalk_sglue
 .text.printf   0x08004314       0x24 D:/An3 sem2/P2_STM/Program/Aplicatia_CubeCLT/STM32CubeCLT_1.18.0/GNU-tools-for-STM32/bin/../lib/gcc/arm-none-eabi/13.3.1/../../../../arm-none-eabi/lib/thumb/v7-m/nofp\libc_nano.a(libc_a-printf.o)
                0x08004314                iprintf
                0x08004314                printf
 .text._puts_r  0x08004338       0xaa D:/An3 sem2/P2_STM/Program/Aplicatia_CubeCLT/STM32CubeCLT_1.18.0/GNU-tools-for-STM32/bin/../lib/gcc/arm-none-eabi/13.3.1/../../../../arm-none-eabi/lib/thumb/v7-m/nofp\libc_nano.a(libc_a-puts.o)
                0x08004338                _puts_r
 *fill*         0x080043e2        0x2 
 .text.puts     0x080043e4       0x10 D:/An3 sem2/P2_STM/Program/Aplicatia_CubeCLT/STM32CubeCLT_1.18.0/GNU-tools-for-STM32/bin/../lib/gcc/arm-none-eabi/13.3.1/../../../../arm-none-eabi/lib/thumb/v7-m/nofp\libc_nano.a(libc_a-puts.o)
                0x080043e4                puts
 .text.__sread  0x080043f4       0x22 D:/An3 sem2/P2_STM/Program/Aplicatia_CubeCLT/STM32CubeCLT_1.18.0/GNU-tools-for-STM32/bin/../lib/gcc/arm-none-eabi/13.3.1/../../../../arm-none-eabi/lib/thumb/v7-m/nofp\libc_nano.a(libc_a-stdio.o)
                0x080043f4                __sread
 .text.__swrite
                0x08004416       0x38 D:/An3 sem2/P2_STM/Program/Aplicatia_CubeCLT/STM32CubeCLT_1.18.0/GNU-tools-for-STM32/bin/../lib/gcc/arm-none-eabi/13.3.1/../../../../arm-none-eabi/lib/thumb/v7-m/nofp\libc_nano.a(libc_a-stdio.o)
                0x08004416                __swrite
 .text.__sseek  0x0800444e       0x24 D:/An3 sem2/P2_STM/Program/Aplicatia_CubeCLT/STM32CubeCLT_1.18.0/GNU-tools-for-STM32/bin/../lib/gcc/arm-none-eabi/13.3.1/../../../../arm-none-eabi/lib/thumb/v7-m/nofp\libc_nano.a(libc_a-stdio.o)
                0x0800444e                __sseek
 .text.__sclose
                0x08004472        0x8 D:/An3 sem2/P2_STM/Program/Aplicatia_CubeCLT/STM32CubeCLT_1.18.0/GNU-tools-for-STM32/bin/../lib/gcc/arm-none-eabi/13.3.1/../../../../arm-none-eabi/lib/thumb/v7-m/nofp\libc_nano.a(libc_a-stdio.o)
                0x08004472                __sclose
 .text.__swbuf_r
                0x0800447a       0x7c D:/An3 sem2/P2_STM/Program/Aplicatia_CubeCLT/STM32CubeCLT_1.18.0/GNU-tools-for-STM32/bin/../lib/gcc/arm-none-eabi/13.3.1/../../../../arm-none-eabi/lib/thumb/v7-m/nofp\libc_nano.a(libc_a-wbuf.o)
                0x0800447a                __swbuf_r
 *fill*         0x080044f6        0x2 
 .text.__swsetup_r
                0x080044f8       0xac D:/An3 sem2/P2_STM/Program/Aplicatia_CubeCLT/STM32CubeCLT_1.18.0/GNU-tools-for-STM32/bin/../lib/gcc/arm-none-eabi/13.3.1/../../../../arm-none-eabi/lib/thumb/v7-m/nofp\libc_nano.a(libc_a-wsetup.o)
                0x080044f8                __swsetup_r
 .text.memset   0x080045a4       0x10 D:/An3 sem2/P2_STM/Program/Aplicatia_CubeCLT/STM32CubeCLT_1.18.0/GNU-tools-for-STM32/bin/../lib/gcc/arm-none-eabi/13.3.1/../../../../arm-none-eabi/lib/thumb/v7-m/nofp\libc_nano.a(libc_a-memset.o)
                0x080045a4                memset
 .text._localeconv_r
                0x080045b4        0x8 D:/An3 sem2/P2_STM/Program/Aplicatia_CubeCLT/STM32CubeCLT_1.18.0/GNU-tools-for-STM32/bin/../lib/gcc/arm-none-eabi/13.3.1/../../../../arm-none-eabi/lib/thumb/v7-m/nofp\libc_nano.a(libc_a-localeconv.o)
                0x080045b4                _localeconv_r
 .text._close_r
                0x080045bc       0x20 D:/An3 sem2/P2_STM/Program/Aplicatia_CubeCLT/STM32CubeCLT_1.18.0/GNU-tools-for-STM32/bin/../lib/gcc/arm-none-eabi/13.3.1/../../../../arm-none-eabi/lib/thumb/v7-m/nofp\libc_nano.a(libc_a-closer.o)
                0x080045bc                _close_r
 .text._lseek_r
                0x080045dc       0x24 D:/An3 sem2/P2_STM/Program/Aplicatia_CubeCLT/STM32CubeCLT_1.18.0/GNU-tools-for-STM32/bin/../lib/gcc/arm-none-eabi/13.3.1/../../../../arm-none-eabi/lib/thumb/v7-m/nofp\libc_nano.a(libc_a-lseekr.o)
                0x080045dc                _lseek_r
 .text._read_r  0x08004600       0x24 D:/An3 sem2/P2_STM/Program/Aplicatia_CubeCLT/STM32CubeCLT_1.18.0/GNU-tools-for-STM32/bin/../lib/gcc/arm-none-eabi/13.3.1/../../../../arm-none-eabi/lib/thumb/v7-m/nofp\libc_nano.a(libc_a-readr.o)
                0x08004600                _read_r
 .text._write_r
                0x08004624       0x24 D:/An3 sem2/P2_STM/Program/Aplicatia_CubeCLT/STM32CubeCLT_1.18.0/GNU-tools-for-STM32/bin/../lib/gcc/arm-none-eabi/13.3.1/../../../../arm-none-eabi/lib/thumb/v7-m/nofp\libc_nano.a(libc_a-writer.o)
                0x08004624                _write_r
 .text.__libc_init_array
                0x08004648       0x48 D:/An3 sem2/P2_STM/Program/Aplicatia_CubeCLT/STM32CubeCLT_1.18.0/GNU-tools-for-STM32/bin/../lib/gcc/arm-none-eabi/13.3.1/../../../../arm-none-eabi/lib/thumb/v7-m/nofp\libc_nano.a(libc_a-init.o)
                0x08004648                __libc_init_array
 .text.__retarget_lock_init_recursive
                0x08004690        0x2 D:/An3 sem2/P2_STM/Program/Aplicatia_CubeCLT/STM32CubeCLT_1.18.0/GNU-tools-for-STM32/bin/../lib/gcc/arm-none-eabi/13.3.1/../../../../arm-none-eabi/lib/thumb/v7-m/nofp\libc_nano.a(libc_a-lock.o)
                0x08004690                __retarget_lock_init_recursive
 .text.__retarget_lock_acquire_recursive
                0x08004692        0x2 D:/An3 sem2/P2_STM/Program/Aplicatia_CubeCLT/STM32CubeCLT_1.18.0/GNU-tools-for-STM32/bin/../lib/gcc/arm-none-eabi/13.3.1/../../../../arm-none-eabi/lib/thumb/v7-m/nofp\libc_nano.a(libc_a-lock.o)
                0x08004692                __retarget_lock_acquire_recursive
 .text.__retarget_lock_release_recursive
                0x08004694        0x2 D:/An3 sem2/P2_STM/Program/Aplicatia_CubeCLT/STM32CubeCLT_1.18.0/GNU-tools-for-STM32/bin/../lib/gcc/arm-none-eabi/13.3.1/../../../../arm-none-eabi/lib/thumb/v7-m/nofp\libc_nano.a(libc_a-lock.o)
                0x08004694                __retarget_lock_release_recursive
 .text.memchr   0x08004696       0x1c D:/An3 sem2/P2_STM/Program/Aplicatia_CubeCLT/STM32CubeCLT_1.18.0/GNU-tools-for-STM32/bin/../lib/gcc/arm-none-eabi/13.3.1/../../../../arm-none-eabi/lib/thumb/v7-m/nofp\libc_nano.a(libc_a-memchr-stub.o)
                0x08004696                memchr
 .text.quorem   0x080046b2      0x110 D:/An3 sem2/P2_STM/Program/Aplicatia_CubeCLT/STM32CubeCLT_1.18.0/GNU-tools-for-STM32/bin/../lib/gcc/arm-none-eabi/13.3.1/../../../../arm-none-eabi/lib/thumb/v7-m/nofp\libc_nano.a(libc_a-dtoa.o)
 *fill*         0x080047c2        0x6 
 .text._dtoa_r  0x080047c8      0xba8 D:/An3 sem2/P2_STM/Program/Aplicatia_CubeCLT/STM32CubeCLT_1.18.0/GNU-tools-for-STM32/bin/../lib/gcc/arm-none-eabi/13.3.1/../../../../arm-none-eabi/lib/thumb/v7-m/nofp\libc_nano.a(libc_a-dtoa.o)
                0x080047c8                _dtoa_r
 .text._free_r  0x08005370       0x90 D:/An3 sem2/P2_STM/Program/Aplicatia_CubeCLT/STM32CubeCLT_1.18.0/GNU-tools-for-STM32/bin/../lib/gcc/arm-none-eabi/13.3.1/../../../../arm-none-eabi/lib/thumb/v7-m/nofp\libc_nano.a(libc_a-freer.o)
                0x08005370                _free_r
 .text.malloc   0x08005400       0x10 D:/An3 sem2/P2_STM/Program/Aplicatia_CubeCLT/STM32CubeCLT_1.18.0/GNU-tools-for-STM32/bin/../lib/gcc/arm-none-eabi/13.3.1/../../../../arm-none-eabi/lib/thumb/v7-m/nofp\libc_nano.a(libc_a-malloc.o)
                0x08005400                malloc
 .text.sbrk_aligned
                0x08005410       0x44 D:/An3 sem2/P2_STM/Program/Aplicatia_CubeCLT/STM32CubeCLT_1.18.0/GNU-tools-for-STM32/bin/../lib/gcc/arm-none-eabi/13.3.1/../../../../arm-none-eabi/lib/thumb/v7-m/nofp\libc_nano.a(libc_a-mallocr.o)
 .text._malloc_r
                0x08005454      0x100 D:/An3 sem2/P2_STM/Program/Aplicatia_CubeCLT/STM32CubeCLT_1.18.0/GNU-tools-for-STM32/bin/../lib/gcc/arm-none-eabi/13.3.1/../../../../arm-none-eabi/lib/thumb/v7-m/nofp\libc_nano.a(libc_a-mallocr.o)
                0x08005454                _malloc_r
 .text.__malloc_lock
                0x08005554        0xc D:/An3 sem2/P2_STM/Program/Aplicatia_CubeCLT/STM32CubeCLT_1.18.0/GNU-tools-for-STM32/bin/../lib/gcc/arm-none-eabi/13.3.1/../../../../arm-none-eabi/lib/thumb/v7-m/nofp\libc_nano.a(libc_a-mlock.o)
                0x08005554                __malloc_lock
 .text.__malloc_unlock
                0x08005560        0xc D:/An3 sem2/P2_STM/Program/Aplicatia_CubeCLT/STM32CubeCLT_1.18.0/GNU-tools-for-STM32/bin/../lib/gcc/arm-none-eabi/13.3.1/../../../../arm-none-eabi/lib/thumb/v7-m/nofp\libc_nano.a(libc_a-mlock.o)
                0x08005560                __malloc_unlock
 .text._Balloc  0x0800556c       0x80 D:/An3 sem2/P2_STM/Program/Aplicatia_CubeCLT/STM32CubeCLT_1.18.0/GNU-tools-for-STM32/bin/../lib/gcc/arm-none-eabi/13.3.1/../../../../arm-none-eabi/lib/thumb/v7-m/nofp\libc_nano.a(libc_a-mprec.o)
                0x0800556c                _Balloc
 .text._Bfree   0x080055ec       0x44 D:/An3 sem2/P2_STM/Program/Aplicatia_CubeCLT/STM32CubeCLT_1.18.0/GNU-tools-for-STM32/bin/../lib/gcc/arm-none-eabi/13.3.1/../../../../arm-none-eabi/lib/thumb/v7-m/nofp\libc_nano.a(libc_a-mprec.o)
                0x080055ec                _Bfree
 .text.__multadd
                0x08005630       0x8c D:/An3 sem2/P2_STM/Program/Aplicatia_CubeCLT/STM32CubeCLT_1.18.0/GNU-tools-for-STM32/bin/../lib/gcc/arm-none-eabi/13.3.1/../../../../arm-none-eabi/lib/thumb/v7-m/nofp\libc_nano.a(libc_a-mprec.o)
                0x08005630                __multadd
 .text.__hi0bits
                0x080056bc       0x3e D:/An3 sem2/P2_STM/Program/Aplicatia_CubeCLT/STM32CubeCLT_1.18.0/GNU-tools-for-STM32/bin/../lib/gcc/arm-none-eabi/13.3.1/../../../../arm-none-eabi/lib/thumb/v7-m/nofp\libc_nano.a(libc_a-mprec.o)
                0x080056bc                __hi0bits
 .text.__lo0bits
                0x080056fa       0x5a D:/An3 sem2/P2_STM/Program/Aplicatia_CubeCLT/STM32CubeCLT_1.18.0/GNU-tools-for-STM32/bin/../lib/gcc/arm-none-eabi/13.3.1/../../../../arm-none-eabi/lib/thumb/v7-m/nofp\libc_nano.a(libc_a-mprec.o)
                0x080056fa                __lo0bits
 .text.__i2b    0x08005754       0x2c D:/An3 sem2/P2_STM/Program/Aplicatia_CubeCLT/STM32CubeCLT_1.18.0/GNU-tools-for-STM32/bin/../lib/gcc/arm-none-eabi/13.3.1/../../../../arm-none-eabi/lib/thumb/v7-m/nofp\libc_nano.a(libc_a-mprec.o)
                0x08005754                __i2b
 .text.__multiply
                0x08005780      0x144 D:/An3 sem2/P2_STM/Program/Aplicatia_CubeCLT/STM32CubeCLT_1.18.0/GNU-tools-for-STM32/bin/../lib/gcc/arm-none-eabi/13.3.1/../../../../arm-none-eabi/lib/thumb/v7-m/nofp\libc_nano.a(libc_a-mprec.o)
                0x08005780                __multiply
 .text.__pow5mult
                0x080058c4       0xb4 D:/An3 sem2/P2_STM/Program/Aplicatia_CubeCLT/STM32CubeCLT_1.18.0/GNU-tools-for-STM32/bin/../lib/gcc/arm-none-eabi/13.3.1/../../../../arm-none-eabi/lib/thumb/v7-m/nofp\libc_nano.a(libc_a-mprec.o)
                0x080058c4                __pow5mult
 .text.__lshift
                0x08005978       0xd8 D:/An3 sem2/P2_STM/Program/Aplicatia_CubeCLT/STM32CubeCLT_1.18.0/GNU-tools-for-STM32/bin/../lib/gcc/arm-none-eabi/13.3.1/../../../../arm-none-eabi/lib/thumb/v7-m/nofp\libc_nano.a(libc_a-mprec.o)
                0x08005978                __lshift
 .text.__mcmp   0x08005a50       0x36 D:/An3 sem2/P2_STM/Program/Aplicatia_CubeCLT/STM32CubeCLT_1.18.0/GNU-tools-for-STM32/bin/../lib/gcc/arm-none-eabi/13.3.1/../../../../arm-none-eabi/lib/thumb/v7-m/nofp\libc_nano.a(libc_a-mprec.o)
                0x08005a50                __mcmp
 *fill*         0x08005a86        0x2 
 .text.__mdiff  0x08005a88      0x128 D:/An3 sem2/P2_STM/Program/Aplicatia_CubeCLT/STM32CubeCLT_1.18.0/GNU-tools-for-STM32/bin/../lib/gcc/arm-none-eabi/13.3.1/../../../../arm-none-eabi/lib/thumb/v7-m/nofp\libc_nano.a(libc_a-mprec.o)
                0x08005a88                __mdiff
 .text.__d2b    0x08005bb0       0xb0 D:/An3 sem2/P2_STM/Program/Aplicatia_CubeCLT/STM32CubeCLT_1.18.0/GNU-tools-for-STM32/bin/../lib/gcc/arm-none-eabi/13.3.1/../../../../arm-none-eabi/lib/thumb/v7-m/nofp\libc_nano.a(libc_a-mprec.o)
                0x08005bb0                __d2b
 .text.__sfputc_r
                0x08005c60       0x2a D:/An3 sem2/P2_STM/Program/Aplicatia_CubeCLT/STM32CubeCLT_1.18.0/GNU-tools-for-STM32/bin/../lib/gcc/arm-none-eabi/13.3.1/../../../../arm-none-eabi/lib/thumb/v7-m/nofp\libc_nano.a(libc_a-nano-vfprintf.o)
 .text.__sfputs_r
                0x08005c8a       0x24 D:/An3 sem2/P2_STM/Program/Aplicatia_CubeCLT/STM32CubeCLT_1.18.0/GNU-tools-for-STM32/bin/../lib/gcc/arm-none-eabi/13.3.1/../../../../arm-none-eabi/lib/thumb/v7-m/nofp\libc_nano.a(libc_a-nano-vfprintf.o)
                0x08005c8a                __sfputs_r
 *fill*         0x08005cae        0x2 
 .text._vfprintf_r
                0x08005cb0      0x230 D:/An3 sem2/P2_STM/Program/Aplicatia_CubeCLT/STM32CubeCLT_1.18.0/GNU-tools-for-STM32/bin/../lib/gcc/arm-none-eabi/13.3.1/../../../../arm-none-eabi/lib/thumb/v7-m/nofp\libc_nano.a(libc_a-nano-vfprintf.o)
                0x08005cb0                _vfprintf_r
                0x08005cb0                _vfiprintf_r
 .text.__sflush_r
                0x08005ee0      0x100 D:/An3 sem2/P2_STM/Program/Aplicatia_CubeCLT/STM32CubeCLT_1.18.0/GNU-tools-for-STM32/bin/../lib/gcc/arm-none-eabi/13.3.1/../../../../arm-none-eabi/lib/thumb/v7-m/nofp\libc_nano.a(libc_a-fflush.o)
                0x08005ee0                __sflush_r
 .text._fflush_r
                0x08005fe0       0x50 D:/An3 sem2/P2_STM/Program/Aplicatia_CubeCLT/STM32CubeCLT_1.18.0/GNU-tools-for-STM32/bin/../lib/gcc/arm-none-eabi/13.3.1/../../../../arm-none-eabi/lib/thumb/v7-m/nofp\libc_nano.a(libc_a-fflush.o)
                0x08005fe0                _fflush_r
 .text.__swhatbuf_r
                0x08006030       0x4a D:/An3 sem2/P2_STM/Program/Aplicatia_CubeCLT/STM32CubeCLT_1.18.0/GNU-tools-for-STM32/bin/../lib/gcc/arm-none-eabi/13.3.1/../../../../arm-none-eabi/lib/thumb/v7-m/nofp\libc_nano.a(libc_a-makebuf.o)
                0x08006030                __swhatbuf_r
 .text.__smakebuf_r
                0x0800607a       0x78 D:/An3 sem2/P2_STM/Program/Aplicatia_CubeCLT/STM32CubeCLT_1.18.0/GNU-tools-for-STM32/bin/../lib/gcc/arm-none-eabi/13.3.1/../../../../arm-none-eabi/lib/thumb/v7-m/nofp\libc_nano.a(libc_a-makebuf.o)
                0x0800607a                __smakebuf_r
 *fill*         0x080060f2        0x2 
 .text._fstat_r
                0x080060f4       0x24 D:/An3 sem2/P2_STM/Program/Aplicatia_CubeCLT/STM32CubeCLT_1.18.0/GNU-tools-for-STM32/bin/../lib/gcc/arm-none-eabi/13.3.1/../../../../arm-none-eabi/lib/thumb/v7-m/nofp\libc_nano.a(libc_a-fstatr.o)
                0x080060f4                _fstat_r
 .text._isatty_r
                0x08006118       0x20 D:/An3 sem2/P2_STM/Program/Aplicatia_CubeCLT/STM32CubeCLT_1.18.0/GNU-tools-for-STM32/bin/../lib/gcc/arm-none-eabi/13.3.1/../../../../arm-none-eabi/lib/thumb/v7-m/nofp\libc_nano.a(libc_a-isattyr.o)
                0x08006118                _isatty_r
 .text._sbrk_r  0x08006138       0x20 D:/An3 sem2/P2_STM/Program/Aplicatia_CubeCLT/STM32CubeCLT_1.18.0/GNU-tools-for-STM32/bin/../lib/gcc/arm-none-eabi/13.3.1/../../../../arm-none-eabi/lib/thumb/v7-m/nofp\libc_nano.a(libc_a-sbrkr.o)
                0x08006138                _sbrk_r
 .text.memcpy   0x08006158       0x1c D:/An3 sem2/P2_STM/Program/Aplicatia_CubeCLT/STM32CubeCLT_1.18.0/GNU-tools-for-STM32/bin/../lib/gcc/arm-none-eabi/13.3.1/../../../../arm-none-eabi/lib/thumb/v7-m/nofp\libc_nano.a(libc_a-memcpy-stub.o)
                0x08006158                memcpy
 .text.__assert_func
                0x08006174       0x3c D:/An3 sem2/P2_STM/Program/Aplicatia_CubeCLT/STM32CubeCLT_1.18.0/GNU-tools-for-STM32/bin/../lib/gcc/arm-none-eabi/13.3.1/../../../../arm-none-eabi/lib/thumb/v7-m/nofp\libc_nano.a(libc_a-assert.o)
                0x08006174                __assert_func
 .text._calloc_r
                0x080061b0       0x28 D:/An3 sem2/P2_STM/Program/Aplicatia_CubeCLT/STM32CubeCLT_1.18.0/GNU-tools-for-STM32/bin/../lib/gcc/arm-none-eabi/13.3.1/../../../../arm-none-eabi/lib/thumb/v7-m/nofp\libc_nano.a(libc_a-callocr.o)
                0x080061b0                _calloc_r
 .text.__ascii_mbtowc
                0x080061d8       0x24 D:/An3 sem2/P2_STM/Program/Aplicatia_CubeCLT/STM32CubeCLT_1.18.0/GNU-tools-for-STM32/bin/../lib/gcc/arm-none-eabi/13.3.1/../../../../arm-none-eabi/lib/thumb/v7-m/nofp\libc_nano.a(libc_a-mbtowc_r.o)
                0x080061d8                __ascii_mbtowc
 .text.__ascii_wctomb
                0x080061fc       0x1a D:/An3 sem2/P2_STM/Program/Aplicatia_CubeCLT/STM32CubeCLT_1.18.0/GNU-tools-for-STM32/bin/../lib/gcc/arm-none-eabi/13.3.1/../../../../arm-none-eabi/lib/thumb/v7-m/nofp\libc_nano.a(libc_a-wctomb_r.o)
                0x080061fc                __ascii_wctomb
 *fill*         0x08006216        0x2 
 .text.fprintf  0x08006218       0x24 D:/An3 sem2/P2_STM/Program/Aplicatia_CubeCLT/STM32CubeCLT_1.18.0/GNU-tools-for-STM32/bin/../lib/gcc/arm-none-eabi/13.3.1/../../../../arm-none-eabi/lib/thumb/v7-m/nofp\libc_nano.a(libc_a-fprintf.o)
                0x08006218                fiprintf
                0x08006218                fprintf
 .text.abort    0x0800623c        0xe D:/An3 sem2/P2_STM/Program/Aplicatia_CubeCLT/STM32CubeCLT_1.18.0/GNU-tools-for-STM32/bin/../lib/gcc/arm-none-eabi/13.3.1/../../../../arm-none-eabi/lib/thumb/v7-m/nofp\libc_nano.a(libc_a-abort.o)
                0x0800623c                abort
 .text._raise_r
                0x0800624a       0x50 D:/An3 sem2/P2_STM/Program/Aplicatia_CubeCLT/STM32CubeCLT_1.18.0/GNU-tools-for-STM32/bin/../lib/gcc/arm-none-eabi/13.3.1/../../../../arm-none-eabi/lib/thumb/v7-m/nofp\libc_nano.a(libc_a-signal.o)
                0x0800624a                _raise_r
 *fill*         0x0800629a        0x2 
 .text.raise    0x0800629c       0x10 D:/An3 sem2/P2_STM/Program/Aplicatia_CubeCLT/STM32CubeCLT_1.18.0/GNU-tools-for-STM32/bin/../lib/gcc/arm-none-eabi/13.3.1/../../../../arm-none-eabi/lib/thumb/v7-m/nofp\libc_nano.a(libc_a-signal.o)
                0x0800629c                raise
 .text._kill_r  0x080062ac       0x24 D:/An3 sem2/P2_STM/Program/Aplicatia_CubeCLT/STM32CubeCLT_1.18.0/GNU-tools-for-STM32/bin/../lib/gcc/arm-none-eabi/13.3.1/../../../../arm-none-eabi/lib/thumb/v7-m/nofp\libc_nano.a(libc_a-signalr.o)
                0x080062ac                _kill_r
 .text._getpid_r
                0x080062d0        0x4 D:/An3 sem2/P2_STM/Program/Aplicatia_CubeCLT/STM32CubeCLT_1.18.0/GNU-tools-for-STM32/bin/../lib/gcc/arm-none-eabi/13.3.1/../../../../arm-none-eabi/lib/thumb/v7-m/nofp\libc_nano.a(libc_a-signalr.o)
                0x080062d0                _getpid_r
 *fill*         0x080062d4        0x4 
 .text.atan     0x080062d8      0x320 D:/An3 sem2/P2_STM/Program/Aplicatia_CubeCLT/STM32CubeCLT_1.18.0/GNU-tools-for-STM32/bin/../lib/gcc/arm-none-eabi/13.3.1/../../../../arm-none-eabi/lib/thumb/v7-m/nofp\libm.a(libm_a-s_atan.o)
                0x080062d8                atan
 .text.fabs     0x080065f8        0x8 D:/An3 sem2/P2_STM/Program/Aplicatia_CubeCLT/STM32CubeCLT_1.18.0/GNU-tools-for-STM32/bin/../lib/gcc/arm-none-eabi/13.3.1/../../../../arm-none-eabi/lib/thumb/v7-m/nofp\libm.a(libm_a-s_fabs.o)
                0x080065f8                fabs
 .text._close   0x08006600       0x10 D:/An3 sem2/P2_STM/Program/Aplicatia_CubeCLT/STM32CubeCLT_1.18.0/GNU-tools-for-STM32/bin/../lib/gcc/arm-none-eabi/13.3.1/../../../../arm-none-eabi/lib/thumb/v7-m/nofp\libnosys.a(close.o)
                0x08006600                _close
 .text._fstat   0x08006610       0x10 D:/An3 sem2/P2_STM/Program/Aplicatia_CubeCLT/STM32CubeCLT_1.18.0/GNU-tools-for-STM32/bin/../lib/gcc/arm-none-eabi/13.3.1/../../../../arm-none-eabi/lib/thumb/v7-m/nofp\libnosys.a(fstat.o)
                0x08006610                _fstat
 .text._getpid  0x08006620       0x10 D:/An3 sem2/P2_STM/Program/Aplicatia_CubeCLT/STM32CubeCLT_1.18.0/GNU-tools-for-STM32/bin/../lib/gcc/arm-none-eabi/13.3.1/../../../../arm-none-eabi/lib/thumb/v7-m/nofp\libnosys.a(getpid.o)
                0x08006620                _getpid
 .text._isatty  0x08006630       0x10 D:/An3 sem2/P2_STM/Program/Aplicatia_CubeCLT/STM32CubeCLT_1.18.0/GNU-tools-for-STM32/bin/../lib/gcc/arm-none-eabi/13.3.1/../../../../arm-none-eabi/lib/thumb/v7-m/nofp\libnosys.a(isatty.o)
                0x08006630                _isatty
 .text._kill    0x08006640       0x10 D:/An3 sem2/P2_STM/Program/Aplicatia_CubeCLT/STM32CubeCLT_1.18.0/GNU-tools-for-STM32/bin/../lib/gcc/arm-none-eabi/13.3.1/../../../../arm-none-eabi/lib/thumb/v7-m/nofp\libnosys.a(kill.o)
                0x08006640                _kill
 .text._lseek   0x08006650       0x10 D:/An3 sem2/P2_STM/Program/Aplicatia_CubeCLT/STM32CubeCLT_1.18.0/GNU-tools-for-STM32/bin/../lib/gcc/arm-none-eabi/13.3.1/../../../../arm-none-eabi/lib/thumb/v7-m/nofp\libnosys.a(lseek.o)
                0x08006650                _lseek
 .text._read    0x08006660       0x10 D:/An3 sem2/P2_STM/Program/Aplicatia_CubeCLT/STM32CubeCLT_1.18.0/GNU-tools-for-STM32/bin/../lib/gcc/arm-none-eabi/13.3.1/../../../../arm-none-eabi/lib/thumb/v7-m/nofp\libnosys.a(read.o)
                0x08006660                _read
 .text._sbrk    0x08006670       0x1c D:/An3 sem2/P2_STM/Program/Aplicatia_CubeCLT/STM32CubeCLT_1.18.0/GNU-tools-for-STM32/bin/../lib/gcc/arm-none-eabi/13.3.1/../../../../arm-none-eabi/lib/thumb/v7-m/nofp\libnosys.a(sbrk.o)
                0x08006670                _sbrk
 .text._exit    0x0800668c        0x2 D:/An3 sem2/P2_STM/Program/Aplicatia_CubeCLT/STM32CubeCLT_1.18.0/GNU-tools-for-STM32/bin/../lib/gcc/arm-none-eabi/13.3.1/../../../../arm-none-eabi/lib/thumb/v7-m/nofp\libnosys.a(_exit.o)
                0x0800668c                _exit
 *(.glue_7)
 .glue_7        0x0800668e        0x0 linker stubs
 *(.glue_7t)
 .glue_7t       0x0800668e        0x0 linker stubs
 *(.eh_frame)
 *fill*         0x0800668e        0x2 
 .eh_frame      0x08006690        0x0 D:/An3 sem2/P2_STM/Program/Aplicatia_CubeCLT/STM32CubeCLT_1.18.0/GNU-tools-for-STM32/bin/../lib/gcc/arm-none-eabi/13.3.1/thumb/v7-m/nofp/crtbegin.o
 *(.init)
 .init          0x08006690        0x4 D:/An3 sem2/P2_STM/Program/Aplicatia_CubeCLT/STM32CubeCLT_1.18.0/GNU-tools-for-STM32/bin/../lib/gcc/arm-none-eabi/13.3.1/thumb/v7-m/nofp/crti.o
                0x08006690                _init
 .init          0x08006694        0x8 D:/An3 sem2/P2_STM/Program/Aplicatia_CubeCLT/STM32CubeCLT_1.18.0/GNU-tools-for-STM32/bin/../lib/gcc/arm-none-eabi/13.3.1/thumb/v7-m/nofp/crtn.o
 *(.fini)
 .fini          0x0800669c        0x4 D:/An3 sem2/P2_STM/Program/Aplicatia_CubeCLT/STM32CubeCLT_1.18.0/GNU-tools-for-STM32/bin/../lib/gcc/arm-none-eabi/13.3.1/thumb/v7-m/nofp/crti.o
                0x0800669c                _fini
 .fini          0x080066a0        0x8 D:/An3 sem2/P2_STM/Program/Aplicatia_CubeCLT/STM32CubeCLT_1.18.0/GNU-tools-for-STM32/bin/../lib/gcc/arm-none-eabi/13.3.1/thumb/v7-m/nofp/crtn.o
                0x080066a8                        . = ALIGN (0x4)
                0x080066a8                        _etext = .

.vfp11_veneer   0x080066a8        0x0
 .vfp11_veneer  0x080066a8        0x0 linker stubs

.v4_bx          0x080066a8        0x0
 .v4_bx         0x080066a8        0x0 linker stubs

.iplt           0x080066a8        0x0
 .iplt          0x080066a8        0x0 D:/An3 sem2/P2_STM/Program/Aplicatia_CubeCLT/STM32CubeCLT_1.18.0/GNU-tools-for-STM32/bin/../lib/gcc/arm-none-eabi/13.3.1/thumb/v7-m/nofp/crtbegin.o

.rodata         0x080066a8      0x538
                0x080066a8                        . = ALIGN (0x4)
 *(.rodata)
 *(.rodata*)
 .rodata.main.str1.4
                0x080066a8      0x13f build/main.o
 *fill*         0x080067e7        0x1 
 .rodata.aPredivFactorTable.0
                0x080067e8        0x2 build/stm32f1xx_hal_rcc.o
 *fill*         0x080067ea        0x2 
 .rodata.aPLLMULFactorTable.1
                0x080067ec       0x10 build/stm32f1xx_hal_rcc.o
 .rodata.aPredivFactorTable.0
                0x080067fc        0x2 build/stm32f1xx_hal_rcc_ex.o
 *fill*         0x080067fe        0x2 
 .rodata.aPLLMULFactorTable.1
                0x08006800       0x10 build/stm32f1xx_hal_rcc_ex.o
 .rodata.APBPrescTable
                0x08006810        0x8 build/system_stm32f1xx.o
                0x08006810                APBPrescTable
 .rodata.AHBPrescTable
                0x08006818       0x10 build/system_stm32f1xx.o
                0x08006818                AHBPrescTable
 .rodata._printf_float.str1.1
                0x08006828      0x171 D:/An3 sem2/P2_STM/Program/Aplicatia_CubeCLT/STM32CubeCLT_1.18.0/GNU-tools-for-STM32/bin/../lib/gcc/arm-none-eabi/13.3.1/../../../../arm-none-eabi/lib/thumb/v7-m/nofp\libc_nano.a(libc_a-nano-vfprintf_float.o)
                                 0x12 (size before relaxing)
 .rodata._printf_i.str1.1
                0x08006999       0x22 D:/An3 sem2/P2_STM/Program/Aplicatia_CubeCLT/STM32CubeCLT_1.18.0/GNU-tools-for-STM32/bin/../lib/gcc/arm-none-eabi/13.3.1/../../../../arm-none-eabi/lib/thumb/v7-m/nofp\libc_nano.a(libc_a-nano-vfprintf_i.o)
 .rodata._dtoa_r.str1.1
                0x08006999       0x8f D:/An3 sem2/P2_STM/Program/Aplicatia_CubeCLT/STM32CubeCLT_1.18.0/GNU-tools-for-STM32/bin/../lib/gcc/arm-none-eabi/13.3.1/../../../../arm-none-eabi/lib/thumb/v7-m/nofp\libc_nano.a(libc_a-dtoa.o)
 .rodata._Balloc.str1.1
                0x08006999       0x70 D:/An3 sem2/P2_STM/Program/Aplicatia_CubeCLT/STM32CubeCLT_1.18.0/GNU-tools-for-STM32/bin/../lib/gcc/arm-none-eabi/13.3.1/../../../../arm-none-eabi/lib/thumb/v7-m/nofp\libc_nano.a(libc_a-mprec.o)
 .rodata.__multadd.str1.1
                0x08006999       0x11 D:/An3 sem2/P2_STM/Program/Aplicatia_CubeCLT/STM32CubeCLT_1.18.0/GNU-tools-for-STM32/bin/../lib/gcc/arm-none-eabi/13.3.1/../../../../arm-none-eabi/lib/thumb/v7-m/nofp\libc_nano.a(libc_a-mprec.o)
 *fill*         0x08006999        0x3 
 .rodata.p05.0  0x0800699c        0xc D:/An3 sem2/P2_STM/Program/Aplicatia_CubeCLT/STM32CubeCLT_1.18.0/GNU-tools-for-STM32/bin/../lib/gcc/arm-none-eabi/13.3.1/../../../../arm-none-eabi/lib/thumb/v7-m/nofp\libc_nano.a(libc_a-mprec.o)
 .rodata.__mprec_bigtens
                0x080069a8       0x28 D:/An3 sem2/P2_STM/Program/Aplicatia_CubeCLT/STM32CubeCLT_1.18.0/GNU-tools-for-STM32/bin/../lib/gcc/arm-none-eabi/13.3.1/../../../../arm-none-eabi/lib/thumb/v7-m/nofp\libc_nano.a(libc_a-mprec.o)
                0x080069a8                __mprec_bigtens
 .rodata.__mprec_tens
                0x080069d0       0xc8 D:/An3 sem2/P2_STM/Program/Aplicatia_CubeCLT/STM32CubeCLT_1.18.0/GNU-tools-for-STM32/bin/../lib/gcc/arm-none-eabi/13.3.1/../../../../arm-none-eabi/lib/thumb/v7-m/nofp\libc_nano.a(libc_a-mprec.o)
                0x080069d0                __mprec_tens
 .rodata._vfprintf_r.str1.1
                0x08006a98       0x11 D:/An3 sem2/P2_STM/Program/Aplicatia_CubeCLT/STM32CubeCLT_1.18.0/GNU-tools-for-STM32/bin/../lib/gcc/arm-none-eabi/13.3.1/../../../../arm-none-eabi/lib/thumb/v7-m/nofp\libc_nano.a(libc_a-nano-vfprintf.o)
 .rodata._setlocale_r.str1.1
                0x08006a98        0x9 D:/An3 sem2/P2_STM/Program/Aplicatia_CubeCLT/STM32CubeCLT_1.18.0/GNU-tools-for-STM32/bin/../lib/gcc/arm-none-eabi/13.3.1/../../../../arm-none-eabi/lib/thumb/v7-m/nofp\libc_nano.a(libc_a-locale.o)
 .rodata.str1.1
                0x08006a98        0x2 D:/An3 sem2/P2_STM/Program/Aplicatia_CubeCLT/STM32CubeCLT_1.18.0/GNU-tools-for-STM32/bin/../lib/gcc/arm-none-eabi/13.3.1/../../../../arm-none-eabi/lib/thumb/v7-m/nofp\libc_nano.a(libc_a-locale.o)
 .rodata.__assert_func.str1.1
                0x08006a98       0x3d D:/An3 sem2/P2_STM/Program/Aplicatia_CubeCLT/STM32CubeCLT_1.18.0/GNU-tools-for-STM32/bin/../lib/gcc/arm-none-eabi/13.3.1/../../../../arm-none-eabi/lib/thumb/v7-m/nofp\libc_nano.a(libc_a-assert.o)
 .rodata._ctype_
                0x08006a98      0x101 D:/An3 sem2/P2_STM/Program/Aplicatia_CubeCLT/STM32CubeCLT_1.18.0/GNU-tools-for-STM32/bin/../lib/gcc/arm-none-eabi/13.3.1/../../../../arm-none-eabi/lib/thumb/v7-m/nofp\libc_nano.a(libc_a-ctype_.o)
                0x08006a98                _ctype_
 *fill*         0x08006b99        0x7 
 .rodata.atanlo
                0x08006ba0       0x20 D:/An3 sem2/P2_STM/Program/Aplicatia_CubeCLT/STM32CubeCLT_1.18.0/GNU-tools-for-STM32/bin/../lib/gcc/arm-none-eabi/13.3.1/../../../../arm-none-eabi/lib/thumb/v7-m/nofp\libm.a(libm_a-s_atan.o)
 .rodata.atanhi
                0x08006bc0       0x20 D:/An3 sem2/P2_STM/Program/Aplicatia_CubeCLT/STM32CubeCLT_1.18.0/GNU-tools-for-STM32/bin/../lib/gcc/arm-none-eabi/13.3.1/../../../../arm-none-eabi/lib/thumb/v7-m/nofp\libm.a(libm_a-s_atan.o)
                0x08006be0                        . = ALIGN (0x4)

.ARM.extab      0x08006be0        0x0
                0x08006be0                        . = ALIGN (0x4)
 *(.ARM.extab* .gnu.linkonce.armextab.*)
                0x08006be0                        . = ALIGN (0x4)

.ARM            0x08006be0        0x8
                0x08006be0                        . = ALIGN (0x4)
                0x08006be0                        __exidx_start = .
 *(.ARM.exidx*)
 .ARM.exidx     0x08006be0        0x8 D:/An3 sem2/P2_STM/Program/Aplicatia_CubeCLT/STM32CubeCLT_1.18.0/GNU-tools-for-STM32/bin/../lib/gcc/arm-none-eabi/13.3.1/../../../../arm-none-eabi/lib/thumb/v7-m/nofp\libc_nano.a(libc_a-strlen.o)
                0x08006be8                        __exidx_end = .
                0x08006be8                        . = ALIGN (0x4)

.preinit_array  0x08006be8        0x0
                0x08006be8                        . = ALIGN (0x4)
                0x08006be8                        PROVIDE (__preinit_array_start = .)
 *(.preinit_array*)
                0x08006be8                        PROVIDE (__preinit_array_end = .)
                0x08006be8                        . = ALIGN (0x4)

.init_array     0x08006be8        0x4
                0x08006be8                        . = ALIGN (0x4)
                0x08006be8                        PROVIDE (__init_array_start = .)
 *(SORT_BY_NAME(.init_array.*))
 *(.init_array*)
 .init_array    0x08006be8        0x4 D:/An3 sem2/P2_STM/Program/Aplicatia_CubeCLT/STM32CubeCLT_1.18.0/GNU-tools-for-STM32/bin/../lib/gcc/arm-none-eabi/13.3.1/thumb/v7-m/nofp/crtbegin.o
                0x08006bec                        PROVIDE (__init_array_end = .)
                0x08006bec                        . = ALIGN (0x4)

.fini_array     0x08006bec        0x4
                0x08006bec                        . = ALIGN (0x4)
                [!provide]                        PROVIDE (__fini_array_start = .)
 *(SORT_BY_NAME(.fini_array.*))
 *(.fini_array*)
 .fini_array    0x08006bec        0x4 D:/An3 sem2/P2_STM/Program/Aplicatia_CubeCLT/STM32CubeCLT_1.18.0/GNU-tools-for-STM32/bin/../lib/gcc/arm-none-eabi/13.3.1/thumb/v7-m/nofp/crtbegin.o
                [!provide]                        PROVIDE (__fini_array_end = .)
                0x08006bf0                        . = ALIGN (0x4)
                0x08006bf0                        _sidata = LOADADDR (.data)

.rel.dyn        0x08006bf0        0x0
 .rel.iplt      0x08006bf0        0x0 D:/An3 sem2/P2_STM/Program/Aplicatia_CubeCLT/STM32CubeCLT_1.18.0/GNU-tools-for-STM32/bin/../lib/gcc/arm-none-eabi/13.3.1/thumb/v7-m/nofp/crtbegin.o

.data           0x20000000      0x1d4 load address 0x08006bf0
                0x20000000                        . = ALIGN (0x4)
                0x20000000                        _sdata = .
 *(.data)
 *(.data*)
 .data.uwTickFreq
                0x20000000        0x1 build/stm32f1xx_hal.o
                0x20000000                uwTickFreq
 *fill*         0x20000001        0x3 
 .data.uwTickPrio
                0x20000004        0x4 build/stm32f1xx_hal.o
                0x20000004                uwTickPrio
 .data.SystemCoreClock
                0x20000008        0x4 build/system_stm32f1xx.o
                0x20000008                SystemCoreClock
 .data.__sglue  0x2000000c        0xc D:/An3 sem2/P2_STM/Program/Aplicatia_CubeCLT/STM32CubeCLT_1.18.0/GNU-tools-for-STM32/bin/../lib/gcc/arm-none-eabi/13.3.1/../../../../arm-none-eabi/lib/thumb/v7-m/nofp\libc_nano.a(libc_a-findfp.o)
                0x2000000c                __sglue
 .data._impure_ptr
                0x20000018        0x4 D:/An3 sem2/P2_STM/Program/Aplicatia_CubeCLT/STM32CubeCLT_1.18.0/GNU-tools-for-STM32/bin/../lib/gcc/arm-none-eabi/13.3.1/../../../../arm-none-eabi/lib/thumb/v7-m/nofp\libc_nano.a(libc_a-impure.o)
                0x20000018                _impure_ptr
 .data._impure_data
                0x2000001c       0x4c D:/An3 sem2/P2_STM/Program/Aplicatia_CubeCLT/STM32CubeCLT_1.18.0/GNU-tools-for-STM32/bin/../lib/gcc/arm-none-eabi/13.3.1/../../../../arm-none-eabi/lib/thumb/v7-m/nofp\libc_nano.a(libc_a-impure.o)
                0x2000001c                _impure_data
 .data.__global_locale
                0x20000068      0x16c D:/An3 sem2/P2_STM/Program/Aplicatia_CubeCLT/STM32CubeCLT_1.18.0/GNU-tools-for-STM32/bin/../lib/gcc/arm-none-eabi/13.3.1/../../../../arm-none-eabi/lib/thumb/v7-m/nofp\libc_nano.a(libc_a-locale.o)
                0x20000068                __global_locale
 *(.RamFunc)
 *(.RamFunc*)
                0x200001d4                        . = ALIGN (0x4)
                0x200001d4                        _edata = .

.igot.plt       0x200001d4        0x0 load address 0x08006dc4
 .igot.plt      0x200001d4        0x0 D:/An3 sem2/P2_STM/Program/Aplicatia_CubeCLT/STM32CubeCLT_1.18.0/GNU-tools-for-STM32/bin/../lib/gcc/arm-none-eabi/13.3.1/thumb/v7-m/nofp/crtbegin.o
                0x200001d4                        . = ALIGN (0x4)

.bss            0x200001d4      0x568 load address 0x08006dc4
                0x200001d4                        _sbss = .
                0x200001d4                        __bss_start__ = _sbss
 *(.bss)
 .bss           0x200001d4       0x1c D:/An3 sem2/P2_STM/Program/Aplicatia_CubeCLT/STM32CubeCLT_1.18.0/GNU-tools-for-STM32/bin/../lib/gcc/arm-none-eabi/13.3.1/thumb/v7-m/nofp/crtbegin.o
 *(.bss*)
 .bss.time_prev
                0x200001f0        0xc build/main.o
                0x200001f0                time_prev
 .bss.unghi_anterior
                0x200001fc        0xc build/main.o
                0x200001fc                unghi_anterior
 .bss.gyro      0x20000208        0xc build/main.o
                0x20000208                gyro
 .bss.delta_t   0x20000214        0xc build/main.o
                0x20000214                delta_t
 .bss.unghi     0x20000220        0xc build/main.o
                0x20000220                unghi
 .bss.adc_acc   0x2000022c        0xc build/main.o
                0x2000022c                adc_acc
 .bss.adc_volt  0x20000238        0xc build/main.o
                0x20000238                adc_volt
 .bss.adc_raw   0x20000244        0xc build/main.o
                0x20000244                adc_raw
 .bss.hpcd_USB_FS
                0x20000250      0x2d8 build/main.o
                0x20000250                hpcd_USB_FS
 .bss.huart1    0x20000528       0x48 build/main.o
                0x20000528                huart1
 .bss.htim2     0x20000570       0x48 build/main.o
                0x20000570                htim2
 .bss.hadc1     0x200005b8       0x30 build/main.o
                0x200005b8                hadc1
 .bss.uwTick    0x200005e8        0x4 build/stm32f1xx_hal.o
                0x200005e8                uwTick
 .bss.__sf      0x200005ec      0x138 D:/An3 sem2/P2_STM/Program/Aplicatia_CubeCLT/STM32CubeCLT_1.18.0/GNU-tools-for-STM32/bin/../lib/gcc/arm-none-eabi/13.3.1/../../../../arm-none-eabi/lib/thumb/v7-m/nofp\libc_nano.a(libc_a-findfp.o)
                0x200005ec                __sf
 .bss.__stdio_exit_handler
                0x20000724        0x4 D:/An3 sem2/P2_STM/Program/Aplicatia_CubeCLT/STM32CubeCLT_1.18.0/GNU-tools-for-STM32/bin/../lib/gcc/arm-none-eabi/13.3.1/../../../../arm-none-eabi/lib/thumb/v7-m/nofp\libc_nano.a(libc_a-findfp.o)
                0x20000724                __stdio_exit_handler
 .bss.errno     0x20000728        0x4 D:/An3 sem2/P2_STM/Program/Aplicatia_CubeCLT/STM32CubeCLT_1.18.0/GNU-tools-for-STM32/bin/../lib/gcc/arm-none-eabi/13.3.1/../../../../arm-none-eabi/lib/thumb/v7-m/nofp\libc_nano.a(libc_a-reent.o)
                0x20000728                errno
 .bss.__lock___malloc_recursive_mutex
                0x2000072c        0x1 D:/An3 sem2/P2_STM/Program/Aplicatia_CubeCLT/STM32CubeCLT_1.18.0/GNU-tools-for-STM32/bin/../lib/gcc/arm-none-eabi/13.3.1/../../../../arm-none-eabi/lib/thumb/v7-m/nofp\libc_nano.a(libc_a-lock.o)
                0x2000072c                __lock___malloc_recursive_mutex
 .bss.__lock___sfp_recursive_mutex
                0x2000072d        0x1 D:/An3 sem2/P2_STM/Program/Aplicatia_CubeCLT/STM32CubeCLT_1.18.0/GNU-tools-for-STM32/bin/../lib/gcc/arm-none-eabi/13.3.1/../../../../arm-none-eabi/lib/thumb/v7-m/nofp\libc_nano.a(libc_a-lock.o)
                0x2000072d                __lock___sfp_recursive_mutex
 *fill*         0x2000072e        0x2 
 .bss.__malloc_sbrk_start
                0x20000730        0x4 D:/An3 sem2/P2_STM/Program/Aplicatia_CubeCLT/STM32CubeCLT_1.18.0/GNU-tools-for-STM32/bin/../lib/gcc/arm-none-eabi/13.3.1/../../../../arm-none-eabi/lib/thumb/v7-m/nofp\libc_nano.a(libc_a-mallocr.o)
                0x20000730                __malloc_sbrk_start
 .bss.__malloc_free_list
                0x20000734        0x4 D:/An3 sem2/P2_STM/Program/Aplicatia_CubeCLT/STM32CubeCLT_1.18.0/GNU-tools-for-STM32/bin/../lib/gcc/arm-none-eabi/13.3.1/../../../../arm-none-eabi/lib/thumb/v7-m/nofp\libc_nano.a(libc_a-mallocr.o)
                0x20000734                __malloc_free_list
 .bss.heap_end.0
                0x20000738        0x4 D:/An3 sem2/P2_STM/Program/Aplicatia_CubeCLT/STM32CubeCLT_1.18.0/GNU-tools-for-STM32/bin/../lib/gcc/arm-none-eabi/13.3.1/../../../../arm-none-eabi/lib/thumb/v7-m/nofp\libnosys.a(sbrk.o)
 *(COMMON)
                0x2000073c                        . = ALIGN (0x4)
                0x2000073c                        _ebss = .
                0x2000073c                        __bss_end__ = _ebss

._user_heap_stack
                0x2000073c      0x604 load address 0x08006dc4
                0x20000740                        . = ALIGN (0x8)
 *fill*         0x2000073c        0x4 
                0x20000740                        PROVIDE (end = .)
                [!provide]                        PROVIDE (_end = .)
                0x20000940                        . = (. + _Min_Heap_Size)
 *fill*         0x20000740      0x200 
                0x20000d40                        . = (. + _Min_Stack_Size)
 *fill*         0x20000940      0x400 
                0x20000d40                        . = ALIGN (0x8)

/DISCARD/
 libc.a(*)
 libm.a(*)
 libgcc.a(*)
OUTPUT(build/Gyroscope_digital1.elf elf32-littlearm)
LOAD linker stubs
LOAD D:/An3 sem2/P2_STM/Program/Aplicatia_CubeCLT/STM32CubeCLT_1.18.0/GNU-tools-for-STM32/bin/../lib/gcc/arm-none-eabi/13.3.1/../../../../arm-none-eabi/lib/thumb/v7-m/nofp\libc.a
LOAD D:/An3 sem2/P2_STM/Program/Aplicatia_CubeCLT/STM32CubeCLT_1.18.0/GNU-tools-for-STM32/bin/../lib/gcc/arm-none-eabi/13.3.1/../../../../arm-none-eabi/lib/thumb/v7-m/nofp\libm.a
LOAD D:/An3 sem2/P2_STM/Program/Aplicatia_CubeCLT/STM32CubeCLT_1.18.0/GNU-tools-for-STM32/bin/../lib/gcc/arm-none-eabi/13.3.1/thumb/v7-m/nofp\libgcc.a

.ARM.attributes
                0x00000000       0x29
 .ARM.attributes
                0x00000000       0x1d D:/An3 sem2/P2_STM/Program/Aplicatia_CubeCLT/STM32CubeCLT_1.18.0/GNU-tools-for-STM32/bin/../lib/gcc/arm-none-eabi/13.3.1/thumb/v7-m/nofp/crti.o
 .ARM.attributes
                0x0000001d       0x2d D:/An3 sem2/P2_STM/Program/Aplicatia_CubeCLT/STM32CubeCLT_1.18.0/GNU-tools-for-STM32/bin/../lib/gcc/arm-none-eabi/13.3.1/thumb/v7-m/nofp/crtbegin.o
 .ARM.attributes
                0x0000004a       0x2d build/main.o
 .ARM.attributes
                0x00000077       0x2d build/stm32f1xx_it.o
 .ARM.attributes
                0x000000a4       0x2d build/stm32f1xx_hal_msp.o
 .ARM.attributes
                0x000000d1       0x2d build/stm32f1xx_hal_adc.o
 .ARM.attributes
                0x000000fe       0x2d build/stm32f1xx_hal.o
 .ARM.attributes
                0x0000012b       0x2d build/stm32f1xx_hal_rcc.o
 .ARM.attributes
                0x00000158       0x2d build/stm32f1xx_hal_rcc_ex.o
 .ARM.attributes
                0x00000185       0x2d build/stm32f1xx_hal_gpio.o
 .ARM.attributes
                0x000001b2       0x2d build/stm32f1xx_hal_dma.o
 .ARM.attributes
                0x000001df       0x2d build/stm32f1xx_hal_cortex.o
 .ARM.attributes
                0x0000020c       0x2d build/stm32f1xx_hal_tim.o
 .ARM.attributes
                0x00000239       0x2d build/stm32f1xx_hal_tim_ex.o
 .ARM.attributes
                0x00000266       0x2d build/stm32f1xx_hal_uart.o
 .ARM.attributes
                0x00000293       0x2d build/stm32f1xx_hal_pcd.o
 .ARM.attributes
                0x000002c0       0x2d build/stm32f1xx_ll_usb.o
 .ARM.attributes
                0x000002ed       0x2d build/system_stm32f1xx.o
 .ARM.attributes
                0x0000031a       0x21 build/startup_stm32f103xb.o
 .ARM.attributes
                0x0000033b       0x2d D:/An3 sem2/P2_STM/Program/Aplicatia_CubeCLT/STM32CubeCLT_1.18.0/GNU-tools-for-STM32/bin/../lib/gcc/arm-none-eabi/13.3.1/../../../../arm-none-eabi/lib/thumb/v7-m/nofp\libc_nano.a(libc_a-nano-vfprintf_float.o)
 .ARM.attributes
                0x00000368       0x2d D:/An3 sem2/P2_STM/Program/Aplicatia_CubeCLT/STM32CubeCLT_1.18.0/GNU-tools-for-STM32/bin/../lib/gcc/arm-none-eabi/13.3.1/../../../../arm-none-eabi/lib/thumb/v7-m/nofp\libc_nano.a(libc_a-nano-vfprintf_i.o)
 .ARM.attributes
                0x00000395       0x2d D:/An3 sem2/P2_STM/Program/Aplicatia_CubeCLT/STM32CubeCLT_1.18.0/GNU-tools-for-STM32/bin/../lib/gcc/arm-none-eabi/13.3.1/../../../../arm-none-eabi/lib/thumb/v7-m/nofp\libc_nano.a(libc_a-findfp.o)
 .ARM.attributes
                0x000003c2       0x2d D:/An3 sem2/P2_STM/Program/Aplicatia_CubeCLT/STM32CubeCLT_1.18.0/GNU-tools-for-STM32/bin/../lib/gcc/arm-none-eabi/13.3.1/../../../../arm-none-eabi/lib/thumb/v7-m/nofp\libc_nano.a(libc_a-fwalk.o)
 .ARM.attributes
                0x000003ef       0x2d D:/An3 sem2/P2_STM/Program/Aplicatia_CubeCLT/STM32CubeCLT_1.18.0/GNU-tools-for-STM32/bin/../lib/gcc/arm-none-eabi/13.3.1/../../../../arm-none-eabi/lib/thumb/v7-m/nofp\libc_nano.a(libc_a-printf.o)
 .ARM.attributes
                0x0000041c       0x2d D:/An3 sem2/P2_STM/Program/Aplicatia_CubeCLT/STM32CubeCLT_1.18.0/GNU-tools-for-STM32/bin/../lib/gcc/arm-none-eabi/13.3.1/../../../../arm-none-eabi/lib/thumb/v7-m/nofp\libc_nano.a(libc_a-puts.o)
 .ARM.attributes
                0x00000449       0x2d D:/An3 sem2/P2_STM/Program/Aplicatia_CubeCLT/STM32CubeCLT_1.18.0/GNU-tools-for-STM32/bin/../lib/gcc/arm-none-eabi/13.3.1/../../../../arm-none-eabi/lib/thumb/v7-m/nofp\libc_nano.a(libc_a-stdio.o)
 .ARM.attributes
                0x00000476       0x2d D:/An3 sem2/P2_STM/Program/Aplicatia_CubeCLT/STM32CubeCLT_1.18.0/GNU-tools-for-STM32/bin/../lib/gcc/arm-none-eabi/13.3.1/../../../../arm-none-eabi/lib/thumb/v7-m/nofp\libc_nano.a(libc_a-wbuf.o)
 .ARM.attributes
                0x000004a3       0x2d D:/An3 sem2/P2_STM/Program/Aplicatia_CubeCLT/STM32CubeCLT_1.18.0/GNU-tools-for-STM32/bin/../lib/gcc/arm-none-eabi/13.3.1/../../../../arm-none-eabi/lib/thumb/v7-m/nofp\libc_nano.a(libc_a-wsetup.o)
 .ARM.attributes
                0x000004d0       0x2d D:/An3 sem2/P2_STM/Program/Aplicatia_CubeCLT/STM32CubeCLT_1.18.0/GNU-tools-for-STM32/bin/../lib/gcc/arm-none-eabi/13.3.1/../../../../arm-none-eabi/lib/thumb/v7-m/nofp\libc_nano.a(libc_a-memset.o)
 .ARM.attributes
                0x000004fd       0x2d D:/An3 sem2/P2_STM/Program/Aplicatia_CubeCLT/STM32CubeCLT_1.18.0/GNU-tools-for-STM32/bin/../lib/gcc/arm-none-eabi/13.3.1/../../../../arm-none-eabi/lib/thumb/v7-m/nofp\libc_nano.a(libc_a-localeconv.o)
 .ARM.attributes
                0x0000052a       0x2d D:/An3 sem2/P2_STM/Program/Aplicatia_CubeCLT/STM32CubeCLT_1.18.0/GNU-tools-for-STM32/bin/../lib/gcc/arm-none-eabi/13.3.1/../../../../arm-none-eabi/lib/thumb/v7-m/nofp\libc_nano.a(libc_a-closer.o)
 .ARM.attributes
                0x00000557       0x2d D:/An3 sem2/P2_STM/Program/Aplicatia_CubeCLT/STM32CubeCLT_1.18.0/GNU-tools-for-STM32/bin/../lib/gcc/arm-none-eabi/13.3.1/../../../../arm-none-eabi/lib/thumb/v7-m/nofp\libc_nano.a(libc_a-reent.o)
 .ARM.attributes
                0x00000584       0x2d D:/An3 sem2/P2_STM/Program/Aplicatia_CubeCLT/STM32CubeCLT_1.18.0/GNU-tools-for-STM32/bin/../lib/gcc/arm-none-eabi/13.3.1/../../../../arm-none-eabi/lib/thumb/v7-m/nofp\libc_nano.a(libc_a-impure.o)
 .ARM.attributes
                0x000005b1       0x2d D:/An3 sem2/P2_STM/Program/Aplicatia_CubeCLT/STM32CubeCLT_1.18.0/GNU-tools-for-STM32/bin/../lib/gcc/arm-none-eabi/13.3.1/../../../../arm-none-eabi/lib/thumb/v7-m/nofp\libc_nano.a(libc_a-lseekr.o)
 .ARM.attributes
                0x000005de       0x2d D:/An3 sem2/P2_STM/Program/Aplicatia_CubeCLT/STM32CubeCLT_1.18.0/GNU-tools-for-STM32/bin/../lib/gcc/arm-none-eabi/13.3.1/../../../../arm-none-eabi/lib/thumb/v7-m/nofp\libc_nano.a(libc_a-readr.o)
 .ARM.attributes
                0x0000060b       0x2d D:/An3 sem2/P2_STM/Program/Aplicatia_CubeCLT/STM32CubeCLT_1.18.0/GNU-tools-for-STM32/bin/../lib/gcc/arm-none-eabi/13.3.1/../../../../arm-none-eabi/lib/thumb/v7-m/nofp\libc_nano.a(libc_a-writer.o)
 .ARM.attributes
                0x00000638       0x2d D:/An3 sem2/P2_STM/Program/Aplicatia_CubeCLT/STM32CubeCLT_1.18.0/GNU-tools-for-STM32/bin/../lib/gcc/arm-none-eabi/13.3.1/../../../../arm-none-eabi/lib/thumb/v7-m/nofp\libc_nano.a(libc_a-init.o)
 .ARM.attributes
                0x00000665       0x2d D:/An3 sem2/P2_STM/Program/Aplicatia_CubeCLT/STM32CubeCLT_1.18.0/GNU-tools-for-STM32/bin/../lib/gcc/arm-none-eabi/13.3.1/../../../../arm-none-eabi/lib/thumb/v7-m/nofp\libc_nano.a(libc_a-lock.o)
 .ARM.attributes
                0x00000692       0x2d D:/An3 sem2/P2_STM/Program/Aplicatia_CubeCLT/STM32CubeCLT_1.18.0/GNU-tools-for-STM32/bin/../lib/gcc/arm-none-eabi/13.3.1/../../../../arm-none-eabi/lib/thumb/v7-m/nofp\libc_nano.a(libc_a-memchr-stub.o)
 .ARM.attributes
                0x000006bf       0x17 D:/An3 sem2/P2_STM/Program/Aplicatia_CubeCLT/STM32CubeCLT_1.18.0/GNU-tools-for-STM32/bin/../lib/gcc/arm-none-eabi/13.3.1/../../../../arm-none-eabi/lib/thumb/v7-m/nofp\libc_nano.a(libc_a-strlen.o)
 .ARM.attributes
                0x000006d6       0x2d D:/An3 sem2/P2_STM/Program/Aplicatia_CubeCLT/STM32CubeCLT_1.18.0/GNU-tools-for-STM32/bin/../lib/gcc/arm-none-eabi/13.3.1/../../../../arm-none-eabi/lib/thumb/v7-m/nofp\libc_nano.a(libc_a-dtoa.o)
 .ARM.attributes
                0x00000703       0x2d D:/An3 sem2/P2_STM/Program/Aplicatia_CubeCLT/STM32CubeCLT_1.18.0/GNU-tools-for-STM32/bin/../lib/gcc/arm-none-eabi/13.3.1/../../../../arm-none-eabi/lib/thumb/v7-m/nofp\libc_nano.a(libc_a-freer.o)
 .ARM.attributes
                0x00000730       0x2d D:/An3 sem2/P2_STM/Program/Aplicatia_CubeCLT/STM32CubeCLT_1.18.0/GNU-tools-for-STM32/bin/../lib/gcc/arm-none-eabi/13.3.1/../../../../arm-none-eabi/lib/thumb/v7-m/nofp\libc_nano.a(libc_a-malloc.o)
 .ARM.attributes
                0x0000075d       0x2d D:/An3 sem2/P2_STM/Program/Aplicatia_CubeCLT/STM32CubeCLT_1.18.0/GNU-tools-for-STM32/bin/../lib/gcc/arm-none-eabi/13.3.1/../../../../arm-none-eabi/lib/thumb/v7-m/nofp\libc_nano.a(libc_a-mallocr.o)
 .ARM.attributes
                0x0000078a       0x2d D:/An3 sem2/P2_STM/Program/Aplicatia_CubeCLT/STM32CubeCLT_1.18.0/GNU-tools-for-STM32/bin/../lib/gcc/arm-none-eabi/13.3.1/../../../../arm-none-eabi/lib/thumb/v7-m/nofp\libc_nano.a(libc_a-mlock.o)
 .ARM.attributes
                0x000007b7       0x2d D:/An3 sem2/P2_STM/Program/Aplicatia_CubeCLT/STM32CubeCLT_1.18.0/GNU-tools-for-STM32/bin/../lib/gcc/arm-none-eabi/13.3.1/../../../../arm-none-eabi/lib/thumb/v7-m/nofp\libc_nano.a(libc_a-mprec.o)
 .ARM.attributes
                0x000007e4       0x2d D:/An3 sem2/P2_STM/Program/Aplicatia_CubeCLT/STM32CubeCLT_1.18.0/GNU-tools-for-STM32/bin/../lib/gcc/arm-none-eabi/13.3.1/../../../../arm-none-eabi/lib/thumb/v7-m/nofp\libc_nano.a(libc_a-nano-vfprintf.o)
 .ARM.attributes
                0x00000811       0x2d D:/An3 sem2/P2_STM/Program/Aplicatia_CubeCLT/STM32CubeCLT_1.18.0/GNU-tools-for-STM32/bin/../lib/gcc/arm-none-eabi/13.3.1/../../../../arm-none-eabi/lib/thumb/v7-m/nofp\libc_nano.a(libc_a-fflush.o)
 .ARM.attributes
                0x0000083e       0x2d D:/An3 sem2/P2_STM/Program/Aplicatia_CubeCLT/STM32CubeCLT_1.18.0/GNU-tools-for-STM32/bin/../lib/gcc/arm-none-eabi/13.3.1/../../../../arm-none-eabi/lib/thumb/v7-m/nofp\libc_nano.a(libc_a-makebuf.o)
 .ARM.attributes
                0x0000086b       0x2d D:/An3 sem2/P2_STM/Program/Aplicatia_CubeCLT/STM32CubeCLT_1.18.0/GNU-tools-for-STM32/bin/../lib/gcc/arm-none-eabi/13.3.1/../../../../arm-none-eabi/lib/thumb/v7-m/nofp\libc_nano.a(libc_a-locale.o)
 .ARM.attributes
                0x00000898       0x2d D:/An3 sem2/P2_STM/Program/Aplicatia_CubeCLT/STM32CubeCLT_1.18.0/GNU-tools-for-STM32/bin/../lib/gcc/arm-none-eabi/13.3.1/../../../../arm-none-eabi/lib/thumb/v7-m/nofp\libc_nano.a(libc_a-fstatr.o)
 .ARM.attributes
                0x000008c5       0x2d D:/An3 sem2/P2_STM/Program/Aplicatia_CubeCLT/STM32CubeCLT_1.18.0/GNU-tools-for-STM32/bin/../lib/gcc/arm-none-eabi/13.3.1/../../../../arm-none-eabi/lib/thumb/v7-m/nofp\libc_nano.a(libc_a-isattyr.o)
 .ARM.attributes
                0x000008f2       0x2d D:/An3 sem2/P2_STM/Program/Aplicatia_CubeCLT/STM32CubeCLT_1.18.0/GNU-tools-for-STM32/bin/../lib/gcc/arm-none-eabi/13.3.1/../../../../arm-none-eabi/lib/thumb/v7-m/nofp\libc_nano.a(libc_a-sbrkr.o)
 .ARM.attributes
                0x0000091f       0x2d D:/An3 sem2/P2_STM/Program/Aplicatia_CubeCLT/STM32CubeCLT_1.18.0/GNU-tools-for-STM32/bin/../lib/gcc/arm-none-eabi/13.3.1/../../../../arm-none-eabi/lib/thumb/v7-m/nofp\libc_nano.a(libc_a-memcpy-stub.o)
 .ARM.attributes
                0x0000094c       0x2d D:/An3 sem2/P2_STM/Program/Aplicatia_CubeCLT/STM32CubeCLT_1.18.0/GNU-tools-for-STM32/bin/../lib/gcc/arm-none-eabi/13.3.1/../../../../arm-none-eabi/lib/thumb/v7-m/nofp\libc_nano.a(libc_a-assert.o)
 .ARM.attributes
                0x00000979       0x2d D:/An3 sem2/P2_STM/Program/Aplicatia_CubeCLT/STM32CubeCLT_1.18.0/GNU-tools-for-STM32/bin/../lib/gcc/arm-none-eabi/13.3.1/../../../../arm-none-eabi/lib/thumb/v7-m/nofp\libc_nano.a(libc_a-callocr.o)
 .ARM.attributes
                0x000009a6       0x2d D:/An3 sem2/P2_STM/Program/Aplicatia_CubeCLT/STM32CubeCLT_1.18.0/GNU-tools-for-STM32/bin/../lib/gcc/arm-none-eabi/13.3.1/../../../../arm-none-eabi/lib/thumb/v7-m/nofp\libc_nano.a(libc_a-mbtowc_r.o)
 .ARM.attributes
                0x000009d3       0x2d D:/An3 sem2/P2_STM/Program/Aplicatia_CubeCLT/STM32CubeCLT_1.18.0/GNU-tools-for-STM32/bin/../lib/gcc/arm-none-eabi/13.3.1/../../../../arm-none-eabi/lib/thumb/v7-m/nofp\libc_nano.a(libc_a-wctomb_r.o)
 .ARM.attributes
                0x00000a00       0x2d D:/An3 sem2/P2_STM/Program/Aplicatia_CubeCLT/STM32CubeCLT_1.18.0/GNU-tools-for-STM32/bin/../lib/gcc/arm-none-eabi/13.3.1/../../../../arm-none-eabi/lib/thumb/v7-m/nofp\libc_nano.a(libc_a-ctype_.o)
 .ARM.attributes
                0x00000a2d       0x2d D:/An3 sem2/P2_STM/Program/Aplicatia_CubeCLT/STM32CubeCLT_1.18.0/GNU-tools-for-STM32/bin/../lib/gcc/arm-none-eabi/13.3.1/../../../../arm-none-eabi/lib/thumb/v7-m/nofp\libc_nano.a(libc_a-fprintf.o)
 .ARM.attributes
                0x00000a5a       0x2d D:/An3 sem2/P2_STM/Program/Aplicatia_CubeCLT/STM32CubeCLT_1.18.0/GNU-tools-for-STM32/bin/../lib/gcc/arm-none-eabi/13.3.1/../../../../arm-none-eabi/lib/thumb/v7-m/nofp\libc_nano.a(libc_a-abort.o)
 .ARM.attributes
                0x00000a87       0x2d D:/An3 sem2/P2_STM/Program/Aplicatia_CubeCLT/STM32CubeCLT_1.18.0/GNU-tools-for-STM32/bin/../lib/gcc/arm-none-eabi/13.3.1/../../../../arm-none-eabi/lib/thumb/v7-m/nofp\libc_nano.a(libc_a-signal.o)
 .ARM.attributes
                0x00000ab4       0x2d D:/An3 sem2/P2_STM/Program/Aplicatia_CubeCLT/STM32CubeCLT_1.18.0/GNU-tools-for-STM32/bin/../lib/gcc/arm-none-eabi/13.3.1/../../../../arm-none-eabi/lib/thumb/v7-m/nofp\libc_nano.a(libc_a-signalr.o)
 .ARM.attributes
                0x00000ae1       0x2d D:/An3 sem2/P2_STM/Program/Aplicatia_CubeCLT/STM32CubeCLT_1.18.0/GNU-tools-for-STM32/bin/../lib/gcc/arm-none-eabi/13.3.1/../../../../arm-none-eabi/lib/thumb/v7-m/nofp\libm.a(libm_a-s_atan.o)
 .ARM.attributes
                0x00000b0e       0x2d D:/An3 sem2/P2_STM/Program/Aplicatia_CubeCLT/STM32CubeCLT_1.18.0/GNU-tools-for-STM32/bin/../lib/gcc/arm-none-eabi/13.3.1/../../../../arm-none-eabi/lib/thumb/v7-m/nofp\libm.a(libm_a-s_fabs.o)
 .ARM.attributes
                0x00000b3b       0x2d D:/An3 sem2/P2_STM/Program/Aplicatia_CubeCLT/STM32CubeCLT_1.18.0/GNU-tools-for-STM32/bin/../lib/gcc/arm-none-eabi/13.3.1/../../../../arm-none-eabi/lib/thumb/v7-m/nofp\libnosys.a(close.o)
 .ARM.attributes
                0x00000b68       0x2d D:/An3 sem2/P2_STM/Program/Aplicatia_CubeCLT/STM32CubeCLT_1.18.0/GNU-tools-for-STM32/bin/../lib/gcc/arm-none-eabi/13.3.1/../../../../arm-none-eabi/lib/thumb/v7-m/nofp\libnosys.a(fstat.o)
 .ARM.attributes
                0x00000b95       0x2d D:/An3 sem2/P2_STM/Program/Aplicatia_CubeCLT/STM32CubeCLT_1.18.0/GNU-tools-for-STM32/bin/../lib/gcc/arm-none-eabi/13.3.1/../../../../arm-none-eabi/lib/thumb/v7-m/nofp\libnosys.a(getpid.o)
 .ARM.attributes
                0x00000bc2       0x2d D:/An3 sem2/P2_STM/Program/Aplicatia_CubeCLT/STM32CubeCLT_1.18.0/GNU-tools-for-STM32/bin/../lib/gcc/arm-none-eabi/13.3.1/../../../../arm-none-eabi/lib/thumb/v7-m/nofp\libnosys.a(isatty.o)
 .ARM.attributes
                0x00000bef       0x2d D:/An3 sem2/P2_STM/Program/Aplicatia_CubeCLT/STM32CubeCLT_1.18.0/GNU-tools-for-STM32/bin/../lib/gcc/arm-none-eabi/13.3.1/../../../../arm-none-eabi/lib/thumb/v7-m/nofp\libnosys.a(kill.o)
 .ARM.attributes
                0x00000c1c       0x2d D:/An3 sem2/P2_STM/Program/Aplicatia_CubeCLT/STM32CubeCLT_1.18.0/GNU-tools-for-STM32/bin/../lib/gcc/arm-none-eabi/13.3.1/../../../../arm-none-eabi/lib/thumb/v7-m/nofp\libnosys.a(lseek.o)
 .ARM.attributes
                0x00000c49       0x2d D:/An3 sem2/P2_STM/Program/Aplicatia_CubeCLT/STM32CubeCLT_1.18.0/GNU-tools-for-STM32/bin/../lib/gcc/arm-none-eabi/13.3.1/../../../../arm-none-eabi/lib/thumb/v7-m/nofp\libnosys.a(read.o)
 .ARM.attributes
                0x00000c76       0x2d D:/An3 sem2/P2_STM/Program/Aplicatia_CubeCLT/STM32CubeCLT_1.18.0/GNU-tools-for-STM32/bin/../lib/gcc/arm-none-eabi/13.3.1/../../../../arm-none-eabi/lib/thumb/v7-m/nofp\libnosys.a(sbrk.o)
 .ARM.attributes
                0x00000ca3       0x2d D:/An3 sem2/P2_STM/Program/Aplicatia_CubeCLT/STM32CubeCLT_1.18.0/GNU-tools-for-STM32/bin/../lib/gcc/arm-none-eabi/13.3.1/../../../../arm-none-eabi/lib/thumb/v7-m/nofp\libnosys.a(_exit.o)
 .ARM.attributes
                0x00000cd0       0x1d D:/An3 sem2/P2_STM/Program/Aplicatia_CubeCLT/STM32CubeCLT_1.18.0/GNU-tools-for-STM32/bin/../lib/gcc/arm-none-eabi/13.3.1/thumb/v7-m/nofp\libgcc.a(_arm_addsubdf3.o)
 .ARM.attributes
                0x00000ced       0x1d D:/An3 sem2/P2_STM/Program/Aplicatia_CubeCLT/STM32CubeCLT_1.18.0/GNU-tools-for-STM32/bin/../lib/gcc/arm-none-eabi/13.3.1/thumb/v7-m/nofp\libgcc.a(_arm_muldivdf3.o)
 .ARM.attributes
                0x00000d0a       0x1d D:/An3 sem2/P2_STM/Program/Aplicatia_CubeCLT/STM32CubeCLT_1.18.0/GNU-tools-for-STM32/bin/../lib/gcc/arm-none-eabi/13.3.1/thumb/v7-m/nofp\libgcc.a(_arm_cmpdf2.o)
 .ARM.attributes
                0x00000d27       0x1d D:/An3 sem2/P2_STM/Program/Aplicatia_CubeCLT/STM32CubeCLT_1.18.0/GNU-tools-for-STM32/bin/../lib/gcc/arm-none-eabi/13.3.1/thumb/v7-m/nofp\libgcc.a(_arm_unorddf2.o)
 .ARM.attributes
                0x00000d44       0x1d D:/An3 sem2/P2_STM/Program/Aplicatia_CubeCLT/STM32CubeCLT_1.18.0/GNU-tools-for-STM32/bin/../lib/gcc/arm-none-eabi/13.3.1/thumb/v7-m/nofp\libgcc.a(_arm_fixdfsi.o)
 .ARM.attributes
                0x00000d61       0x1d D:/An3 sem2/P2_STM/Program/Aplicatia_CubeCLT/STM32CubeCLT_1.18.0/GNU-tools-for-STM32/bin/../lib/gcc/arm-none-eabi/13.3.1/thumb/v7-m/nofp\libgcc.a(_arm_truncdfsf2.o)
 .ARM.attributes
                0x00000d7e       0x1d D:/An3 sem2/P2_STM/Program/Aplicatia_CubeCLT/STM32CubeCLT_1.18.0/GNU-tools-for-STM32/bin/../lib/gcc/arm-none-eabi/13.3.1/thumb/v7-m/nofp\libgcc.a(_arm_addsubsf3.o)
 .ARM.attributes
                0x00000d9b       0x1d D:/An3 sem2/P2_STM/Program/Aplicatia_CubeCLT/STM32CubeCLT_1.18.0/GNU-tools-for-STM32/bin/../lib/gcc/arm-none-eabi/13.3.1/thumb/v7-m/nofp\libgcc.a(_arm_muldivsf3.o)
 .ARM.attributes
                0x00000db8       0x1d D:/An3 sem2/P2_STM/Program/Aplicatia_CubeCLT/STM32CubeCLT_1.18.0/GNU-tools-for-STM32/bin/../lib/gcc/arm-none-eabi/13.3.1/thumb/v7-m/nofp\libgcc.a(_arm_cmpsf2.o)
 .ARM.attributes
                0x00000dd5       0x1d D:/An3 sem2/P2_STM/Program/Aplicatia_CubeCLT/STM32CubeCLT_1.18.0/GNU-tools-for-STM32/bin/../lib/gcc/arm-none-eabi/13.3.1/thumb/v7-m/nofp/crtn.o

.comment        0x00000000       0x43
 .comment       0x00000000       0x43 build/main.o
                                 0x44 (size before relaxing)
 .comment       0x00000043       0x44 build/stm32f1xx_it.o
 .comment       0x00000043       0x44 build/stm32f1xx_hal_msp.o
 .comment       0x00000043       0x44 build/stm32f1xx_hal_adc.o
 .comment       0x00000043       0x44 build/stm32f1xx_hal.o
 .comment       0x00000043       0x44 build/stm32f1xx_hal_rcc.o
 .comment       0x00000043       0x44 build/stm32f1xx_hal_rcc_ex.o
 .comment       0x00000043       0x44 build/stm32f1xx_hal_gpio.o
 .comment       0x00000043       0x44 build/stm32f1xx_hal_dma.o
 .comment       0x00000043       0x44 build/stm32f1xx_hal_cortex.o
 .comment       0x00000043       0x44 build/stm32f1xx_hal_tim.o
 .comment       0x00000043       0x44 build/stm32f1xx_hal_tim_ex.o
 .comment       0x00000043       0x44 build/stm32f1xx_hal_uart.o
 .comment       0x00000043       0x44 build/stm32f1xx_hal_pcd.o
 .comment       0x00000043       0x44 build/stm32f1xx_ll_usb.o
 .comment       0x00000043       0x44 build/system_stm32f1xx.o

.debug_info     0x00000000    0x16c44
 .debug_info    0x00000000     0x2107 build/main.o
 .debug_info    0x00002107      0xad4 build/stm32f1xx_it.o
 .debug_info    0x00002bdb     0x18e4 build/stm32f1xx_hal_msp.o
 .debug_info    0x000044bf     0x108e build/stm32f1xx_hal_adc.o
 .debug_info    0x0000554d      0x880 build/stm32f1xx_hal.o
 .debug_info    0x00005dcd      0xb10 build/stm32f1xx_hal_rcc.o
 .debug_info    0x000068dd      0x47d build/stm32f1xx_hal_rcc_ex.o
 .debug_info    0x00006d5a      0x6d7 build/stm32f1xx_hal_gpio.o
 .debug_info    0x00007431      0x8d5 build/stm32f1xx_hal_dma.o
 .debug_info    0x00007d06      0xe3f build/stm32f1xx_hal_cortex.o
 .debug_info    0x00008b45     0x4146 build/stm32f1xx_hal_tim.o
 .debug_info    0x0000cc8b     0x1d4f build/stm32f1xx_hal_tim_ex.o
 .debug_info    0x0000e9da     0x430f build/stm32f1xx_hal_uart.o
 .debug_info    0x00012ce9     0x1f87 build/stm32f1xx_hal_pcd.o
 .debug_info    0x00014c70     0x1d36 build/stm32f1xx_ll_usb.o
 .debug_info    0x000169a6      0x26e build/system_stm32f1xx.o
 .debug_info    0x00016c14       0x30 build/startup_stm32f103xb.o

.debug_abbrev   0x00000000     0x289d
 .debug_abbrev  0x00000000      0x339 build/main.o
 .debug_abbrev  0x00000339      0x197 build/stm32f1xx_it.o
 .debug_abbrev  0x000004d0      0x283 build/stm32f1xx_hal_msp.o
 .debug_abbrev  0x00000753      0x282 build/stm32f1xx_hal_adc.o
 .debug_abbrev  0x000009d5      0x232 build/stm32f1xx_hal.o
 .debug_abbrev  0x00000c07      0x2d6 build/stm32f1xx_hal_rcc.o
 .debug_abbrev  0x00000edd      0x1d4 build/stm32f1xx_hal_rcc_ex.o
 .debug_abbrev  0x000010b1      0x222 build/stm32f1xx_hal_gpio.o
 .debug_abbrev  0x000012d3      0x261 build/stm32f1xx_hal_dma.o
 .debug_abbrev  0x00001534      0x3aa build/stm32f1xx_hal_cortex.o
 .debug_abbrev  0x000018de      0x2bd build/stm32f1xx_hal_tim.o
 .debug_abbrev  0x00001b9b      0x2b7 build/stm32f1xx_hal_tim_ex.o
 .debug_abbrev  0x00001e52      0x35f build/stm32f1xx_hal_uart.o
 .debug_abbrev  0x000021b1      0x32d build/stm32f1xx_hal_pcd.o
 .debug_abbrev  0x000024de      0x262 build/stm32f1xx_ll_usb.o
 .debug_abbrev  0x00002740      0x140 build/system_stm32f1xx.o
 .debug_abbrev  0x00002880       0x1d build/startup_stm32f103xb.o

.debug_loc      0x00000000    0x1471c
 .debug_loc     0x00000000      0x2ad build/main.o
 .debug_loc     0x000002ad       0x60 build/stm32f1xx_it.o
 .debug_loc     0x0000030d      0x3d0 build/stm32f1xx_hal_msp.o
 .debug_loc     0x000006dd      0xf1c build/stm32f1xx_hal_adc.o
 .debug_loc     0x000015f9      0x1f9 build/stm32f1xx_hal.o
 .debug_loc     0x000017f2      0x7c6 build/stm32f1xx_hal_rcc.o
 .debug_loc     0x00001fb8      0x4a9 build/stm32f1xx_hal_rcc_ex.o
 .debug_loc     0x00002461      0x56c build/stm32f1xx_hal_gpio.o
 .debug_loc     0x000029cd      0x990 build/stm32f1xx_hal_dma.o
 .debug_loc     0x0000335d      0x8b4 build/stm32f1xx_hal_cortex.o
 .debug_loc     0x00003c11     0x618f build/stm32f1xx_hal_tim.o
 .debug_loc     0x00009da0     0x227b build/stm32f1xx_hal_tim_ex.o
 .debug_loc     0x0000c01b     0x4ff4 build/stm32f1xx_hal_uart.o
 .debug_loc     0x0001100f     0x1aa9 build/stm32f1xx_hal_pcd.o
 .debug_loc     0x00012ab8     0x1b49 build/stm32f1xx_ll_usb.o
 .debug_loc     0x00014601      0x11b build/system_stm32f1xx.o

.debug_aranges  0x00000000      0xf30
 .debug_aranges
                0x00000000       0x68 build/main.o
 .debug_aranges
                0x00000068       0x70 build/stm32f1xx_it.o
 .debug_aranges
                0x000000d8       0x68 build/stm32f1xx_hal_msp.o
 .debug_aranges
                0x00000140       0xf0 build/stm32f1xx_hal_adc.o
 .debug_aranges
                0x00000230       0xe0 build/stm32f1xx_hal.o
 .debug_aranges
                0x00000310       0x90 build/stm32f1xx_hal_rcc.o
 .debug_aranges
                0x000003a0       0x30 build/stm32f1xx_hal_rcc_ex.o
 .debug_aranges
                0x000003d0       0x58 build/stm32f1xx_hal_gpio.o
 .debug_aranges
                0x00000428       0x80 build/stm32f1xx_hal_dma.o
 .debug_aranges
                0x000004a8       0xc0 build/stm32f1xx_hal_cortex.o
 .debug_aranges
                0x00000568      0x3d0 build/stm32f1xx_hal_tim.o
 .debug_aranges
                0x00000938      0x168 build/stm32f1xx_hal_tim_ex.o
 .debug_aranges
                0x00000aa0      0x208 build/stm32f1xx_hal_uart.o
 .debug_aranges
                0x00000ca8      0x140 build/stm32f1xx_hal_pcd.o
 .debug_aranges
                0x00000de8       0xf8 build/stm32f1xx_ll_usb.o
 .debug_aranges
                0x00000ee0       0x28 build/system_stm32f1xx.o
 .debug_aranges
                0x00000f08       0x28 build/startup_stm32f103xb.o

.debug_ranges   0x00000000     0x11f0
 .debug_ranges  0x00000000       0x88 build/main.o
 .debug_ranges  0x00000088       0x60 build/stm32f1xx_it.o
 .debug_ranges  0x000000e8       0x58 build/stm32f1xx_hal_msp.o
 .debug_ranges  0x00000140       0xe0 build/stm32f1xx_hal_adc.o
 .debug_ranges  0x00000220       0xd0 build/stm32f1xx_hal.o
 .debug_ranges  0x000002f0       0xa0 build/stm32f1xx_hal_rcc.o
 .debug_ranges  0x00000390       0x38 build/stm32f1xx_hal_rcc_ex.o
 .debug_ranges  0x000003c8       0x48 build/stm32f1xx_hal_gpio.o
 .debug_ranges  0x00000410       0x70 build/stm32f1xx_hal_dma.o
 .debug_ranges  0x00000480       0xb0 build/stm32f1xx_hal_cortex.o
 .debug_ranges  0x00000530      0x3c0 build/stm32f1xx_hal_tim.o
 .debug_ranges  0x000008f0      0x158 build/stm32f1xx_hal_tim_ex.o
 .debug_ranges  0x00000a48      0x210 build/stm32f1xx_hal_uart.o
 .debug_ranges  0x00000c58      0x240 build/stm32f1xx_hal_pcd.o
 .debug_ranges  0x00000e98      0x320 build/stm32f1xx_ll_usb.o
 .debug_ranges  0x000011b8       0x18 build/system_stm32f1xx.o
 .debug_ranges  0x000011d0       0x20 build/startup_stm32f103xb.o

.debug_line     0x00000000    0x11c5d
 .debug_line    0x00000000      0x94e build/main.o
 .debug_line    0x0000094e      0x36a build/stm32f1xx_it.o
 .debug_line    0x00000cb8      0x547 build/stm32f1xx_hal_msp.o
 .debug_line    0x000011ff      0xf0c build/stm32f1xx_hal_adc.o
 .debug_line    0x0000210b      0x5b6 build/stm32f1xx_hal.o
 .debug_line    0x000026c1      0xd32 build/stm32f1xx_hal_rcc.o
 .debug_line    0x000033f3      0x532 build/stm32f1xx_hal_rcc_ex.o
 .debug_line    0x00003925      0x658 build/stm32f1xx_hal_gpio.o
 .debug_line    0x00003f7d      0xb77 build/stm32f1xx_hal_dma.o
 .debug_line    0x00004af4      0x72f build/stm32f1xx_hal_cortex.o